Archive member included to satisfy reference by file (symbol)

c:/stm32_eclipse/stm32toolchain/gnu-arm/5.4 2016q3/bin/../lib/gcc/arm-none-eabi/5.4.1/armv7e-m\libgcc.a(_arm_addsubdf3.o)
                              ./src/main.o (__aeabi_dsub)
c:/stm32_eclipse/stm32toolchain/gnu-arm/5.4 2016q3/bin/../lib/gcc/arm-none-eabi/5.4.1/armv7e-m\libgcc.a(_arm_muldivdf3.o)
                              ./src/main.o (__aeabi_dmul)
c:/stm32_eclipse/stm32toolchain/gnu-arm/5.4 2016q3/bin/../lib/gcc/arm-none-eabi/5.4.1/armv7e-m\libgcc.a(_arm_fixdfsi.o)
                              ./src/main.o (__aeabi_d2iz)
c:/stm32_eclipse/stm32toolchain/gnu-arm/5.4 2016q3/bin/../lib/gcc/arm-none-eabi/5.4.1/../../../../arm-none-eabi/lib/armv7e-m\libg_nano.a(lib_a-errno.o)
                              ./system/src/newlib/_sbrk.o (__errno)
c:/stm32_eclipse/stm32toolchain/gnu-arm/5.4 2016q3/bin/../lib/gcc/arm-none-eabi/5.4.1/../../../../arm-none-eabi/lib/armv7e-m\libg_nano.a(lib_a-impure.o)
                              c:/stm32_eclipse/stm32toolchain/gnu-arm/5.4 2016q3/bin/../lib/gcc/arm-none-eabi/5.4.1/../../../../arm-none-eabi/lib/armv7e-m\libg_nano.a(lib_a-errno.o) (_impure_ptr)
c:/stm32_eclipse/stm32toolchain/gnu-arm/5.4 2016q3/bin/../lib/gcc/arm-none-eabi/5.4.1/../../../../arm-none-eabi/lib/armv7e-m\libg_nano.a(lib_a-sprintf.o)
                              ./src/main.o (sprintf)
c:/stm32_eclipse/stm32toolchain/gnu-arm/5.4 2016q3/bin/../lib/gcc/arm-none-eabi/5.4.1/../../../../arm-none-eabi/lib/armv7e-m\libg_nano.a(lib_a-strcpy.o)
                              ./src/main.o (strcpy)
c:/stm32_eclipse/stm32toolchain/gnu-arm/5.4 2016q3/bin/../lib/gcc/arm-none-eabi/5.4.1/../../../../arm-none-eabi/lib/armv7e-m\libg_nano.a(lib_a-strlen.o)
                              ./system/src/diag/Trace.o (strlen)
c:/stm32_eclipse/stm32toolchain/gnu-arm/5.4 2016q3/bin/../lib/gcc/arm-none-eabi/5.4.1/../../../../arm-none-eabi/lib/armv7e-m\libg_nano.a(lib_a-vsnprintf.o)
                              ./system/src/diag/Trace.o (vsnprintf)
c:/stm32_eclipse/stm32toolchain/gnu-arm/5.4 2016q3/bin/../lib/gcc/arm-none-eabi/5.4.1/../../../../arm-none-eabi/lib/armv7e-m\libg_nano.a(lib_a-nano-svfprintf.o)
                              c:/stm32_eclipse/stm32toolchain/gnu-arm/5.4 2016q3/bin/../lib/gcc/arm-none-eabi/5.4.1/../../../../arm-none-eabi/lib/armv7e-m\libg_nano.a(lib_a-sprintf.o) (_svfprintf_r)
c:/stm32_eclipse/stm32toolchain/gnu-arm/5.4 2016q3/bin/../lib/gcc/arm-none-eabi/5.4.1/../../../../arm-none-eabi/lib/armv7e-m\libg_nano.a(lib_a-nano-vfprintf_i.o)
                              c:/stm32_eclipse/stm32toolchain/gnu-arm/5.4 2016q3/bin/../lib/gcc/arm-none-eabi/5.4.1/../../../../arm-none-eabi/lib/armv7e-m\libg_nano.a(lib_a-nano-svfprintf.o) (_printf_i)
c:/stm32_eclipse/stm32toolchain/gnu-arm/5.4 2016q3/bin/../lib/gcc/arm-none-eabi/5.4.1/../../../../arm-none-eabi/lib/armv7e-m\libg_nano.a(lib_a-memchr.o)
                              c:/stm32_eclipse/stm32toolchain/gnu-arm/5.4 2016q3/bin/../lib/gcc/arm-none-eabi/5.4.1/../../../../arm-none-eabi/lib/armv7e-m\libg_nano.a(lib_a-nano-svfprintf.o) (memchr)
c:/stm32_eclipse/stm32toolchain/gnu-arm/5.4 2016q3/bin/../lib/gcc/arm-none-eabi/5.4.1/../../../../arm-none-eabi/lib/armv7e-m\libg_nano.a(lib_a-memcpy-stub.o)
                              c:/stm32_eclipse/stm32toolchain/gnu-arm/5.4 2016q3/bin/../lib/gcc/arm-none-eabi/5.4.1/../../../../arm-none-eabi/lib/armv7e-m\libg_nano.a(lib_a-nano-svfprintf.o) (memcpy)
c:/stm32_eclipse/stm32toolchain/gnu-arm/5.4 2016q3/bin/../lib/gcc/arm-none-eabi/5.4.1/../../../../arm-none-eabi/lib/armv7e-m\libg_nano.a(lib_a-memmove.o)
                              c:/stm32_eclipse/stm32toolchain/gnu-arm/5.4 2016q3/bin/../lib/gcc/arm-none-eabi/5.4.1/../../../../arm-none-eabi/lib/armv7e-m\libg_nano.a(lib_a-nano-svfprintf.o) (memmove)
c:/stm32_eclipse/stm32toolchain/gnu-arm/5.4 2016q3/bin/../lib/gcc/arm-none-eabi/5.4.1/../../../../arm-none-eabi/lib/armv7e-m\libg_nano.a(lib_a-nano-freer.o)
                              c:/stm32_eclipse/stm32toolchain/gnu-arm/5.4 2016q3/bin/../lib/gcc/arm-none-eabi/5.4.1/../../../../arm-none-eabi/lib/armv7e-m\libg_nano.a(lib_a-nano-svfprintf.o) (_free_r)
c:/stm32_eclipse/stm32toolchain/gnu-arm/5.4 2016q3/bin/../lib/gcc/arm-none-eabi/5.4.1/../../../../arm-none-eabi/lib/armv7e-m\libg_nano.a(lib_a-nano-mallocr.o)
                              c:/stm32_eclipse/stm32toolchain/gnu-arm/5.4 2016q3/bin/../lib/gcc/arm-none-eabi/5.4.1/../../../../arm-none-eabi/lib/armv7e-m\libg_nano.a(lib_a-nano-svfprintf.o) (_malloc_r)
c:/stm32_eclipse/stm32toolchain/gnu-arm/5.4 2016q3/bin/../lib/gcc/arm-none-eabi/5.4.1/../../../../arm-none-eabi/lib/armv7e-m\libg_nano.a(lib_a-nano-reallocr.o)
                              c:/stm32_eclipse/stm32toolchain/gnu-arm/5.4 2016q3/bin/../lib/gcc/arm-none-eabi/5.4.1/../../../../arm-none-eabi/lib/armv7e-m\libg_nano.a(lib_a-nano-svfprintf.o) (_realloc_r)
[...]
Memory Configuration

Name             Origin             Length             Attributes
RAM              0x20000000         0x00020000         xrw
CCMRAM           0x10000000         0x00010000         xrw
FLASH            0x08000000         0x00100000         xr
FLASHB1          0x00000000         0x00000000         xr
EXTMEMB0         0x00000000         0x00000000         xr
EXTMEMB1         0x00000000         0x00000000         xr
EXTMEMB2         0x00000000         0x00000000         xr
EXTMEMB3         0x00000000         0x00000000         xr
MEMORY_ARRAY     0x20002000         0x00000020         xrw
*default*        0x00000000         0xffffffff

Linker script and memory map

LOAD ./system/src/stm32f4-hal/stm32f4xx_hal.o
LOAD ./system/src/stm32f4-hal/stm32f4xx_hal_adc.o
LOAD ./system/src/stm32f4-hal/stm32f4xx_hal_adc_ex.o
LOAD ./system/src/stm32f4-hal/stm32f4xx_hal_cortex.o
LOAD ./system/src/stm32f4-hal/stm32f4xx_hal_dfsdm.o
LOAD ./system/src/stm32f4-hal/stm32f4xx_hal_dma.o
LOAD ./system/src/stm32f4-hal/stm32f4xx_hal_dma_ex.o
LOAD ./system/src/stm32f4-hal/stm32f4xx_hal_flash.o
LOAD ./system/src/stm32f4-hal/stm32f4xx_hal_gpio.o
LOAD ./system/src/stm32f4-hal/stm32f4xx_hal_i2c.o
LOAD ./system/src/stm32f4-hal/stm32f4xx_hal_i2c_ex.o
LOAD ./system/src/stm32f4-hal/stm32f4xx_hal_iwdg.o
LOAD ./system/src/stm32f4-hal/stm32f4xx_hal_pwr.o
LOAD ./system/src/stm32f4-hal/stm32f4xx_hal_rcc.o
LOAD ./system/src/stm32f4-hal/stm32f4xx_hal_tim.o
LOAD ./system/src/stm32f4-hal/stm32f4xx_hal_tim_ex.o
LOAD ./system/src/stm32f4-hal/stm32f4xx_hal_uart.o
LOAD ./system/src/stm32f4-hal/stm32f4xx_hal_usart.o
LOAD ./system/src/newlib/_cxx.o
LOAD ./system/src/newlib/_exit.o
LOAD ./system/src/newlib/_sbrk.o
LOAD ./system/src/newlib/_startup.o
LOAD ./system/src/newlib/_syscalls.o
LOAD ./system/src/newlib/assert.o
LOAD ./system/src/diag/Trace.o
LOAD ./system/src/diag/trace_impl.o
LOAD ./system/src/cortexm/_initialize_hardware.o
LOAD ./system/src/cortexm/_reset_hardware.o
LOAD ./system/src/cortexm/exception_handlers.o
LOAD ./system/src/cmsis/system_stm32f4xx.o
LOAD ./system/src/cmsis/vectors_stm32f405xx.o
LOAD ./src/_initialize_hardware.o
LOAD ./src/_write.o
LOAD ./src/main.o
LOAD ./src/stm32f4xx_hal_msp.o
LOAD ./src/stm32f4xx_it.o
LOAD c:/stm32_eclipse/stm32toolchain/gnu-arm/5.4 2016q3/bin/../lib/gcc/arm-none-eabi/5.4.1/../../../../arm-none-eabi/lib/armv7e-m\libstdc++_nano.a
LOAD c:/stm32_eclipse/stm32toolchain/gnu-arm/5.4 2016q3/bin/../lib/gcc/arm-none-eabi/5.4.1/../../../../arm-none-eabi/lib/armv7e-m\libm.a
START GROUP
LOAD c:/stm32_eclipse/stm32toolchain/gnu-arm/5.4 2016q3/bin/../lib/gcc/arm-none-eabi/5.4.1/armv7e-m\libgcc.a
LOAD c:/stm32_eclipse/stm32toolchain/gnu-arm/5.4 2016q3/bin/../lib/gcc/arm-none-eabi/5.4.1/../../../../arm-none-eabi/lib/armv7e-m\libg_nano.a
LOAD c:/stm32_eclipse/stm32toolchain/gnu-arm/5.4 2016q3/bin/../lib/gcc/arm-none-eabi/5.4.1/../../../../arm-none-eabi/lib/armv7e-m\libc_nano.a
END GROUP
START GROUP
LOAD c:/stm32_eclipse/stm32toolchain/gnu-arm/5.4 2016q3/bin/../lib/gcc/arm-none-eabi/5.4.1/armv7e-m\libgcc.a
LOAD c:/stm32_eclipse/stm32toolchain/gnu-arm/5.4 2016q3/bin/../lib/gcc/arm-none-eabi/5.4.1/../../../../arm-none-eabi/lib/armv7e-m\libc_nano.a
END GROUP
                0x20020000                __stack = (ORIGIN (RAM) + LENGTH (RAM))
                0x20020000                _estack = __stack
                0x00000400                __Main_Stack_Size = 0x400
                [!provide]                PROVIDE (_Main_Stack_Size, __Main_Stack_Size)
                0x2001fc00                __Main_Stack_Limit = (__stack - __Main_Stack_Size)
                [!provide]                PROVIDE (_Main_Stack_Limit, __Main_Stack_Limit)
                0x00000100                _Minimum_Stack_Size = 0x100
                0x20000424                PROVIDE (_Heap_Begin, _end_noinit)
                0x2001fc00                PROVIDE (_Heap_Limit, (__stack - __Main_Stack_Size))

.isr_vector     0x08000000      0x3c0
 FILL mask 0xff
                0x08000000                __vectors_start = ABSOLUTE (.)
                0x08000000                __vectors_start__ = ABSOLUTE (.)
 *(.isr_vector)
 .isr_vector    0x08000000      0x188 ./system/src/cmsis/vectors_stm32f405xx.o
                0x08000000                __isr_vectors
 *(.cfmconfig)
 *(.after_vectors .after_vectors.*)
 .after_vectors
                0x08000188      0x130 ./system/src/newlib/_startup.o
                0x08000188                _start
 .after_vectors
                0x080002b8      0x104 ./system/src/cortexm/exception_handlers.o
                0x080002b8                Reset_Handler
                0x080002d8                HardFault_Handler_C
                0x08000324                BusFault_Handler_C
                0x0800036c                UsageFault_Handler_C
 .after_vectors
                0x080003bc        0x4 ./system/src/cmsis/vectors_stm32f405xx.o
                0x080003bc                RTC_Alarm_IRQHandler
                0x080003bc                HASH_RNG_IRQHandler
                0x080003bc                EXTI2_IRQHandler
                0x080003bc                TIM8_CC_IRQHandler
                0x080003bc                TIM1_CC_IRQHandler
                0x080003bc                DMA2_Stream5_IRQHandler
                0x080003bc                DMA1_Stream5_IRQHandler
                0x080003bc                PVD_IRQHandler
                0x080003bc                SDIO_IRQHandler
                0x080003bc                TAMP_STAMP_IRQHandler
                0x080003bc                CAN2_RX1_IRQHandler
                0x080003bc                EXTI3_IRQHandler
                0x080003bc                TIM8_TRG_COM_TIM14_IRQHandler
                0x080003bc                TIM1_UP_TIM10_IRQHandler
                0x080003bc                TIM8_UP_TIM13_IRQHandler
                0x080003bc                I2C3_ER_IRQHandler
                0x080003bc                EXTI0_IRQHandler
                0x080003bc                I2C2_EV_IRQHandler
                0x080003bc                DMA1_Stream2_IRQHandler
                0x080003bc                CAN1_RX0_IRQHandler
                0x080003bc                FPU_IRQHandler
                0x080003bc                OTG_HS_WKUP_IRQHandler
                0x080003bc                CAN2_SCE_IRQHandler
                0x080003bc                DMA2_Stream2_IRQHandler
                0x080003bc                SPI1_IRQHandler
                0x080003bc                TIM6_DAC_IRQHandler
                0x080003bc                TIM1_BRK_TIM9_IRQHandler
                0x080003bc                CAN2_RX0_IRQHandler
                0x080003bc                DMA2_Stream3_IRQHandler
                0x080003bc                USART6_IRQHandler
                0x080003bc                USART3_IRQHandler
                0x080003bc                CAN1_RX1_IRQHandler
                0x080003bc                UART5_IRQHandler
                0x080003bc                DMA2_Stream0_IRQHandler
                0x080003bc                TIM4_IRQHandler
                0x080003bc                I2C1_EV_IRQHandler
                0x080003bc                DMA1_Stream6_IRQHandler
                0x080003bc                DMA1_Stream1_IRQHandler
                0x080003bc                TIM3_IRQHandler
                0x080003bc                RCC_IRQHandler
                0x080003bc                TIM8_BRK_TIM12_IRQHandler
                0x080003bc                Default_Handler
                0x080003bc                EXTI15_10_IRQHandler
                0x080003bc                ADC_IRQHandler
                0x080003bc                DMA1_Stream7_IRQHandler
                0x080003bc                TIM7_IRQHandler
                0x080003bc                CAN2_TX_IRQHandler
                0x080003bc                TIM5_IRQHandler
                0x080003bc                DMA2_Stream7_IRQHandler
                0x080003bc                I2C3_EV_IRQHandler
                0x080003bc                EXTI9_5_IRQHandler
                0x080003bc                RTC_WKUP_IRQHandler
                0x080003bc                SPI2_IRQHandler
                0x080003bc                OTG_HS_EP1_IN_IRQHandler
                0x080003bc                DMA1_Stream0_IRQHandler
                0x080003bc                CAN1_TX_IRQHandler
                0x080003bc                EXTI4_IRQHandler
                0x080003bc                OTG_HS_EP1_OUT_IRQHandler
                0x080003bc                WWDG_IRQHandler
                0x080003bc                TIM2_IRQHandler
                0x080003bc                OTG_FS_WKUP_IRQHandler
                0x080003bc                TIM1_TRG_COM_TIM11_IRQHandler
                0x080003bc                OTG_HS_IRQHandler
                0x080003bc                EXTI1_IRQHandler
                0x080003bc                USART2_IRQHandler
                0x080003bc                I2C2_ER_IRQHandler
                0x080003bc                DMA2_Stream1_IRQHandler
                0x080003bc                CAN1_SCE_IRQHandler
                0x080003bc                FLASH_IRQHandler
                0x080003bc                DMA2_Stream4_IRQHandler
                0x080003bc                USART1_IRQHandler
                0x080003bc                OTG_FS_IRQHandler
                0x080003bc                SPI3_IRQHandler
                0x080003bc                DMA1_Stream4_IRQHandler
                0x080003bc                I2C1_ER_IRQHandler
                0x080003bc                FMC_IRQHandler
                0x080003bc                DMA2_Stream6_IRQHandler
                0x080003bc                DMA1_Stream3_IRQHandler

.inits          0x080003c0       0x28
                0x080003c0                __data_regions_array_start = .
                0x080003c0        0x4 LONG 0x8004344 LOADADDR (.data)
                0x080003c4        0x4 LONG 0x20000000 ADDR (.data)
                0x080003c8        0x4 LONG 0x2000008c (ADDR (.data) + SIZEOF (.data))
                0x080003cc        0x4 LONG 0x8004344 LOADADDR (.data_CCMRAM)
                0x080003d0        0x4 LONG 0x10000000 ADDR (.data_CCMRAM)
                0x080003d4        0x4 LONG 0x10000000 (ADDR (.data_CCMRAM) + SIZEOF (.data_CCMRAM))
                0x080003d8                __data_regions_array_end = .
                0x080003d8                __bss_regions_array_start = .
                0x080003d8        0x4 LONG 0x2000008c ADDR (.bss)
                0x080003dc        0x4 LONG 0x20000424 (ADDR (.bss) + SIZEOF (.bss))
                0x080003e0        0x4 LONG 0x10000000 ADDR (.bss_CCMRAM)
                0x080003e4        0x4 LONG 0x10000000 (ADDR (.bss_CCMRAM) + SIZEOF (.bss_CCMRAM))
                0x080003e8                __bss_regions_array_end = .
 *(.init)
 *(.fini)
                0x080003e8                . = ALIGN (0x4)
                0x080003e8                PROVIDE (__preinit_array_start, .)
 *(.preinit_array_sysinit .preinit_array_sysinit.*)
 *(.preinit_array_platform .preinit_array_platform.*)
 *(.preinit_array .preinit_array.*)
                0x080003e8                PROVIDE (__preinit_array_end, .)
                0x080003e8                . = ALIGN (0x4)
                0x080003e8                PROVIDE (__init_array_start, .)
 *(SORT(.init_array.*))
 *(.init_array)
                0x080003e8                PROVIDE (__init_array_end, .)
                0x080003e8                . = ALIGN (0x4)
                0x080003e8                PROVIDE (__fini_array_start, .)
 *(SORT(.fini_array.*))
 *(.fini_array)
                0x080003e8                PROVIDE (__fini_array_end, .)

.flashtext
 *(.flashtext .flashtext.*)

.text           0x080003f0     0x3f53
 *(.text .text.*)
 .text.HAL_InitTick
                0x080003f0       0x2c ./system/src/stm32f4-hal/stm32f4xx_hal.o
                0x080003f0                HAL_InitTick
 .text.HAL_Init
                0x0800041c       0x34 ./system/src/stm32f4-hal/stm32f4xx_hal.o
                0x0800041c                HAL_Init
 .text.HAL_IncTick
                0x08000450       0x10 ./system/src/stm32f4-hal/stm32f4xx_hal.o
                0x08000450                HAL_IncTick
 .text.HAL_GetTick
                0x08000460        0xc ./system/src/stm32f4-hal/stm32f4xx_hal.o
                0x08000460                HAL_GetTick
 .text.HAL_NVIC_SetPriorityGrouping
                0x0800046c       0x3c ./system/src/stm32f4-hal/stm32f4xx_hal_cortex.o
                0x0800046c                HAL_NVIC_SetPriorityGrouping
 .text.HAL_NVIC_SetPriority
                0x080004a8       0x84 ./system/src/stm32f4-hal/stm32f4xx_hal_cortex.o
                0x080004a8                HAL_NVIC_SetPriority
 .text.HAL_NVIC_EnableIRQ
                0x0800052c       0x2c ./system/src/stm32f4-hal/stm32f4xx_hal_cortex.o
                0x0800052c                HAL_NVIC_EnableIRQ
 .text.HAL_SYSTICK_Config
                0x08000558       0x2c ./system/src/stm32f4-hal/stm32f4xx_hal_cortex.o
                0x08000558                HAL_SYSTICK_Config
 .text.HAL_SYSTICK_CLKSourceConfig
                0x08000584       0x38 ./system/src/stm32f4-hal/stm32f4xx_hal_cortex.o
                0x08000584                HAL_SYSTICK_CLKSourceConfig
 .text.HAL_DMA_Abort_IT
                0x080005bc       0x28 ./system/src/stm32f4-hal/stm32f4xx_hal_dma.o
                0x080005bc                HAL_DMA_Abort_IT
 .text.HAL_GPIO_Init
                0x080005e4      0x324 ./system/src/stm32f4-hal/stm32f4xx_hal_gpio.o
                0x080005e4                HAL_GPIO_Init
 .text.HAL_GPIO_WritePin
                0x08000908       0x34 ./system/src/stm32f4-hal/stm32f4xx_hal_gpio.o
                0x08000908                HAL_GPIO_WritePin
 .text.I2C_IsAcknowledgeFailed
                0x0800093c       0x2c ./system/src/stm32f4-hal/stm32f4xx_hal_i2c.o
 .text.I2C_WaitOnFlagUntilTimeout
                0x08000968       0x64 ./system/src/stm32f4-hal/stm32f4xx_hal_i2c.o
 .text.I2C_WaitOnMasterAddressFlagUntilTimeout
                0x080009cc       0x94 ./system/src/stm32f4-hal/stm32f4xx_hal_i2c.o
 .text.I2C_MasterRequestWrite
                0x08000a60       0xbc ./system/src/stm32f4-hal/stm32f4xx_hal_i2c.o
 .text.I2C_MasterRequestRead
                0x08000b1c      0x128 ./system/src/stm32f4-hal/stm32f4xx_hal_i2c.o
 .text.I2C_WaitOnTXEFlagUntilTimeout
                0x08000c44       0x50 ./system/src/stm32f4-hal/stm32f4xx_hal_i2c.o
 .text.I2C_WaitOnBTFFlagUntilTimeout
                0x08000c94       0x50 ./system/src/stm32f4-hal/stm32f4xx_hal_i2c.o
 .text.I2C_WaitOnRXNEFlagUntilTimeout
                0x08000ce4       0x60 ./system/src/stm32f4-hal/stm32f4xx_hal_i2c.o
 .text.HAL_I2C_MspInit
                0x08000d44        0x4 ./system/src/stm32f4-hal/stm32f4xx_hal_i2c.o
                0x08000d44                HAL_I2C_MspInit
 .text.HAL_I2C_Init
                0x08000d48      0x1e8 ./system/src/stm32f4-hal/stm32f4xx_hal_i2c.o
                0x08000d48                HAL_I2C_Init
 .text.HAL_I2C_Master_Transmit
                0x08000f30      0x154 ./system/src/stm32f4-hal/stm32f4xx_hal_i2c.o
                0x08000f30                HAL_I2C_Master_Transmit
 .text.HAL_I2C_Master_Receive
                0x08001084      0x254 ./system/src/stm32f4-hal/stm32f4xx_hal_i2c.o
                0x08001084                HAL_I2C_Master_Receive
 .text.HAL_RCC_OscConfig
                0x080012d8      0x448 ./system/src/stm32f4-hal/stm32f4xx_hal_rcc.o
                0x080012d8                HAL_RCC_OscConfig
 .text.HAL_RCC_GetSysClockFreq
                0x08001720       0xa0 ./system/src/stm32f4-hal/stm32f4xx_hal_rcc.o
                0x08001720                HAL_RCC_GetSysClockFreq
 .text.HAL_RCC_ClockConfig
                0x080017c0      0x264 ./system/src/stm32f4-hal/stm32f4xx_hal_rcc.o
                0x080017c0                HAL_RCC_ClockConfig
 .text.HAL_RCC_GetHCLKFreq
                0x08001a24        0xc ./system/src/stm32f4-hal/stm32f4xx_hal_rcc.o
                0x08001a24                HAL_RCC_GetHCLKFreq
 .text.HAL_RCC_GetPCLK1Freq
                0x08001a30       0x30 ./system/src/stm32f4-hal/stm32f4xx_hal_rcc.o
                0x08001a30                HAL_RCC_GetPCLK1Freq
 .text.HAL_RCC_GetPCLK2Freq
                0x08001a60       0x30 ./system/src/stm32f4-hal/stm32f4xx_hal_rcc.o
                0x08001a60                HAL_RCC_GetPCLK2Freq
 .text.UART_EndRxTransfer
                0x08001a90       0x1c ./system/src/stm32f4-hal/stm32f4xx_hal_uart.o
 .text.UART_Transmit_IT
                0x08001aac       0x68 ./system/src/stm32f4-hal/stm32f4xx_hal_uart.o
 .text.UART_SetConfig
                0x08001b14      0x390 ./system/src/stm32f4-hal/stm32f4xx_hal_uart.o
 .text.UART_WaitOnFlagUntilTimeout
                0x08001ea4       0x68 ./system/src/stm32f4-hal/stm32f4xx_hal_uart.o
 .text.HAL_UART_MspInit
                0x08001f0c        0x4 ./system/src/stm32f4-hal/stm32f4xx_hal_uart.o
                0x08001f0c                HAL_UART_MspInit
 .text.HAL_UART_Init
                0x08001f10      0x120 ./system/src/stm32f4-hal/stm32f4xx_hal_uart.o
                0x08001f10                HAL_UART_Init
 .text.HAL_UART_Transmit
                0x08002030       0xd8 ./system/src/stm32f4-hal/stm32f4xx_hal_uart.o
                0x08002030                HAL_UART_Transmit
 .text.HAL_UART_Receive_IT
                0x08002108       0x5c ./system/src/stm32f4-hal/stm32f4xx_hal_uart.o
                0x08002108                HAL_UART_Receive_IT
 .text.HAL_UART_TxCpltCallback
                0x08002164        0x4 ./system/src/stm32f4-hal/stm32f4xx_hal_uart.o
                0x08002164                HAL_UART_TxCpltCallback
 .text.UART_EndTransmit_IT
                0x08002168       0x1c ./system/src/stm32f4-hal/stm32f4xx_hal_uart.o
 .text.UART_Receive_IT
                0x08002184       0x94 ./system/src/stm32f4-hal/stm32f4xx_hal_uart.o
 .text.HAL_UART_ErrorCallback
                0x08002218        0x4 ./system/src/stm32f4-hal/stm32f4xx_hal_uart.o
                0x08002218                HAL_UART_ErrorCallback
 .text.HAL_UART_IRQHandler
                0x0800221c      0x124 ./system/src/stm32f4-hal/stm32f4xx_hal_uart.o
                0x0800221c                HAL_UART_IRQHandler
 .text.UART_DMAAbortOnError
                0x08002340       0x10 ./system/src/stm32f4-hal/stm32f4xx_hal_uart.o
 .text._exit    0x08002350        0x4 ./system/src/newlib/_exit.o
                0x08002350                _exit
 .text.abort    0x08002354       0x14 ./system/src/newlib/_exit.o
                0x08002354                abort
 .text._sbrk    0x08002368       0x44 ./system/src/newlib/_sbrk.o
                0x08002368                _sbrk
 .text.__initialize_args
                0x080023ac       0x10 ./system/src/newlib/_syscalls.o
                0x080023ac                __initialize_args
 .text.assert_failed
                0x080023bc       0x14 ./system/src/newlib/assert.o
                0x080023bc                assert_failed
 .text.trace_printf
                0x080023d0       0x30 ./system/src/diag/Trace.o
                0x080023d0                trace_printf
 .text.trace_puts
                0x08002400       0x20 ./system/src/diag/Trace.o
                0x08002400                trace_puts
 .text._trace_write_itm
                0x08002420       0x48 ./system/src/diag/trace_impl.o
 .text.trace_write
                0x08002468        0x8 ./system/src/diag/trace_impl.o
                0x08002468                trace_write
 .text.__initialize_hardware_early
                0x08002470       0x18 ./system/src/cortexm/_initialize_hardware.o
                0x08002470                __initialize_hardware_early
 .text.dumpExceptionStack
                0x08002488       0xf0 ./system/src/cortexm/exception_handlers.o
                0x08002488                dumpExceptionStack
 .text.SystemInit
                0x08002578       0x40 ./system/src/cmsis/system_stm32f4xx.o
                0x08002578                SystemInit
 .text.SystemCoreClockUpdate
                0x080025b8       0xa0 ./system/src/cmsis/system_stm32f4xx.o
                0x080025b8                SystemCoreClockUpdate
 .text.SystemClock_Config
                0x08002658       0xa8 ./src/_initialize_hardware.o
                0x08002658                SystemClock_Config
 .text.__initialize_hardware
                0x08002700       0x10 ./src/_initialize_hardware.o
                0x08002700                __initialize_hardware
 .text.I2C_config
                0x08002710       0x8c ./src/main.o
                0x08002710                I2C_config
 .text.i2cGetTemp
                0x0800279c       0x44 ./src/main.o
                0x0800279c                i2cGetTemp
 .text.ms_delay_int_count
                0x080027e0       0x24 ./src/main.o
                0x080027e0                ms_delay_int_count
 .text.us_delay_int_count
                0x08002804       0x20 ./src/main.o
                0x08002804                us_delay_int_count
 .text.open_led
                0x08002824       0x44 ./src/main.o
                0x08002824                open_led
 .text.open_dc_motor
                0x08002868       0x80 ./src/main.o
                0x08002868                open_dc_motor
 .text.CLCD_write
                0x080028e8       0xe4 ./src/main.o
                0x080028e8                CLCD_write
 .text.CLCD_init
                0x080029cc       0x50 ./src/main.o
                0x080029cc                CLCD_init
 .text.CLCD_config
                0x08002a1c       0x60 ./src/main.o
                0x08002a1c                CLCD_config
 .text.open_clcd
                0x08002a7c       0x10 ./src/main.o
                0x08002a7c                open_clcd
 .text.USART1_config
                0x08002a8c       0x84 ./src/main.o
                0x08002a8c                USART1_config
 .text.UART4_config
                0x08002b10       0x90 ./src/main.o
                0x08002b10                UART4_config
 .text.board_initialize
                0x08002ba0       0x14 ./src/main.o
                0x08002ba0                board_initialize
 .text.sprintfTemp
                0x08002bb4       0x64 ./src/main.o
                0x08002bb4                sprintfTemp
 .text.BT_config
                0x08002c18       0x5c ./src/main.o
                0x08002c18                BT_config
 .text.main     0x08002c74       0x50 ./src/main.o
                0x08002c74                main
 *fill*         0x08002cc4        0x4 
 .text.HAL_UART_RxCpltCallback
                0x08002cc8      0x110 ./src/main.o
                0x08002cc8                HAL_UART_RxCpltCallback
 .text.HAL_MspInit
                0x08002dd8        0x4 ./src/stm32f4xx_hal_msp.o
                0x08002dd8                HAL_MspInit
 .text.NMI_Handler
                0x08002ddc        0x4 ./src/stm32f4xx_it.o
                0x08002ddc                NMI_Handler
 .text.HardFault_Handler
                0x08002de0        0x4 ./src/stm32f4xx_it.o
                0x08002de0                HardFault_Handler
 .text.MemManage_Handler
                0x08002de4        0x4 ./src/stm32f4xx_it.o
                0x08002de4                MemManage_Handler
 .text.BusFault_Handler
                0x08002de8        0x4 ./src/stm32f4xx_it.o
                0x08002de8                BusFault_Handler
 .text.UsageFault_Handler
                0x08002dec        0x4 ./src/stm32f4xx_it.o
                0x08002dec                UsageFault_Handler
 .text.SVC_Handler
                0x08002df0        0x4 ./src/stm32f4xx_it.o
                0x08002df0                SVC_Handler
 .text.DebugMon_Handler
                0x08002df4        0x4 ./src/stm32f4xx_it.o
                0x08002df4                DebugMon_Handler
 .text.PendSV_Handler
                0x08002df8        0x4 ./src/stm32f4xx_it.o
                0x08002df8                PendSV_Handler
 .text.SysTick_Handler
                0x08002dfc        0x8 ./src/stm32f4xx_it.o
                0x08002dfc                SysTick_Handler
 .text.UART4_IRQHandler
                0x08002e04       0x10 ./src/stm32f4xx_it.o
                0x08002e04                UART4_IRQHandler
 .text          0x08002e14      0x370 c:/stm32_eclipse/stm32toolchain/gnu-arm/5.4 2016q3/bin/../lib/gcc/arm-none-eabi/5.4.1/armv7e-m\libgcc.a(_arm_addsubdf3.o)
                0x08002e14                __aeabi_drsub
                0x08002e1c                __aeabi_dsub
                0x08002e1c                __subdf3
                0x08002e20                __aeabi_dadd
                0x08002e20                __adddf3
                0x08003098                __floatunsidf
                0x08003098                __aeabi_ui2d
                0x080030b8                __floatsidf
                0x080030b8                __aeabi_i2d
                0x080030dc                __aeabi_f2d
                0x080030dc                __extendsfdf2
                0x08003118                __floatundidf
                0x08003118                __aeabi_ul2d
                0x08003128                __floatdidf
                0x08003128                __aeabi_l2d
 .text          0x08003184      0x424 c:/stm32_eclipse/stm32toolchain/gnu-arm/5.4 2016q3/bin/../lib/gcc/arm-none-eabi/5.4.1/armv7e-m\libgcc.a(_arm_muldivdf3.o)
                0x08003184                __aeabi_dmul
                0x08003184                __muldf3
                0x080033d8                __divdf3
                0x080033d8                __aeabi_ddiv
 .text          0x080035a8       0x50 c:/stm32_eclipse/stm32toolchain/gnu-arm/5.4 2016q3/bin/../lib/gcc/arm-none-eabi/5.4.1/armv7e-m\libgcc.a(_arm_fixdfsi.o)
                0x080035a8                __aeabi_d2iz
                0x080035a8                __fixdfsi
 .text.__errno  0x080035f8        0xc c:/stm32_eclipse/stm32toolchain/gnu-arm/5.4 2016q3/bin/../lib/gcc/arm-none-eabi/5.4.1/../../../../arm-none-eabi/lib/armv7e-m\libg_nano.a(lib_a-errno.o)
                0x080035f8                __errno
 .text.sprintf  0x08003604       0x48 c:/stm32_eclipse/stm32toolchain/gnu-arm/5.4 2016q3/bin/../lib/gcc/arm-none-eabi/5.4.1/../../../../arm-none-eabi/lib/armv7e-m\libg_nano.a(lib_a-sprintf.o)
                0x08003604                siprintf
                0x08003604                sprintf
 .text.strcpy   0x0800364c       0x10 c:/stm32_eclipse/stm32toolchain/gnu-arm/5.4 2016q3/bin/../lib/gcc/arm-none-eabi/5.4.1/../../../../arm-none-eabi/lib/armv7e-m\libg_nano.a(lib_a-strcpy.o)
                0x0800364c                strcpy
 .text          0x0800365c       0x10 c:/stm32_eclipse/stm32toolchain/gnu-arm/5.4 2016q3/bin/../lib/gcc/arm-none-eabi/5.4.1/../../../../arm-none-eabi/lib/armv7e-m\libg_nano.a(lib_a-strlen.o)
                0x0800365c                strlen
 .text._vsnprintf_r
                0x0800366c       0x56 c:/stm32_eclipse/stm32toolchain/gnu-arm/5.4 2016q3/bin/../lib/gcc/arm-none-eabi/5.4.1/../../../../arm-none-eabi/lib/armv7e-m\libg_nano.a(lib_a-vsnprintf.o)
                0x0800366c                _vsniprintf_r
                0x0800366c                _vsnprintf_r
 *fill*         0x080036c2        0x2 
 .text.vsnprintf
                0x080036c4       0x1c c:/stm32_eclipse/stm32toolchain/gnu-arm/5.4 2016q3/bin/../lib/gcc/arm-none-eabi/5.4.1/../../../../arm-none-eabi/lib/armv7e-m\libg_nano.a(lib_a-vsnprintf.o)
                0x080036c4                vsniprintf
                0x080036c4                vsnprintf
 .text.__ssputs_r
                0x080036e0       0xb2 c:/stm32_eclipse/stm32toolchain/gnu-arm/5.4 2016q3/bin/../lib/gcc/arm-none-eabi/5.4.1/../../../../arm-none-eabi/lib/armv7e-m\libg_nano.a(lib_a-nano-svfprintf.o)
                0x080036e0                __ssputs_r
 *fill*         0x08003792        0x2 
 .text._svfprintf_r
                0x08003794      0x1e8 c:/stm32_eclipse/stm32toolchain/gnu-arm/5.4 2016q3/bin/../lib/gcc/arm-none-eabi/5.4.1/../../../../arm-none-eabi/lib/armv7e-m\libg_nano.a(lib_a-nano-svfprintf.o)
                0x08003794                _svfiprintf_r
                0x08003794                _svfprintf_r
 .text._printf_common
                0x0800397c       0xec c:/stm32_eclipse/stm32toolchain/gnu-arm/5.4 2016q3/bin/../lib/gcc/arm-none-eabi/5.4.1/../../../../arm-none-eabi/lib/armv7e-m\libg_nano.a(lib_a-nano-vfprintf_i.o)
                0x0800397c                _printf_common
 .text._printf_i
                0x08003a68      0x24c c:/stm32_eclipse/stm32toolchain/gnu-arm/5.4 2016q3/bin/../lib/gcc/arm-none-eabi/5.4.1/../../../../arm-none-eabi/lib/armv7e-m\libg_nano.a(lib_a-nano-vfprintf_i.o)
                0x08003a68                _printf_i
 *fill*         0x08003cb4        0xc 
 .text          0x08003cc0       0xa0 c:/stm32_eclipse/stm32toolchain/gnu-arm/5.4 2016q3/bin/../lib/gcc/arm-none-eabi/5.4.1/../../../../arm-none-eabi/lib/armv7e-m\libg_nano.a(lib_a-memchr.o)
                0x08003cc0                memchr
 .text.memcpy   0x08003d60       0x16 c:/stm32_eclipse/stm32toolchain/gnu-arm/5.4 2016q3/bin/../lib/gcc/arm-none-eabi/5.4.1/../../../../arm-none-eabi/lib/armv7e-m\libg_nano.a(lib_a-memcpy-stub.o)
                0x08003d60                memcpy
 .text.memmove  0x08003d76       0x36 c:/stm32_eclipse/stm32toolchain/gnu-arm/5.4 2016q3/bin/../lib/gcc/arm-none-eabi/5.4.1/../../../../arm-none-eabi/lib/armv7e-m\libg_nano.a(lib_a-memmove.o)
                0x08003d76                memmove
 .text._free_r  0x08003dac       0x9c c:/stm32_eclipse/stm32toolchain/gnu-arm/5.4 2016q3/bin/../lib/gcc/arm-none-eabi/5.4.1/../../../../arm-none-eabi/lib/armv7e-m\libg_nano.a(lib_a-nano-freer.o)
                0x08003dac                _free_r
 .text._malloc_r
                0x08003e48       0xbc c:/stm32_eclipse/stm32toolchain/gnu-arm/5.4 2016q3/bin/../lib/gcc/arm-none-eabi/5.4.1/../../../../arm-none-eabi/lib/armv7e-m\libg_nano.a(lib_a-nano-mallocr.o)
                0x08003e48                _malloc_r
 .text._realloc_r
                0x08003f04       0x4c c:/stm32_eclipse/stm32toolchain/gnu-arm/5.4 2016q3/bin/../lib/gcc/arm-none-eabi/5.4.1/../../../../arm-none-eabi/lib/armv7e-m\libg_nano.a(lib_a-nano-reallocr.o)
                0x08003f04                _realloc_r
 .text._sbrk_r  0x08003f50       0x20 c:/stm32_eclipse/stm32toolchain/gnu-arm/5.4 2016q3/bin/../lib/gcc/arm-none-eabi/5.4.1/../../../../arm-none-eabi/lib/armv7e-m\libg_nano.a(lib_a-sbrkr.o)
                0x08003f50                _sbrk_r
 .text.__malloc_lock
                0x08003f70        0x2 c:/stm32_eclipse/stm32toolchain/gnu-arm/5.4 2016q3/bin/../lib/gcc/arm-none-eabi/5.4.1/../../../../arm-none-eabi/lib/armv7e-m\libg_nano.a(lib_a-mlock.o)
                0x08003f70                __malloc_lock
 .text.__malloc_unlock
                0x08003f72        0x2 c:/stm32_eclipse/stm32toolchain/gnu-arm/5.4 2016q3/bin/../lib/gcc/arm-none-eabi/5.4.1/../../../../arm-none-eabi/lib/armv7e-m\libg_nano.a(lib_a-mlock.o)
                0x08003f72                __malloc_unlock
 .text._malloc_usable_size_r
                0x08003f74       0x14 c:/stm32_eclipse/stm32toolchain/gnu-arm/5.4 2016q3/bin/../lib/gcc/arm-none-eabi/5.4.1/../../../../arm-none-eabi/lib/armv7e-m\libg_nano.a(lib_a-nano-msizer.o)
                0x08003f74                _malloc_usable_size_r
 *(.rodata .rodata.* .constdata .constdata.*)
 .rodata.str1.4
                0x08003f88       0x31 ./system/src/stm32f4-hal/stm32f4xx_hal_cortex.o
 *fill*         0x08003fb9        0x3 
 .rodata.str1.4
                0x08003fbc       0x2f ./system/src/stm32f4-hal/stm32f4xx_hal_gpio.o
 *fill*         0x08003feb        0x1 
 .rodata.str1.4
                0x08003fec       0x2e ./system/src/stm32f4-hal/stm32f4xx_hal_i2c.o
 *fill*         0x0800401a        0x2 
 .rodata.APBAHBPrescTable
                0x0800401c       0x10 ./system/src/stm32f4-hal/stm32f4xx_hal_rcc.o
                0x0800401c                APBAHBPrescTable
 .rodata.str1.4
                0x0800402c       0x2e ./system/src/stm32f4-hal/stm32f4xx_hal_rcc.o
 *fill*         0x0800405a        0x2 
 .rodata.str1.4
                0x0800405c       0x2f ./system/src/stm32f4-hal/stm32f4xx_hal_uart.o
 *fill*         0x0800408b        0x1 
 .rodata.str1.4
                0x0800408c       0x14 ./system/src/newlib/_exit.o
 .rodata.str1.4
                0x080040a0       0x6b ./system/src/newlib/assert.o
                                 0x6f (size before relaxing)
 *fill*         0x0800410b        0x1 
 .rodata.str1.4
                0x0800410c       0x29 ./system/src/diag/Trace.o
                                 0x2d (size before relaxing)
 *fill*         0x08004135        0x3 
 .rodata.str1.4
                0x08004138      0x146 ./system/src/cortexm/exception_handlers.o
 *fill*         0x0800427e        0x2 
 .rodata.AHBPrescTable
                0x08004280       0x10 ./system/src/cmsis/system_stm32f4xx.o
                0x08004280                AHBPrescTable
 .rodata.str1.4
                0x08004290       0x80 ./src/main.o
                                 0x7d (size before relaxing)
 .rodata.str1.1
                0x08004310       0x11 c:/stm32_eclipse/stm32toolchain/gnu-arm/5.4 2016q3/bin/../lib/gcc/arm-none-eabi/5.4.1/../../../../arm-none-eabi/lib/armv7e-m\libg_nano.a(lib_a-nano-svfprintf.o)
 .rodata.str1.1
                0x08004321       0x22 c:/stm32_eclipse/stm32toolchain/gnu-arm/5.4 2016q3/bin/../lib/gcc/arm-none-eabi/5.4.1/../../../../arm-none-eabi/lib/armv7e-m\libg_nano.a(lib_a-nano-vfprintf_i.o)
 *(vtable)
 *(.eh_frame*)
 *(.glue_7)
 .glue_7        0x08004343        0x0 linker stubs
 *(.glue_7t)
 .glue_7t       0x08004343        0x0 linker stubs

.vfp11_veneer   0x08004344        0x0
 .vfp11_veneer  0x08004344        0x0 linker stubs

.v4_bx          0x08004344        0x0
 .v4_bx         0x08004344        0x0 linker stubs

.iplt           0x08004344        0x0
 .iplt          0x08004344        0x0 ./system/src/stm32f4-hal/stm32f4xx_hal.o

.rel.dyn        0x08004344        0x0
 .rel.iplt      0x08004344        0x0 ./system/src/stm32f4-hal/stm32f4xx_hal.o

.ARM.extab
 *(.ARM.extab* .gnu.linkonce.armextab.*)
                0x08004344                . = ALIGN (0x4)
                0x08004344                __exidx_start = .

.ARM.exidx
 *(.ARM.exidx* .gnu.linkonce.armexidx.*)
                0x08004344                __exidx_end = .
                0x08004344                . = ALIGN (0x4)
                0x08004344                _etext = .
                0x08004344                __etext = .

.data_CCMRAM    0x10000000        0x0 load address 0x08004344
 FILL mask 0xff
 *(.data.CCMRAM .data.CCMRAM.*)
                0x10000000                . = ALIGN (0x4)
                0x08004344                _sidata = LOADADDR (.data)

.data           0x20000000       0x8c load address 0x08004344
 FILL mask 0xff
                0x20000000                _sdata = .
                0x20000000                __data_start__ = .
 *(.data_begin .data_begin.*)
 .data_begin    0x20000000        0x4 ./system/src/newlib/_startup.o
 *(.data .data.*)
 .data.argv.4290
                0x20000004        0x8 ./system/src/newlib/_syscalls.o
 .data.SystemCoreClock
                0x2000000c        0x4 ./system/src/cmsis/system_stm32f4xx.o
                0x2000000c                SystemCoreClock
 .data.uartMsg  0x20000010       0x14 ./src/main.o
                0x20000010                uartMsg
 .data.impure_data
                0x20000024       0x60 c:/stm32_eclipse/stm32toolchain/gnu-arm/5.4 2016q3/bin/../lib/gcc/arm-none-eabi/5.4.1/../../../../arm-none-eabi/lib/armv7e-m\libg_nano.a(lib_a-impure.o)
 .data._impure_ptr
                0x20000084        0x4 c:/stm32_eclipse/stm32toolchain/gnu-arm/5.4 2016q3/bin/../lib/gcc/arm-none-eabi/5.4.1/../../../../arm-none-eabi/lib/armv7e-m\libg_nano.a(lib_a-impure.o)
                0x20000084                _impure_ptr
 *(.data_end .data_end.*)
 .data_end      0x20000088        0x4 ./system/src/newlib/_startup.o
                0x2000008c                . = ALIGN (0x4)
                0x2000008c                _edata = .
                0x2000008c                __data_end__ = .

.igot.plt       0x2000008c        0x0 load address 0x080043d0
 .igot.plt      0x2000008c        0x0 ./system/src/stm32f4-hal/stm32f4xx_hal.o

.bss_CCMRAM     0x10000000        0x0
 *(.bss.CCMRAM .bss.CCMRAM.*)

.bss            0x2000008c      0x398
                0x2000008c                __bss_start__ = .
                0x2000008c                _sbss = .
 *(.bss_begin .bss_begin.*)
 .bss_begin     0x2000008c        0x4 ./system/src/newlib/_startup.o
 *(.bss .bss.*)
 .bss.current_heap_end.3974
                0x20000090        0x4 ./system/src/newlib/_sbrk.o
 .bss.name.4289
                0x20000094        0x1 ./system/src/newlib/_syscalls.o
 *fill*         0x20000095        0x3 
 .bss.buf.5179  0x20000098       0x80 ./system/src/diag/Trace.o
 .bss.__malloc_sbrk_start
                0x20000118        0x4 c:/stm32_eclipse/stm32toolchain/gnu-arm/5.4 2016q3/bin/../lib/gcc/arm-none-eabi/5.4.1/../../../../arm-none-eabi/lib/armv7e-m\libg_nano.a(lib_a-nano-mallocr.o)
                0x20000118                __malloc_sbrk_start
 .bss.__malloc_free_list
                0x2000011c        0x4 c:/stm32_eclipse/stm32toolchain/gnu-arm/5.4 2016q3/bin/../lib/gcc/arm-none-eabi/5.4.1/../../../../arm-none-eabi/lib/armv7e-m\libg_nano.a(lib_a-nano-mallocr.o)
                0x2000011c                __malloc_free_list
 *(COMMON)
 COMMON         0x20000120        0x4 ./system/src/stm32f4-hal/stm32f4xx_hal.o
                0x20000120                uwTick
 COMMON         0x20000124        0x4 ./system/src/newlib/_syscalls.o
                0x20000124                errno
 COMMON         0x20000128      0x2f8 ./src/main.o
                0x20000128                UartHandle4
                0x20000168                RxBuffer
                0x20000170                TxBuffer
                0x20000178                GPIO_Init_Struct
                0x2000018c                UART_RxBuffer
                0x2000028c                UART_TxBuffer
                0x2000038c                UartHandle1
                0x200003cc                I2C2Handle
 *(.bss_end .bss_end.*)
 .bss_end       0x20000420        0x4 ./system/src/newlib/_startup.o
                0x20000424                . = ALIGN (0x4)
                0x20000424                __bss_end__ = .
                0x20000424                _ebss = .

.noinit_CCMRAM
 *(.noinit.CCMRAM .noinit.CCMRAM.*)

.noinit         0x20000424        0x0
                0x20000424                _noinit = .
 *(.noinit .noinit.*)
                0x20000424                . = ALIGN (0x4)
                0x20000424                _end_noinit = .
                [!provide]                PROVIDE (end, _end_noinit)
                [!provide]                PROVIDE (_end, _end_noinit)
                [!provide]                PROVIDE (__end, _end_noinit)
                [!provide]                PROVIDE (__end__, _end_noinit)

._check_stack   0x20000424      0x100
                0x20000524                . = (. + _Minimum_Stack_Size)
 *fill*         0x20000424      0x100 

.b1text
 *(.b1text)
 *(.b1rodata)
 *(.b1rodata.*)

.eb0text
 *(.eb0text)
 *(.eb0rodata)
 *(.eb0rodata.*)

.eb1text
 *(.eb1text)
 *(.eb1rodata)
 *(.eb1rodata.*)

.eb2text
 *(.eb2text)
 *(.eb2rodata)
 *(.eb2rodata.*)

.eb3text
 *(.eb3text)
 *(.eb3rodata)
 *(.eb3rodata.*)

.stab
 *(.stab)

.stabstr
 *(.stabstr)

.stab.excl
 *(.stab.excl)

.stab.exclstr
 *(.stab.exclstr)

.stab.index
 *(.stab.index)

.stab.indexstr
 *(.stab.indexstr)

.comment        0x00000000       0x6e
 *(.comment)
 .comment       0x00000000       0x6e ./system/src/stm32f4-hal/stm32f4xx_hal.o
                                 0x6f (size before relaxing)
 .comment       0x0000006e       0x6f ./system/src/stm32f4-hal/stm32f4xx_hal_cortex.o
 .comment       0x0000006e       0x6f ./system/src/stm32f4-hal/stm32f4xx_hal_dma.o
 .comment       0x0000006e       0x6f ./system/src/stm32f4-hal/stm32f4xx_hal_gpio.o
 .comment       0x0000006e       0x6f ./system/src/stm32f4-hal/stm32f4xx_hal_i2c.o
 .comment       0x0000006e       0x6f ./system/src/stm32f4-hal/stm32f4xx_hal_rcc.o
 .comment       0x0000006e       0x6f ./system/src/stm32f4-hal/stm32f4xx_hal_uart.o
 .comment       0x0000006e       0x6f ./system/src/newlib/_exit.o
 .comment       0x0000006e       0x6f ./system/src/newlib/_sbrk.o
 .comment       0x0000006e       0x6f ./system/src/newlib/_startup.o
 .comment       0x0000006e       0x6f ./system/src/newlib/_syscalls.o
 .comment       0x0000006e       0x6f ./system/src/newlib/assert.o
 .comment       0x0000006e       0x6f ./system/src/diag/Trace.o
 .comment       0x0000006e       0x6f ./system/src/diag/trace_impl.o
 .comment       0x0000006e       0x6f ./system/src/cortexm/_initialize_hardware.o
 .comment       0x0000006e       0x6f ./system/src/cortexm/exception_handlers.o
 .comment       0x0000006e       0x6f ./system/src/cmsis/system_stm32f4xx.o
 .comment       0x0000006e       0x6f ./system/src/cmsis/vectors_stm32f405xx.o
 .comment       0x0000006e       0x6f ./src/_initialize_hardware.o
 .comment       0x0000006e       0x6f ./src/main.o
 .comment       0x0000006e       0x6f ./src/stm32f4xx_hal_msp.o
 .comment       0x0000006e       0x6f ./src/stm32f4xx_it.o

.ARM.attributes
                0x00000000       0x31
 .ARM.attributes
                0x00000000       0x33 ./system/src/stm32f4-hal/stm32f4xx_hal.o
 .ARM.attributes
                0x00000033       0x33 ./system/src/stm32f4-hal/stm32f4xx_hal_cortex.o
 .ARM.attributes
                0x00000066       0x33 ./system/src/stm32f4-hal/stm32f4xx_hal_dma.o
 .ARM.attributes
                0x00000099       0x33 ./system/src/stm32f4-hal/stm32f4xx_hal_gpio.o
 .ARM.attributes
                0x000000cc       0x33 ./system/src/stm32f4-hal/stm32f4xx_hal_i2c.o
 .ARM.attributes
                0x000000ff       0x33 ./system/src/stm32f4-hal/stm32f4xx_hal_rcc.o
 .ARM.attributes
                0x00000132       0x33 ./system/src/stm32f4-hal/stm32f4xx_hal_uart.o
 .ARM.attributes
                0x00000165       0x33 ./system/src/newlib/_exit.o
 .ARM.attributes
                0x00000198       0x33 ./system/src/newlib/_sbrk.o
 .ARM.attributes
                0x000001cb       0x33 ./system/src/newlib/_startup.o
 .ARM.attributes
                0x000001fe       0x33 ./system/src/newlib/_syscalls.o
 .ARM.attributes
                0x00000231       0x33 ./system/src/newlib/assert.o
 .ARM.attributes
                0x00000264       0x33 ./system/src/diag/Trace.o
 .ARM.attributes
                0x00000297       0x33 ./system/src/diag/trace_impl.o
 .ARM.attributes
                0x000002ca       0x33 ./system/src/cortexm/_initialize_hardware.o
 .ARM.attributes
                0x000002fd       0x33 ./system/src/cortexm/exception_handlers.o
 .ARM.attributes
                0x00000330       0x33 ./system/src/cmsis/system_stm32f4xx.o
 .ARM.attributes
                0x00000363       0x33 ./system/src/cmsis/vectors_stm32f405xx.o
 .ARM.attributes
                0x00000396       0x33 ./src/_initialize_hardware.o
 .ARM.attributes
                0x000003c9       0x33 ./src/main.o
 .ARM.attributes
                0x000003fc       0x33 ./src/stm32f4xx_hal_msp.o
 .ARM.attributes
                0x0000042f       0x33 ./src/stm32f4xx_it.o
 .ARM.attributes
                0x00000462       0x1e c:/stm32_eclipse/stm32toolchain/gnu-arm/5.4 2016q3/bin/../lib/gcc/arm-none-eabi/5.4.1/armv7e-m\libgcc.a(_arm_addsubdf3.o)
 .ARM.attributes
                0x00000480       0x1e c:/stm32_eclipse/stm32toolchain/gnu-arm/5.4 2016q3/bin/../lib/gcc/arm-none-eabi/5.4.1/armv7e-m\libgcc.a(_arm_muldivdf3.o)
 .ARM.attributes
                0x0000049e       0x1e c:/stm32_eclipse/stm32toolchain/gnu-arm/5.4 2016q3/bin/../lib/gcc/arm-none-eabi/5.4.1/armv7e-m\libgcc.a(_arm_fixdfsi.o)
 .ARM.attributes
                0x000004bc       0x2e c:/stm32_eclipse/stm32toolchain/gnu-arm/5.4 2016q3/bin/../lib/gcc/arm-none-eabi/5.4.1/../../../../arm-none-eabi/lib/armv7e-m\libg_nano.a(lib_a-errno.o)
 .ARM.attributes
                0x000004ea       0x2e c:/stm32_eclipse/stm32toolchain/gnu-arm/5.4 2016q3/bin/../lib/gcc/arm-none-eabi/5.4.1/../../../../arm-none-eabi/lib/armv7e-m\libg_nano.a(lib_a-impure.o)
 .ARM.attributes
                0x00000518       0x2e c:/stm32_eclipse/stm32toolchain/gnu-arm/5.4 2016q3/bin/../lib/gcc/arm-none-eabi/5.4.1/../../../../arm-none-eabi/lib/armv7e-m\libg_nano.a(lib_a-sprintf.o)
 .ARM.attributes
                0x00000546       0x2e c:/stm32_eclipse/stm32toolchain/gnu-arm/5.4 2016q3/bin/../lib/gcc/arm-none-eabi/5.4.1/../../../../arm-none-eabi/lib/armv7e-m\libg_nano.a(lib_a-strcpy.o)
 .ARM.attributes
                0x00000574       0x17 c:/stm32_eclipse/stm32toolchain/gnu-arm/5.4 2016q3/bin/../lib/gcc/arm-none-eabi/5.4.1/../../../../arm-none-eabi/lib/armv7e-m\libg_nano.a(lib_a-strlen.o)
 .ARM.attributes
                0x0000058b       0x2e c:/stm32_eclipse/stm32toolchain/gnu-arm/5.4 2016q3/bin/../lib/gcc/arm-none-eabi/5.4.1/../../../../arm-none-eabi/lib/armv7e-m\libg_nano.a(lib_a-vsnprintf.o)
 .ARM.attributes
                0x000005b9       0x2e c:/stm32_eclipse/stm32toolchain/gnu-arm/5.4 2016q3/bin/../lib/gcc/arm-none-eabi/5.4.1/../../../../arm-none-eabi/lib/armv7e-m\libg_nano.a(lib_a-nano-svfprintf.o)
 .ARM.attributes
                0x000005e7       0x2e c:/stm32_eclipse/stm32toolchain/gnu-arm/5.4 2016q3/bin/../lib/gcc/arm-none-eabi/5.4.1/../../../../arm-none-eabi/lib/armv7e-m\libg_nano.a(lib_a-nano-vfprintf_i.o)
 .ARM.attributes
                0x00000615       0x1c c:/stm32_eclipse/stm32toolchain/gnu-arm/5.4 2016q3/bin/../lib/gcc/arm-none-eabi/5.4.1/../../../../arm-none-eabi/lib/armv7e-m\libg_nano.a(lib_a-memchr.o)
 .ARM.attributes
                0x00000631       0x2e c:/stm32_eclipse/stm32toolchain/gnu-arm/5.4 2016q3/bin/../lib/gcc/arm-none-eabi/5.4.1/../../../../arm-none-eabi/lib/armv7e-m\libg_nano.a(lib_a-memcpy-stub.o)
 .ARM.attributes
                0x0000065f       0x2e c:/stm32_eclipse/stm32toolchain/gnu-arm/5.4 2016q3/bin/../lib/gcc/arm-none-eabi/5.4.1/../../../../arm-none-eabi/lib/armv7e-m\libg_nano.a(lib_a-memmove.o)
 .ARM.attributes
                0x0000068d       0x2e c:/stm32_eclipse/stm32toolchain/gnu-arm/5.4 2016q3/bin/../lib/gcc/arm-none-eabi/5.4.1/../../../../arm-none-eabi/lib/armv7e-m\libg_nano.a(lib_a-nano-freer.o)
 .ARM.attributes
                0x000006bb       0x2e c:/stm32_eclipse/stm32toolchain/gnu-arm/5.4 2016q3/bin/../lib/gcc/arm-none-eabi/5.4.1/../../../../arm-none-eabi/lib/armv7e-m\libg_nano.a(lib_a-nano-mallocr.o)
 .ARM.attributes
                0x000006e9       0x2e c:/stm32_eclipse/stm32toolchain/gnu-arm/5.4 2016q3/bin/../lib/gcc/arm-none-eabi/5.4.1/../../../../arm-none-eabi/lib/armv7e-m\libg_nano.a(lib_a-nano-reallocr.o)
 .ARM.attributes
                0x00000717       0x2e c:/stm32_eclipse/stm32toolchain/gnu-arm/5.4 2016q3/bin/../lib/gcc/arm-none-eabi/5.4.1/../../../../arm-none-eabi/lib/armv7e-m\libg_nano.a(lib_a-sbrkr.o)
 .ARM.attributes
                0x00000745       0x2e c:/stm32_eclipse/stm32toolchain/gnu-arm/5.4 2016q3/bin/../lib/gcc/arm-none-eabi/5.4.1/../../../../arm-none-eabi/lib/armv7e-m\libg_nano.a(lib_a-mlock.o)
 .ARM.attributes
                0x00000773       0x2e c:/stm32_eclipse/stm32toolchain/gnu-arm/5.4 2016q3/bin/../lib/gcc/arm-none-eabi/5.4.1/../../../../arm-none-eabi/lib/armv7e-m\libg_nano.a(lib_a-nano-msizer.o)

.debug
 *(.debug)

.line
 *(.line)

.debug_srcinfo
 *(.debug_srcinfo)

.debug_sfnames
 *(.debug_sfnames)

.debug_aranges  0x00000000      0xa50
 *(.debug_aranges)
 .debug_aranges
                0x00000000       0xc0 ./system/src/stm32f4-hal/stm32f4xx_hal.o
 .debug_aranges
                0x000000c0       0x98 ./system/src/stm32f4-hal/stm32f4xx_hal_cortex.o
 .debug_aranges
                0x00000158       0x90 ./system/src/stm32f4-hal/stm32f4xx_hal_dma.o
 .debug_aranges
                0x000001e8       0x58 ./system/src/stm32f4-hal/stm32f4xx_hal_gpio.o
 .debug_aranges
                0x00000240      0x268 ./system/src/stm32f4-hal/stm32f4xx_hal_i2c.o
 .debug_aranges
                0x000004a8       0x88 ./system/src/stm32f4-hal/stm32f4xx_hal_rcc.o
 .debug_aranges
                0x00000530      0x168 ./system/src/stm32f4-hal/stm32f4xx_hal_uart.o
 .debug_aranges
                0x00000698       0x28 ./system/src/newlib/_exit.o
 .debug_aranges
                0x000006c0       0x20 ./system/src/newlib/_sbrk.o
 .debug_aranges
                0x000006e0       0x40 ./system/src/newlib/_startup.o
 .debug_aranges
                0x00000720       0x30 ./system/src/newlib/_syscalls.o
 .debug_aranges
                0x00000750       0x28 ./system/src/newlib/assert.o
 .debug_aranges
                0x00000778       0x38 ./system/src/diag/Trace.o
 .debug_aranges
                0x000007b0       0x30 ./system/src/diag/trace_impl.o
 .debug_aranges
                0x000007e0       0x28 ./system/src/cortexm/_initialize_hardware.o
 .debug_aranges
                0x00000808       0x88 ./system/src/cortexm/exception_handlers.o
 .debug_aranges
                0x00000890       0x28 ./system/src/cmsis/system_stm32f4xx.o
 .debug_aranges
                0x000008b8       0x20 ./system/src/cmsis/vectors_stm32f405xx.o
 .debug_aranges
                0x000008d8       0x28 ./src/_initialize_hardware.o
 .debug_aranges
                0x00000900       0xb0 ./src/main.o
 .debug_aranges
                0x000009b0       0x38 ./src/stm32f4xx_hal_msp.o
 .debug_aranges
                0x000009e8       0x68 ./src/stm32f4xx_it.o

.debug_pubnames
 *(.debug_pubnames)

.debug_info     0x00000000     0xd211
 *(.debug_info .gnu.linkonce.wi.*)
 .debug_info    0x00000000      0x8c7 ./system/src/stm32f4-hal/stm32f4xx_hal.o
 .debug_info    0x000008c7     0x10e2 ./system/src/stm32f4-hal/stm32f4xx_hal_cortex.o
 .debug_info    0x000019a9      0xc01 ./system/src/stm32f4-hal/stm32f4xx_hal_dma.o
 .debug_info    0x000025aa      0x86a ./system/src/stm32f4-hal/stm32f4xx_hal_gpio.o
 .debug_info    0x00002e14     0x3344 ./system/src/stm32f4-hal/stm32f4xx_hal_i2c.o
 .debug_info    0x00006158      0xf3d ./system/src/stm32f4-hal/stm32f4xx_hal_rcc.o
 .debug_info    0x00007095     0x1631 ./system/src/stm32f4-hal/stm32f4xx_hal_uart.o
 .debug_info    0x000086c6       0xef ./system/src/newlib/_exit.o
 .debug_info    0x000087b5      0x11f ./system/src/newlib/_sbrk.o
 .debug_info    0x000088d4      0x4f2 ./system/src/newlib/_startup.o
 .debug_info    0x00008dc6      0x1c7 ./system/src/newlib/_syscalls.o
 .debug_info    0x00008f8d      0x1a3 ./system/src/newlib/assert.o
 .debug_info    0x00009130      0x2e7 ./system/src/diag/Trace.o
 .debug_info    0x00009417      0x3d7 ./system/src/diag/trace_impl.o
 .debug_info    0x000097ee      0x2bf ./system/src/cortexm/_initialize_hardware.o
 .debug_info    0x00009aad      0x7b7 ./system/src/cortexm/exception_handlers.o
 .debug_info    0x0000a264      0x4b9 ./system/src/cmsis/system_stm32f4xx.o
 .debug_info    0x0000a71d       0xd1 ./system/src/cmsis/vectors_stm32f405xx.o
 .debug_info    0x0000a7ee      0x74c ./src/_initialize_hardware.o
 .debug_info    0x0000af3a     0x1c06 ./src/main.o
 .debug_info    0x0000cb40       0xe5 ./src/stm32f4xx_hal_msp.o
 .debug_info    0x0000cc25      0x5ec ./src/stm32f4xx_it.o

.debug_abbrev   0x00000000     0x2335
 *(.debug_abbrev)
 .debug_abbrev  0x00000000      0x235 ./system/src/stm32f4-hal/stm32f4xx_hal.o
 .debug_abbrev  0x00000235      0x324 ./system/src/stm32f4-hal/stm32f4xx_hal_cortex.o
 .debug_abbrev  0x00000559      0x290 ./system/src/stm32f4-hal/stm32f4xx_hal_dma.o
 .debug_abbrev  0x000007e9      0x204 ./system/src/stm32f4-hal/stm32f4xx_hal_gpio.o
 .debug_abbrev  0x000009ed      0x237 ./system/src/stm32f4-hal/stm32f4xx_hal_i2c.o
 .debug_abbrev  0x00000c24      0x2d2 ./system/src/stm32f4-hal/stm32f4xx_hal_rcc.o
 .debug_abbrev  0x00000ef6      0x248 ./system/src/stm32f4-hal/stm32f4xx_hal_uart.o
 .debug_abbrev  0x0000113e       0x8e ./system/src/newlib/_exit.o
 .debug_abbrev  0x000011cc       0xb9 ./system/src/newlib/_sbrk.o
 .debug_abbrev  0x00001285      0x1b6 ./system/src/newlib/_startup.o
 .debug_abbrev  0x0000143b       0xec ./system/src/newlib/_syscalls.o
 .debug_abbrev  0x00001527       0xab ./system/src/newlib/assert.o
 .debug_abbrev  0x000015d2      0x156 ./system/src/diag/Trace.o
 .debug_abbrev  0x00001728      0x188 ./system/src/diag/trace_impl.o
 .debug_abbrev  0x000018b0       0xea ./system/src/cortexm/_initialize_hardware.o
 .debug_abbrev  0x0000199a      0x1d4 ./system/src/cortexm/exception_handlers.o
 .debug_abbrev  0x00001b6e      0x104 ./system/src/cmsis/system_stm32f4xx.o
 .debug_abbrev  0x00001c72       0x9d ./system/src/cmsis/vectors_stm32f405xx.o
 .debug_abbrev  0x00001d0f      0x16d ./src/_initialize_hardware.o
 .debug_abbrev  0x00001e7c      0x2d7 ./src/main.o
 .debug_abbrev  0x00002153       0x6a ./src/stm32f4xx_hal_msp.o
 .debug_abbrev  0x000021bd      0x178 ./src/stm32f4xx_it.o

.debug_line     0x00000000     0xde0e
 *(.debug_line)
 .debug_line    0x00000000      0xb87 ./system/src/stm32f4-hal/stm32f4xx_hal.o
 .debug_line    0x00000b87      0xc6a ./system/src/stm32f4-hal/stm32f4xx_hal_cortex.o
 .debug_line    0x000017f1      0xe47 ./system/src/stm32f4-hal/stm32f4xx_hal_dma.o
 .debug_line    0x00002638      0xd11 ./system/src/stm32f4-hal/stm32f4xx_hal_gpio.o
 .debug_line    0x00003349     0x1e7d ./system/src/stm32f4-hal/stm32f4xx_hal_i2c.o
 .debug_line    0x000051c6      0xe39 ./system/src/stm32f4-hal/stm32f4xx_hal_rcc.o
 .debug_line    0x00005fff     0x1317 ./system/src/stm32f4-hal/stm32f4xx_hal_uart.o
 .debug_line    0x00007316      0x325 ./system/src/newlib/_exit.o
 .debug_line    0x0000763b      0x2d6 ./system/src/newlib/_sbrk.o
 .debug_line    0x00007911      0x39e ./system/src/newlib/_startup.o
 .debug_line    0x00007caf      0x3eb ./system/src/newlib/_syscalls.o
 .debug_line    0x0000809a      0x360 ./system/src/newlib/assert.o
 .debug_line    0x000083fa      0x393 ./system/src/diag/Trace.o
 .debug_line    0x0000878d      0xa90 ./system/src/diag/trace_impl.o
 .debug_line    0x0000921d      0xa2b ./system/src/cortexm/_initialize_hardware.o
 .debug_line    0x00009c48      0xb39 ./system/src/cortexm/exception_handlers.o
 .debug_line    0x0000a781      0xa2b ./system/src/cmsis/system_stm32f4xx.o
 .debug_line    0x0000b1ac       0xff ./system/src/cmsis/vectors_stm32f405xx.o
 .debug_line    0x0000b2ab      0xa20 ./src/_initialize_hardware.o
 .debug_line    0x0000bccb      0xc8e ./src/main.o
 .debug_line    0x0000c959      0xa25 ./src/stm32f4xx_hal_msp.o
 .debug_line    0x0000d37e      0xa90 ./src/stm32f4xx_it.o

.debug_frame    0x00000000     0x1de0
 *(.debug_frame)
 .debug_frame   0x00000000      0x188 ./system/src/stm32f4-hal/stm32f4xx_hal.o
 .debug_frame   0x00000188      0x17c ./system/src/stm32f4-hal/stm32f4xx_hal_cortex.o
 .debug_frame   0x00000304      0x18c ./system/src/stm32f4-hal/stm32f4xx_hal_dma.o
 .debug_frame   0x00000490       0xf8 ./system/src/stm32f4-hal/stm32f4xx_hal_gpio.o
 .debug_frame   0x00000588      0x81c ./system/src/stm32f4-hal/stm32f4xx_hal_i2c.o
 .debug_frame   0x00000da4      0x150 ./system/src/stm32f4-hal/stm32f4xx_hal_rcc.o
 .debug_frame   0x00000ef4      0x3e4 ./system/src/stm32f4-hal/stm32f4xx_hal_uart.o
 .debug_frame   0x000012d8       0x38 ./system/src/newlib/_exit.o
 .debug_frame   0x00001310       0x28 ./system/src/newlib/_sbrk.o
 .debug_frame   0x00001338       0x7c ./system/src/newlib/_startup.o
 .debug_frame   0x000013b4       0x50 ./system/src/newlib/_syscalls.o
 .debug_frame   0x00001404       0x40 ./system/src/newlib/assert.o
 .debug_frame   0x00001444       0x94 ./system/src/diag/Trace.o
 .debug_frame   0x000014d8       0x54 ./system/src/diag/trace_impl.o
 .debug_frame   0x0000152c       0x40 ./system/src/cortexm/_initialize_hardware.o
 .debug_frame   0x0000156c      0x144 ./system/src/cortexm/exception_handlers.o
 .debug_frame   0x000016b0       0x30 ./system/src/cmsis/system_stm32f4xx.o
 .debug_frame   0x000016e0       0x20 ./system/src/cmsis/vectors_stm32f405xx.o
 .debug_frame   0x00001700       0x4c ./src/_initialize_hardware.o
 .debug_frame   0x0000174c      0x230 ./src/main.o
 .debug_frame   0x0000197c       0x50 ./src/stm32f4xx_hal_msp.o
 .debug_frame   0x000019cc       0xc0 ./src/stm32f4xx_it.o
 .debug_frame   0x00001a8c       0x20 c:/stm32_eclipse/stm32toolchain/gnu-arm/5.4 2016q3/bin/../lib/gcc/arm-none-eabi/5.4.1/../../../../arm-none-eabi/lib/armv7e-m\libg_nano.a(lib_a-errno.o)
 .debug_frame   0x00001aac       0x70 c:/stm32_eclipse/stm32toolchain/gnu-arm/5.4 2016q3/bin/../lib/gcc/arm-none-eabi/5.4.1/../../../../arm-none-eabi/lib/armv7e-m\libg_nano.a(lib_a-sprintf.o)
 .debug_frame   0x00001b1c       0x20 c:/stm32_eclipse/stm32toolchain/gnu-arm/5.4 2016q3/bin/../lib/gcc/arm-none-eabi/5.4.1/../../../../arm-none-eabi/lib/armv7e-m\libg_nano.a(lib_a-strcpy.o)
 .debug_frame   0x00001b3c       0x48 c:/stm32_eclipse/stm32toolchain/gnu-arm/5.4 2016q3/bin/../lib/gcc/arm-none-eabi/5.4.1/../../../../arm-none-eabi/lib/armv7e-m\libg_nano.a(lib_a-vsnprintf.o)
 .debug_frame   0x00001b84       0x90 c:/stm32_eclipse/stm32toolchain/gnu-arm/5.4 2016q3/bin/../lib/gcc/arm-none-eabi/5.4.1/../../../../arm-none-eabi/lib/armv7e-m\libg_nano.a(lib_a-nano-svfprintf.o)
 .debug_frame   0x00001c14       0x60 c:/stm32_eclipse/stm32toolchain/gnu-arm/5.4 2016q3/bin/../lib/gcc/arm-none-eabi/5.4.1/../../../../arm-none-eabi/lib/armv7e-m\libg_nano.a(lib_a-nano-vfprintf_i.o)
 .debug_frame   0x00001c74       0x28 c:/stm32_eclipse/stm32toolchain/gnu-arm/5.4 2016q3/bin/../lib/gcc/arm-none-eabi/5.4.1/../../../../arm-none-eabi/lib/armv7e-m\libg_nano.a(lib_a-memcpy-stub.o)
 .debug_frame   0x00001c9c       0x28 c:/stm32_eclipse/stm32toolchain/gnu-arm/5.4 2016q3/bin/../lib/gcc/arm-none-eabi/5.4.1/../../../../arm-none-eabi/lib/armv7e-m\libg_nano.a(lib_a-memmove.o)
 .debug_frame   0x00001cc4       0x38 c:/stm32_eclipse/stm32toolchain/gnu-arm/5.4 2016q3/bin/../lib/gcc/arm-none-eabi/5.4.1/../../../../arm-none-eabi/lib/armv7e-m\libg_nano.a(lib_a-nano-freer.o)
 .debug_frame   0x00001cfc       0x2c c:/stm32_eclipse/stm32toolchain/gnu-arm/5.4 2016q3/bin/../lib/gcc/arm-none-eabi/5.4.1/../../../../arm-none-eabi/lib/armv7e-m\libg_nano.a(lib_a-nano-mallocr.o)
 .debug_frame   0x00001d28       0x3c c:/stm32_eclipse/stm32toolchain/gnu-arm/5.4 2016q3/bin/../lib/gcc/arm-none-eabi/5.4.1/../../../../arm-none-eabi/lib/armv7e-m\libg_nano.a(lib_a-nano-reallocr.o)
 .debug_frame   0x00001d64       0x2c c:/stm32_eclipse/stm32toolchain/gnu-arm/5.4 2016q3/bin/../lib/gcc/arm-none-eabi/5.4.1/../../../../arm-none-eabi/lib/armv7e-m\libg_nano.a(lib_a-sbrkr.o)
 .debug_frame   0x00001d90       0x30 c:/stm32_eclipse/stm32toolchain/gnu-arm/5.4 2016q3/bin/../lib/gcc/arm-none-eabi/5.4.1/../../../../arm-none-eabi/lib/armv7e-m\libg_nano.a(lib_a-mlock.o)
 .debug_frame   0x00001dc0       0x20 c:/stm32_eclipse/stm32toolchain/gnu-arm/5.4 2016q3/bin/../lib/gcc/arm-none-eabi/5.4.1/../../../../arm-none-eabi/lib/armv7e-m\libg_nano.a(lib_a-nano-msizer.o)

.debug_str      0x00000000    0x8e71e
 *(.debug_str)
 .debug_str     0x00000000    0x894e2 ./system/src/stm32f4-hal/stm32f4xx_hal.o
                              0x898c0 (size before relaxing)
 .debug_str     0x000894e2      0x37b ./system/src/stm32f4-hal/stm32f4xx_hal_cortex.o
                              0x8972c (size before relaxing)
 .debug_str     0x0008985d      0x52b ./system/src/stm32f4-hal/stm32f4xx_hal_dma.o
                              0x892fc (size before relaxing)
 .debug_str     0x00089d88      0x2d2 ./system/src/stm32f4-hal/stm32f4xx_hal_gpio.o
                              0x8915e (size before relaxing)
 .debug_str     0x0008a05a      0xd1b ./system/src/stm32f4-hal/stm32f4xx_hal_i2c.o
                              0x89d56 (size before relaxing)
 .debug_str     0x0008ad75      0x37e ./system/src/stm32f4-hal/stm32f4xx_hal_rcc.o
                              0x892fc (size before relaxing)
 .debug_str     0x0008b0f3      0x562 ./system/src/stm32f4-hal/stm32f4xx_hal_uart.o
                              0x895f0 (size before relaxing)
 .debug_str     0x0008b655     0x10b6 ./system/src/newlib/_exit.o
                               0x6ecc (size before relaxing)
 .debug_str     0x0008c70b      0x4de ./system/src/newlib/_sbrk.o
                               0x62b7 (size before relaxing)
 .debug_str     0x0008cbe9      0x2c6 ./system/src/newlib/_startup.o
                               0x5ed2 (size before relaxing)
 .debug_str     0x0008ceaf      0xe18 ./system/src/newlib/_syscalls.o
                               0x7117 (size before relaxing)
 .debug_str     0x0008dcc7       0xd5 ./system/src/newlib/assert.o
                               0x79d1 (size before relaxing)
 .debug_str     0x0008dd9c      0x169 ./system/src/diag/Trace.o
                               0x76bc (size before relaxing)
 .debug_str     0x0008df05       0xe0 ./system/src/diag/trace_impl.o
                              0x89de1 (size before relaxing)
 .debug_str     0x0008dfe5       0x5e ./system/src/cortexm/_initialize_hardware.o
                              0x88e0d (size before relaxing)
 .debug_str     0x0008e043      0x1e5 ./system/src/cortexm/exception_handlers.o
                              0x89f2d (size before relaxing)
 .debug_str     0x0008e228       0x46 ./system/src/cmsis/system_stm32f4xx.o
                              0x88eec (size before relaxing)
 .debug_str     0x0008e26e       0x59 ./system/src/cmsis/vectors_stm32f405xx.o
                               0x3089 (size before relaxing)
 .debug_str     0x0008e2c7       0x31 ./src/_initialize_hardware.o
                              0x894ff (size before relaxing)
 .debug_str     0x0008e2f8      0x3c2 ./src/main.o
                              0x8af1f (size before relaxing)
 .debug_str     0x0008e6ba       0x3d ./src/stm32f4xx_hal_msp.o
                              0x88d4c (size before relaxing)
 .debug_str     0x0008e6f7       0x27 ./src/stm32f4xx_it.o
                              0x891eb (size before relaxing)

.debug_loc      0x00000000     0x6711
 *(.debug_loc)
 .debug_loc     0x00000000       0x92 ./system/src/stm32f4-hal/stm32f4xx_hal.o
 .debug_loc     0x00000092      0x580 ./system/src/stm32f4-hal/stm32f4xx_hal_cortex.o
 .debug_loc     0x00000612      0xa15 ./system/src/stm32f4-hal/stm32f4xx_hal_dma.o
 .debug_loc     0x00001027      0x4b0 ./system/src/stm32f4-hal/stm32f4xx_hal_gpio.o
 .debug_loc     0x000014d7     0x2fe2 ./system/src/stm32f4-hal/stm32f4xx_hal_i2c.o
 .debug_loc     0x000044b9      0x57a ./system/src/stm32f4-hal/stm32f4xx_hal_rcc.o
 .debug_loc     0x00004a33     0x1102 ./system/src/stm32f4-hal/stm32f4xx_hal_uart.o
 .debug_loc     0x00005b35       0x82 ./system/src/newlib/_sbrk.o
 .debug_loc     0x00005bb7      0x36e ./system/src/newlib/_startup.o
 .debug_loc     0x00005f25       0x63 ./system/src/newlib/_syscalls.o
 .debug_loc     0x00005f88      0x110 ./system/src/newlib/assert.o
 .debug_loc     0x00006098      0x102 ./system/src/diag/Trace.o
 .debug_loc     0x0000619a       0x97 ./system/src/diag/trace_impl.o
 .debug_loc     0x00006231      0x184 ./system/src/cortexm/exception_handlers.o
 .debug_loc     0x000063b5      0x132 ./system/src/cmsis/system_stm32f4xx.o
 .debug_loc     0x000064e7      0x22a ./src/main.o

.debug_macinfo
 *(.debug_macinfo)

.debug_weaknames
 *(.debug_weaknames)

.debug_funcnames
 *(.debug_funcnames)

.debug_typenames
 *(.debug_typenames)

.debug_varnames
 *(.debug_varnames)
OUTPUT(FINAL_Project_rev3.elf elf32-littlearm)

.debug_ranges   0x00000000      0x8f0
 .debug_ranges  0x00000000       0xb0 ./system/src/stm32f4-hal/stm32f4xx_hal.o
 .debug_ranges  0x000000b0       0x88 ./system/src/stm32f4-hal/stm32f4xx_hal_cortex.o
 .debug_ranges  0x00000138       0x80 ./system/src/stm32f4-hal/stm32f4xx_hal_dma.o
 .debug_ranges  0x000001b8       0x48 ./system/src/stm32f4-hal/stm32f4xx_hal_gpio.o
 .debug_ranges  0x00000200      0x258 ./system/src/stm32f4-hal/stm32f4xx_hal_i2c.o
 .debug_ranges  0x00000458       0x78 ./system/src/stm32f4-hal/stm32f4xx_hal_rcc.o
 .debug_ranges  0x000004d0      0x158 ./system/src/stm32f4-hal/stm32f4xx_hal_uart.o
 .debug_ranges  0x00000628       0x18 ./system/src/newlib/_exit.o
 .debug_ranges  0x00000640       0x10 ./system/src/newlib/_sbrk.o
 .debug_ranges  0x00000650       0x30 ./system/src/newlib/_startup.o
 .debug_ranges  0x00000680       0x20 ./system/src/newlib/_syscalls.o
 .debug_ranges  0x000006a0       0x18 ./system/src/newlib/assert.o
 .debug_ranges  0x000006b8       0x28 ./system/src/diag/Trace.o
 .debug_ranges  0x000006e0       0x20 ./system/src/diag/trace_impl.o
 .debug_ranges  0x00000700       0x18 ./system/src/cortexm/_initialize_hardware.o
 .debug_ranges  0x00000718       0x78 ./system/src/cortexm/exception_handlers.o
 .debug_ranges  0x00000790       0x18 ./system/src/cmsis/system_stm32f4xx.o
 .debug_ranges  0x000007a8       0x10 ./system/src/cmsis/vectors_stm32f405xx.o
 .debug_ranges  0x000007b8       0x18 ./src/_initialize_hardware.o
 .debug_ranges  0x000007d0       0xa0 ./src/main.o
 .debug_ranges  0x00000870       0x28 ./src/stm32f4xx_hal_msp.o
 .debug_ranges  0x00000898       0x58 ./src/stm32f4xx_it.o

.debug_macro    0x00000000    0x1b38a
 .debug_macro   0x00000000      0x533 ./system/src/stm32f4-hal/stm32f4xx_hal.o
 .debug_macro   0x00000533      0x898 ./system/src/stm32f4-hal/stm32f4xx_hal.o
 .debug_macro   0x00000dcb      0x289 ./system/src/stm32f4-hal/stm32f4xx_hal.o
 .debug_macro   0x00001054       0x31 ./system/src/stm32f4-hal/stm32f4xx_hal.o
 .debug_macro   0x00001085       0x28 ./system/src/stm32f4-hal/stm32f4xx_hal.o
 .debug_macro   0x000010ad      0x34e ./system/src/stm32f4-hal/stm32f4xx_hal.o
 .debug_macro   0x000013fb       0x35 ./system/src/stm32f4-hal/stm32f4xx_hal.o
 .debug_macro   0x00001430       0x50 ./system/src/stm32f4-hal/stm32f4xx_hal.o
 .debug_macro   0x00001480      0xe66 ./system/src/stm32f4-hal/stm32f4xx_hal.o
 .debug_macro   0x000022e6     0x898e ./system/src/stm32f4-hal/stm32f4xx_hal.o
 .debug_macro   0x0000ac74       0x43 ./system/src/stm32f4-hal/stm32f4xx_hal.o
 .debug_macro   0x0000acb7     0x347f ./system/src/stm32f4-hal/stm32f4xx_hal.o
 .debug_macro   0x0000e136       0x22 ./system/src/stm32f4-hal/stm32f4xx_hal.o
 .debug_macro   0x0000e158       0x4c ./system/src/stm32f4-hal/stm32f4xx_hal.o
 .debug_macro   0x0000e1a4       0x8d ./system/src/stm32f4-hal/stm32f4xx_hal.o
 .debug_macro   0x0000e231       0x35 ./system/src/stm32f4-hal/stm32f4xx_hal.o
 .debug_macro   0x0000e266       0x9c ./system/src/stm32f4-hal/stm32f4xx_hal.o
 .debug_macro   0x0000e302       0x16 ./system/src/stm32f4-hal/stm32f4xx_hal.o
 .debug_macro   0x0000e318       0x4a ./system/src/stm32f4-hal/stm32f4xx_hal.o
 .debug_macro   0x0000e362       0x97 ./system/src/stm32f4-hal/stm32f4xx_hal.o
 .debug_macro   0x0000e3f9      0x30d ./system/src/stm32f4-hal/stm32f4xx_hal.o
 .debug_macro   0x0000e706       0xfd ./system/src/stm32f4-hal/stm32f4xx_hal.o
 .debug_macro   0x0000e803       0x10 ./system/src/stm32f4-hal/stm32f4xx_hal.o
 .debug_macro   0x0000e813       0x52 ./system/src/stm32f4-hal/stm32f4xx_hal.o
 .debug_macro   0x0000e865       0x1f ./system/src/stm32f4-hal/stm32f4xx_hal.o
 .debug_macro   0x0000e884       0x43 ./system/src/stm32f4-hal/stm32f4xx_hal.o
 .debug_macro   0x0000e8c7       0x20 ./system/src/stm32f4-hal/stm32f4xx_hal.o
 .debug_macro   0x0000e8e7      0x187 ./system/src/stm32f4-hal/stm32f4xx_hal.o
 .debug_macro   0x0000ea6e       0x10 ./system/src/stm32f4-hal/stm32f4xx_hal.o
 .debug_macro   0x0000ea7e       0x5e ./system/src/stm32f4-hal/stm32f4xx_hal.o
 .debug_macro   0x0000eadc       0x1c ./system/src/stm32f4-hal/stm32f4xx_hal.o
 .debug_macro   0x0000eaf8       0x52 ./system/src/stm32f4-hal/stm32f4xx_hal.o
 .debug_macro   0x0000eb4a       0x40 ./system/src/stm32f4-hal/stm32f4xx_hal.o
 .debug_macro   0x0000eb8a       0x10 ./system/src/stm32f4-hal/stm32f4xx_hal.o
 .debug_macro   0x0000eb9a       0x40 ./system/src/stm32f4-hal/stm32f4xx_hal.o
 .debug_macro   0x0000ebda       0xd7 ./system/src/stm32f4-hal/stm32f4xx_hal.o
 .debug_macro   0x0000ecb1       0x16 ./system/src/stm32f4-hal/stm32f4xx_hal.o
 .debug_macro   0x0000ecc7      0x18b ./system/src/stm32f4-hal/stm32f4xx_hal.o
 .debug_macro   0x0000ee52       0x57 ./system/src/stm32f4-hal/stm32f4xx_hal.o
 .debug_macro   0x0000eea9      0x8a0 ./system/src/stm32f4-hal/stm32f4xx_hal.o
 .debug_macro   0x0000f749      0x9e1 ./system/src/stm32f4-hal/stm32f4xx_hal.o
 .debug_macro   0x0001012a      0x11e ./system/src/stm32f4-hal/stm32f4xx_hal.o
 .debug_macro   0x00010248      0x130 ./system/src/stm32f4-hal/stm32f4xx_hal.o
 .debug_macro   0x00010378       0x27 ./system/src/stm32f4-hal/stm32f4xx_hal.o
 .debug_macro   0x0001039f      0x287 ./system/src/stm32f4-hal/stm32f4xx_hal.o
 .debug_macro   0x00010626       0x5f ./system/src/stm32f4-hal/stm32f4xx_hal.o
 .debug_macro   0x00010685      0x23a ./system/src/stm32f4-hal/stm32f4xx_hal.o
 .debug_macro   0x000108bf      0x391 ./system/src/stm32f4-hal/stm32f4xx_hal.o
 .debug_macro   0x00010c50      0x16f ./system/src/stm32f4-hal/stm32f4xx_hal.o
 .debug_macro   0x00010dbf       0xf9 ./system/src/stm32f4-hal/stm32f4xx_hal.o
 .debug_macro   0x00010eb8      0x36e ./system/src/stm32f4-hal/stm32f4xx_hal.o
 .debug_macro   0x00011226       0x23 ./system/src/stm32f4-hal/stm32f4xx_hal.o
 .debug_macro   0x00011249       0xe6 ./system/src/stm32f4-hal/stm32f4xx_hal.o
 .debug_macro   0x0001132f       0xa1 ./system/src/stm32f4-hal/stm32f4xx_hal.o
 .debug_macro   0x000113d0       0x3c ./system/src/stm32f4-hal/stm32f4xx_hal.o
 .debug_macro   0x0001140c      0x13a ./system/src/stm32f4-hal/stm32f4xx_hal.o
 .debug_macro   0x00011546      0x21e ./system/src/stm32f4-hal/stm32f4xx_hal.o
 .debug_macro   0x00011764       0x2e ./system/src/stm32f4-hal/stm32f4xx_hal.o
 .debug_macro   0x00011792      0x543 ./system/src/stm32f4-hal/stm32f4xx_hal.o
 .debug_macro   0x00011cd5       0x88 ./system/src/stm32f4-hal/stm32f4xx_hal.o
 .debug_macro   0x00011d5d       0xd5 ./system/src/stm32f4-hal/stm32f4xx_hal.o
 .debug_macro   0x00011e32      0x183 ./system/src/stm32f4-hal/stm32f4xx_hal.o
 .debug_macro   0x00011fb5      0x1a7 ./system/src/stm32f4-hal/stm32f4xx_hal.o
 .debug_macro   0x0001215c       0xa5 ./system/src/stm32f4-hal/stm32f4xx_hal.o
 .debug_macro   0x00012201      0x18b ./system/src/stm32f4-hal/stm32f4xx_hal.o
 .debug_macro   0x0001238c       0x24 ./system/src/stm32f4-hal/stm32f4xx_hal.o
 .debug_macro   0x000123b0       0x35 ./system/src/stm32f4-hal/stm32f4xx_hal.o
 .debug_macro   0x000123e5       0x79 ./system/src/stm32f4-hal/stm32f4xx_hal.o
 .debug_macro   0x0001245e      0x11e ./system/src/stm32f4-hal/stm32f4xx_hal.o
 .debug_macro   0x0001257c       0x7f ./system/src/stm32f4-hal/stm32f4xx_hal.o
 .debug_macro   0x000125fb       0x89 ./system/src/stm32f4-hal/stm32f4xx_hal.o
 .debug_macro   0x00012684       0x7e ./system/src/stm32f4-hal/stm32f4xx_hal.o
 .debug_macro   0x00012702      0x31a ./system/src/stm32f4-hal/stm32f4xx_hal.o
 .debug_macro   0x00012a1c      0x409 ./system/src/stm32f4-hal/stm32f4xx_hal.o
 .debug_macro   0x00012e25       0xe4 ./system/src/stm32f4-hal/stm32f4xx_hal.o
 .debug_macro   0x00012f09      0x48d ./system/src/stm32f4-hal/stm32f4xx_hal.o
 .debug_macro   0x00013396      0x22b ./system/src/stm32f4-hal/stm32f4xx_hal.o
 .debug_macro   0x000135c1      0x202 ./system/src/stm32f4-hal/stm32f4xx_hal.o
 .debug_macro   0x000137c3      0x6d9 ./system/src/stm32f4-hal/stm32f4xx_hal.o
 .debug_macro   0x00013e9c       0x5b ./system/src/stm32f4-hal/stm32f4xx_hal.o
 .debug_macro   0x00013ef7      0x14d ./system/src/stm32f4-hal/stm32f4xx_hal.o
 .debug_macro   0x00014044      0x287 ./system/src/stm32f4-hal/stm32f4xx_hal.o
 .debug_macro   0x000142cb      0x225 ./system/src/stm32f4-hal/stm32f4xx_hal.o
 .debug_macro   0x000144f0      0x1b5 ./system/src/stm32f4-hal/stm32f4xx_hal.o
 .debug_macro   0x000146a5      0x2db ./system/src/stm32f4-hal/stm32f4xx_hal.o
 .debug_macro   0x00014980       0x89 ./system/src/stm32f4-hal/stm32f4xx_hal.o
 .debug_macro   0x00014a09      0x1df ./system/src/stm32f4-hal/stm32f4xx_hal.o
 .debug_macro   0x00014be8      0x115 ./system/src/stm32f4-hal/stm32f4xx_hal.o
 .debug_macro   0x00014cfd       0x6e ./system/src/stm32f4-hal/stm32f4xx_hal.o
 .debug_macro   0x00014d6b      0x125 ./system/src/stm32f4-hal/stm32f4xx_hal.o
 .debug_macro   0x00014e90      0x4e5 ./system/src/stm32f4-hal/stm32f4xx_hal_cortex.o
 .debug_macro   0x00015375      0x4ec ./system/src/stm32f4-hal/stm32f4xx_hal_dma.o
 .debug_macro   0x00015861      0x51d ./system/src/stm32f4-hal/stm32f4xx_hal_gpio.o
 .debug_macro   0x00015d7e      0x52c ./system/src/stm32f4-hal/stm32f4xx_hal_i2c.o
 .debug_macro   0x000162aa      0x50f ./system/src/stm32f4-hal/stm32f4xx_hal_rcc.o
 .debug_macro   0x000167b9      0x4e6 ./system/src/stm32f4-hal/stm32f4xx_hal_uart.o
 .debug_macro   0x00016c9f      0x19c ./system/src/newlib/_exit.o
 .debug_macro   0x00016e3b      0x10e ./system/src/newlib/_exit.o
 .debug_macro   0x00016f49       0x8d ./system/src/newlib/_exit.o
 .debug_macro   0x00016fd6       0x35 ./system/src/newlib/_exit.o
 .debug_macro   0x0001700b      0x151 ./system/src/newlib/_sbrk.o
 .debug_macro   0x0001715c      0x174 ./system/src/newlib/_sbrk.o
 .debug_macro   0x000172d0       0x10 ./system/src/newlib/_sbrk.o
 .debug_macro   0x000172e0      0x23b ./system/src/newlib/_sbrk.o
 .debug_macro   0x0001751b      0x15b ./system/src/newlib/_startup.o
 .debug_macro   0x00017676      0x89e ./system/src/newlib/_startup.o
 .debug_macro   0x00017f14      0x1ff ./system/src/newlib/_syscalls.o
 .debug_macro   0x00018113       0x1c ./system/src/newlib/_syscalls.o
 .debug_macro   0x0001812f       0x10 ./system/src/newlib/_syscalls.o
 .debug_macro   0x0001813f       0x10 ./system/src/newlib/_syscalls.o
 .debug_macro   0x0001814f       0x10 ./system/src/newlib/_syscalls.o
 .debug_macro   0x0001815f       0x35 ./system/src/newlib/_syscalls.o
 .debug_macro   0x00018194      0x122 ./system/src/newlib/_syscalls.o
 .debug_macro   0x000182b6       0x88 ./system/src/newlib/_syscalls.o
 .debug_macro   0x0001833e       0x2b ./system/src/newlib/_syscalls.o
 .debug_macro   0x00018369      0x118 ./system/src/newlib/_syscalls.o
 .debug_macro   0x00018481      0x159 ./system/src/newlib/_syscalls.o
 .debug_macro   0x000185da       0x16 ./system/src/newlib/_syscalls.o
 .debug_macro   0x000185f0      0x1b8 ./system/src/newlib/assert.o
 .debug_macro   0x000187a8       0x1c ./system/src/newlib/assert.o
 .debug_macro   0x000187c4      0x1d9 ./system/src/diag/Trace.o
 .debug_macro   0x0001899d       0x4c ./system/src/diag/Trace.o
 .debug_macro   0x000189e9       0x16 ./system/src/diag/Trace.o
 .debug_macro   0x000189ff      0x520 ./system/src/diag/trace_impl.o
 .debug_macro   0x00018f1f      0x4ef ./system/src/cortexm/_initialize_hardware.o
 .debug_macro   0x0001940e      0x54e ./system/src/cortexm/exception_handlers.o
 .debug_macro   0x0001995c       0x3b ./system/src/cortexm/exception_handlers.o
 .debug_macro   0x00019997       0x22 ./system/src/cortexm/exception_handlers.o
 .debug_macro   0x000199b9      0x4eb ./system/src/cmsis/system_stm32f4xx.o
 .debug_macro   0x00019ea4       0x34 ./system/src/cmsis/vectors_stm32f405xx.o
 .debug_macro   0x00019ed8      0x4e5 ./src/_initialize_hardware.o
 .debug_macro   0x0001a3bd      0x5f9 ./src/main.o
 .debug_macro   0x0001a9b6      0x4e5 ./src/stm32f4xx_hal_msp.o
 .debug_macro   0x0001ae9b      0x4ef ./src/stm32f4xx_it.o
