Archive member included to satisfy reference by file (symbol)

c:/stm32_eclipse/stm32toolchain/gnu-arm/5.4 2016q3/bin/../lib/gcc/arm-none-eabi/5.4.1/../../../../arm-none-eabi/lib/armv7e-m\libg_nano.a(lib_a-errno.o)
                              ./system/src/newlib/_sbrk.o (__errno)
c:/stm32_eclipse/stm32toolchain/gnu-arm/5.4 2016q3/bin/../lib/gcc/arm-none-eabi/5.4.1/../../../../arm-none-eabi/lib/armv7e-m\libg_nano.a(lib_a-impure.o)
                              c:/stm32_eclipse/stm32toolchain/gnu-arm/5.4 2016q3/bin/../lib/gcc/arm-none-eabi/5.4.1/../../../../arm-none-eabi/lib/armv7e-m\libg_nano.a(lib_a-errno.o) (_impure_ptr)
c:/stm32_eclipse/stm32toolchain/gnu-arm/5.4 2016q3/bin/../lib/gcc/arm-none-eabi/5.4.1/../../../../arm-none-eabi/lib/armv7e-m\libg_nano.a(lib_a-strlen.o)
                              ./system/src/diag/Trace.o (strlen)
c:/stm32_eclipse/stm32toolchain/gnu-arm/5.4 2016q3/bin/../lib/gcc/arm-none-eabi/5.4.1/../../../../arm-none-eabi/lib/armv7e-m\libg_nano.a(lib_a-vsnprintf.o)
                              ./system/src/diag/Trace.o (vsnprintf)
c:/stm32_eclipse/stm32toolchain/gnu-arm/5.4 2016q3/bin/../lib/gcc/arm-none-eabi/5.4.1/../../../../arm-none-eabi/lib/armv7e-m\libg_nano.a(lib_a-nano-svfprintf.o)
                              c:/stm32_eclipse/stm32toolchain/gnu-arm/5.4 2016q3/bin/../lib/gcc/arm-none-eabi/5.4.1/../../../../arm-none-eabi/lib/armv7e-m\libg_nano.a(lib_a-vsnprintf.o) (_svfprintf_r)
c:/stm32_eclipse/stm32toolchain/gnu-arm/5.4 2016q3/bin/../lib/gcc/arm-none-eabi/5.4.1/../../../../arm-none-eabi/lib/armv7e-m\libg_nano.a(lib_a-nano-vfprintf_i.o)
                              c:/stm32_eclipse/stm32toolchain/gnu-arm/5.4 2016q3/bin/../lib/gcc/arm-none-eabi/5.4.1/../../../../arm-none-eabi/lib/armv7e-m\libg_nano.a(lib_a-nano-svfprintf.o) (_printf_i)
c:/stm32_eclipse/stm32toolchain/gnu-arm/5.4 2016q3/bin/../lib/gcc/arm-none-eabi/5.4.1/../../../../arm-none-eabi/lib/armv7e-m\libg_nano.a(lib_a-memchr.o)
                              c:/stm32_eclipse/stm32toolchain/gnu-arm/5.4 2016q3/bin/../lib/gcc/arm-none-eabi/5.4.1/../../../../arm-none-eabi/lib/armv7e-m\libg_nano.a(lib_a-nano-svfprintf.o) (memchr)
c:/stm32_eclipse/stm32toolchain/gnu-arm/5.4 2016q3/bin/../lib/gcc/arm-none-eabi/5.4.1/../../../../arm-none-eabi/lib/armv7e-m\libg_nano.a(lib_a-memcpy-stub.o)
                              c:/stm32_eclipse/stm32toolchain/gnu-arm/5.4 2016q3/bin/../lib/gcc/arm-none-eabi/5.4.1/../../../../arm-none-eabi/lib/armv7e-m\libg_nano.a(lib_a-nano-svfprintf.o) (memcpy)
c:/stm32_eclipse/stm32toolchain/gnu-arm/5.4 2016q3/bin/../lib/gcc/arm-none-eabi/5.4.1/../../../../arm-none-eabi/lib/armv7e-m\libg_nano.a(lib_a-memmove.o)
                              c:/stm32_eclipse/stm32toolchain/gnu-arm/5.4 2016q3/bin/../lib/gcc/arm-none-eabi/5.4.1/../../../../arm-none-eabi/lib/armv7e-m\libg_nano.a(lib_a-nano-svfprintf.o) (memmove)
c:/stm32_eclipse/stm32toolchain/gnu-arm/5.4 2016q3/bin/../lib/gcc/arm-none-eabi/5.4.1/../../../../arm-none-eabi/lib/armv7e-m\libg_nano.a(lib_a-nano-freer.o)
                              c:/stm32_eclipse/stm32toolchain/gnu-arm/5.4 2016q3/bin/../lib/gcc/arm-none-eabi/5.4.1/../../../../arm-none-eabi/lib/armv7e-m\libg_nano.a(lib_a-nano-svfprintf.o) (_free_r)
c:/stm32_eclipse/stm32toolchain/gnu-arm/5.4 2016q3/bin/../lib/gcc/arm-none-eabi/5.4.1/../../../../arm-none-eabi/lib/armv7e-m\libg_nano.a(lib_a-nano-mallocr.o)
                              c:/stm32_eclipse/stm32toolchain/gnu-arm/5.4 2016q3/bin/../lib/gcc/arm-none-eabi/5.4.1/../../../../arm-none-eabi/lib/armv7e-m\libg_nano.a(lib_a-nano-svfprintf.o) (_malloc_r)
c:/stm32_eclipse/stm32toolchain/gnu-arm/5.4 2016q3/bin/../lib/gcc/arm-none-eabi/5.4.1/../../../../arm-none-eabi/lib/armv7e-m\libg_nano.a(lib_a-nano-reallocr.o)
                              c:/stm32_eclipse/stm32toolchain/gnu-arm/5.4 2016q3/bin/../lib/gcc/arm-none-eabi/5.4.1/../../../../arm-none-eabi/lib/armv7e-m\libg_nano.a(lib_a-nano-svfprintf.o) (_realloc_r)
c:/stm32_eclipse/stm32toolchain/gnu-arm/5.4 2016q3/bin/../lib/gcc/arm-none-eabi/5.4.1/../../../../arm-none-eabi/lib/armv7e-m\libg_nano.a(lib_a-sbrkr.o)
                              c:/stm32_eclipse/stm32toolchain/gnu-arm/5.4 2016q3/bin/../lib/gcc/arm-none-eabi/5.4.1/../../../../arm-none-eabi/lib/armv7e-m\libg_nano.a(lib_a-nano-mallocr.o) (_sbrk_r)
c:/stm32_eclipse/stm32toolchain/gnu-arm/5.4 2016q3/bin/../lib/gcc/arm-none-eabi/5.4.1/../../../../arm-none-eabi/lib/armv7e-m\libg_nano.a(lib_a-mlock.o)
                              c:/stm32_eclipse/stm32toolchain/gnu-arm/5.4 2016q3/bin/../lib/gcc/arm-none-eabi/5.4.1/../../../../arm-none-eabi/lib/armv7e-m\libg_nano.a(lib_a-nano-freer.o) (__malloc_lock)
c:/stm32_eclipse/stm32toolchain/gnu-arm/5.4 2016q3/bin/../lib/gcc/arm-none-eabi/5.4.1/../../../../arm-none-eabi/lib/armv7e-m\libg_nano.a(lib_a-nano-msizer.o)
[...]
Memory Configuration

Name             Origin             Length             Attributes
RAM              0x20000000         0x00020000         xrw
CCMRAM           0x10000000         0x00010000         xrw
FLASH            0x08000000         0x00100000         xr
FLASHB1          0x00000000         0x00000000         xr
EXTMEMB0         0x00000000         0x00000000         xr
EXTMEMB1         0x00000000         0x00000000         xr
EXTMEMB2         0x00000000         0x00000000         xr
EXTMEMB3         0x00000000         0x00000000         xr
MEMORY_ARRAY     0x20002000         0x00000020         xrw
*default*        0x00000000         0xffffffff

Linker script and memory map

LOAD ./system/src/stm32f4-hal/stm32f4xx_hal.o
LOAD ./system/src/stm32f4-hal/stm32f4xx_hal_cortex.o
LOAD ./system/src/stm32f4-hal/stm32f4xx_hal_dfsdm.o
LOAD ./system/src/stm32f4-hal/stm32f4xx_hal_flash.o
LOAD ./system/src/stm32f4-hal/stm32f4xx_hal_gpio.o
LOAD ./system/src/stm32f4-hal/stm32f4xx_hal_iwdg.o
LOAD ./system/src/stm32f4-hal/stm32f4xx_hal_pwr.o
LOAD ./system/src/stm32f4-hal/stm32f4xx_hal_rcc.o
LOAD ./system/src/stm32f4-hal/stm32f4xx_hal_tim.o
LOAD ./system/src/stm32f4-hal/stm32f4xx_hal_tim_ex.o
LOAD ./system/src/newlib/_cxx.o
LOAD ./system/src/newlib/_exit.o
LOAD ./system/src/newlib/_sbrk.o
LOAD ./system/src/newlib/_startup.o
LOAD ./system/src/newlib/_syscalls.o
LOAD ./system/src/newlib/assert.o
LOAD ./system/src/diag/Trace.o
LOAD ./system/src/diag/trace_impl.o
LOAD ./system/src/cortexm/_initialize_hardware.o
LOAD ./system/src/cortexm/_reset_hardware.o
LOAD ./system/src/cortexm/exception_handlers.o
LOAD ./system/src/cmsis/system_stm32f4xx.o
LOAD ./system/src/cmsis/vectors_stm32f405xx.o
LOAD ./src/_initialize_hardware.o
LOAD ./src/_write.o
LOAD ./src/main.o
LOAD ./src/stm32f4xx_hal_msp.o
LOAD ./src/stm32f4xx_it.o
LOAD c:/stm32_eclipse/stm32toolchain/gnu-arm/5.4 2016q3/bin/../lib/gcc/arm-none-eabi/5.4.1/../../../../arm-none-eabi/lib/armv7e-m\libstdc++_nano.a
LOAD c:/stm32_eclipse/stm32toolchain/gnu-arm/5.4 2016q3/bin/../lib/gcc/arm-none-eabi/5.4.1/../../../../arm-none-eabi/lib/armv7e-m\libm.a
START GROUP
LOAD c:/stm32_eclipse/stm32toolchain/gnu-arm/5.4 2016q3/bin/../lib/gcc/arm-none-eabi/5.4.1/armv7e-m\libgcc.a
LOAD c:/stm32_eclipse/stm32toolchain/gnu-arm/5.4 2016q3/bin/../lib/gcc/arm-none-eabi/5.4.1/../../../../arm-none-eabi/lib/armv7e-m\libg_nano.a
LOAD c:/stm32_eclipse/stm32toolchain/gnu-arm/5.4 2016q3/bin/../lib/gcc/arm-none-eabi/5.4.1/../../../../arm-none-eabi/lib/armv7e-m\libc_nano.a
END GROUP
START GROUP
LOAD c:/stm32_eclipse/stm32toolchain/gnu-arm/5.4 2016q3/bin/../lib/gcc/arm-none-eabi/5.4.1/armv7e-m\libgcc.a
LOAD c:/stm32_eclipse/stm32toolchain/gnu-arm/5.4 2016q3/bin/../lib/gcc/arm-none-eabi/5.4.1/../../../../arm-none-eabi/lib/armv7e-m\libc_nano.a
END GROUP
                0x20020000                __stack = (ORIGIN (RAM) + LENGTH (RAM))
                0x20020000                _estack = __stack
                0x00000400                __Main_Stack_Size = 0x400
                [!provide]                PROVIDE (_Main_Stack_Size, __Main_Stack_Size)
                0x2001fc00                __Main_Stack_Limit = (__stack - __Main_Stack_Size)
                [!provide]                PROVIDE (_Main_Stack_Limit, __Main_Stack_Limit)
                0x00000100                _Minimum_Stack_Size = 0x100
                0x20000228                PROVIDE (_Heap_Begin, _end_noinit)
                0x2001fc00                PROVIDE (_Heap_Limit, (__stack - __Main_Stack_Size))

.isr_vector     0x08000000      0x3c0
 FILL mask 0xff
                0x08000000                __vectors_start = ABSOLUTE (.)
                0x08000000                __vectors_start__ = ABSOLUTE (.)
 *(.isr_vector)
 .isr_vector    0x08000000      0x188 ./system/src/cmsis/vectors_stm32f405xx.o
                0x08000000                __isr_vectors
 *(.cfmconfig)
 *(.after_vectors .after_vectors.*)
 .after_vectors
                0x08000188      0x130 ./system/src/newlib/_startup.o
                0x08000188                _start
 .after_vectors
                0x080002b8      0x104 ./system/src/cortexm/exception_handlers.o
                0x080002b8                Reset_Handler
                0x080002d8                HardFault_Handler_C
                0x08000324                BusFault_Handler_C
                0x0800036c                UsageFault_Handler_C
 .after_vectors
                0x080003bc        0x4 ./system/src/cmsis/vectors_stm32f405xx.o
                0x080003bc                RTC_Alarm_IRQHandler
                0x080003bc                HASH_RNG_IRQHandler
                0x080003bc                TIM8_CC_IRQHandler
                0x080003bc                TIM1_CC_IRQHandler
                0x080003bc                DMA2_Stream5_IRQHandler
                0x080003bc                DMA1_Stream5_IRQHandler
                0x080003bc                PVD_IRQHandler
                0x080003bc                SDIO_IRQHandler
                0x080003bc                TAMP_STAMP_IRQHandler
                0x080003bc                CAN2_RX1_IRQHandler
                0x080003bc                EXTI3_IRQHandler
                0x080003bc                TIM8_TRG_COM_TIM14_IRQHandler
                0x080003bc                TIM1_UP_TIM10_IRQHandler
                0x080003bc                TIM8_UP_TIM13_IRQHandler
                0x080003bc                I2C3_ER_IRQHandler
                0x080003bc                I2C2_EV_IRQHandler
                0x080003bc                DMA1_Stream2_IRQHandler
                0x080003bc                CAN1_RX0_IRQHandler
                0x080003bc                FPU_IRQHandler
                0x080003bc                OTG_HS_WKUP_IRQHandler
                0x080003bc                CAN2_SCE_IRQHandler
                0x080003bc                DMA2_Stream2_IRQHandler
                0x080003bc                SPI1_IRQHandler
                0x080003bc                TIM6_DAC_IRQHandler
                0x080003bc                TIM1_BRK_TIM9_IRQHandler
                0x080003bc                CAN2_RX0_IRQHandler
                0x080003bc                DMA2_Stream3_IRQHandler
                0x080003bc                USART6_IRQHandler
                0x080003bc                USART3_IRQHandler
                0x080003bc                CAN1_RX1_IRQHandler
                0x080003bc                UART5_IRQHandler
                0x080003bc                DMA2_Stream0_IRQHandler
                0x080003bc                TIM4_IRQHandler
                0x080003bc                I2C1_EV_IRQHandler
                0x080003bc                DMA1_Stream6_IRQHandler
                0x080003bc                DMA1_Stream1_IRQHandler
                0x080003bc                UART4_IRQHandler
                0x080003bc                RCC_IRQHandler
                0x080003bc                TIM8_BRK_TIM12_IRQHandler
                0x080003bc                Default_Handler
                0x080003bc                ADC_IRQHandler
                0x080003bc                DMA1_Stream7_IRQHandler
                0x080003bc                TIM7_IRQHandler
                0x080003bc                CAN2_TX_IRQHandler
                0x080003bc                TIM5_IRQHandler
                0x080003bc                DMA2_Stream7_IRQHandler
                0x080003bc                I2C3_EV_IRQHandler
                0x080003bc                RTC_WKUP_IRQHandler
                0x080003bc                SPI2_IRQHandler
                0x080003bc                OTG_HS_EP1_IN_IRQHandler
                0x080003bc                DMA1_Stream0_IRQHandler
                0x080003bc                CAN1_TX_IRQHandler
                0x080003bc                EXTI4_IRQHandler
                0x080003bc                OTG_HS_EP1_OUT_IRQHandler
                0x080003bc                WWDG_IRQHandler
                0x080003bc                OTG_FS_WKUP_IRQHandler
                0x080003bc                TIM1_TRG_COM_TIM11_IRQHandler
                0x080003bc                OTG_HS_IRQHandler
                0x080003bc                USART2_IRQHandler
                0x080003bc                I2C2_ER_IRQHandler
                0x080003bc                DMA2_Stream1_IRQHandler
                0x080003bc                CAN1_SCE_IRQHandler
                0x080003bc                FLASH_IRQHandler
                0x080003bc                DMA2_Stream4_IRQHandler
                0x080003bc                USART1_IRQHandler
                0x080003bc                OTG_FS_IRQHandler
                0x080003bc                SPI3_IRQHandler
                0x080003bc                DMA1_Stream4_IRQHandler
                0x080003bc                I2C1_ER_IRQHandler
                0x080003bc                FMC_IRQHandler
                0x080003bc                DMA2_Stream6_IRQHandler
                0x080003bc                DMA1_Stream3_IRQHandler

.inits          0x080003c0       0x28
                0x080003c0                __data_regions_array_start = .
                0x080003c0        0x4 LONG 0x8002a24 LOADADDR (.data)
                0x080003c4        0x4 LONG 0x20000000 ADDR (.data)
                0x080003c8        0x4 LONG 0x2000007c (ADDR (.data) + SIZEOF (.data))
                0x080003cc        0x4 LONG 0x8002a24 LOADADDR (.data_CCMRAM)
                0x080003d0        0x4 LONG 0x10000000 ADDR (.data_CCMRAM)
                0x080003d4        0x4 LONG 0x10000000 (ADDR (.data_CCMRAM) + SIZEOF (.data_CCMRAM))
                0x080003d8                __data_regions_array_end = .
                0x080003d8                __bss_regions_array_start = .
                0x080003d8        0x4 LONG 0x2000007c ADDR (.bss)
                0x080003dc        0x4 LONG 0x20000228 (ADDR (.bss) + SIZEOF (.bss))
                0x080003e0        0x4 LONG 0x10000000 ADDR (.bss_CCMRAM)
                0x080003e4        0x4 LONG 0x10000000 (ADDR (.bss_CCMRAM) + SIZEOF (.bss_CCMRAM))
                0x080003e8                __bss_regions_array_end = .
 *(.init)
 *(.fini)
                0x080003e8                . = ALIGN (0x4)
                0x080003e8                PROVIDE (__preinit_array_start, .)
 *(.preinit_array_sysinit .preinit_array_sysinit.*)
 *(.preinit_array_platform .preinit_array_platform.*)
 *(.preinit_array .preinit_array.*)
                0x080003e8                PROVIDE (__preinit_array_end, .)
                0x080003e8                . = ALIGN (0x4)
                0x080003e8                PROVIDE (__init_array_start, .)
 *(SORT(.init_array.*))
 *(.init_array)
                0x080003e8                PROVIDE (__init_array_end, .)
                0x080003e8                . = ALIGN (0x4)
                0x080003e8                PROVIDE (__fini_array_start, .)
 *(SORT(.fini_array.*))
 *(.fini_array)
                0x080003e8                PROVIDE (__fini_array_end, .)

.flashtext
 *(.flashtext .flashtext.*)

.text           0x080003f0     0x2633
 *(.text .text.*)
 .text.HAL_InitTick
                0x080003f0       0x2c ./system/src/stm32f4-hal/stm32f4xx_hal.o
                0x080003f0                HAL_InitTick
 .text.HAL_Init
                0x0800041c       0x34 ./system/src/stm32f4-hal/stm32f4xx_hal.o
                0x0800041c                HAL_Init
 .text.HAL_IncTick
                0x08000450       0x10 ./system/src/stm32f4-hal/stm32f4xx_hal.o
                0x08000450                HAL_IncTick
 .text.HAL_GetTick
                0x08000460        0xc ./system/src/stm32f4-hal/stm32f4xx_hal.o
                0x08000460                HAL_GetTick
 .text.HAL_NVIC_SetPriorityGrouping
                0x0800046c       0x3c ./system/src/stm32f4-hal/stm32f4xx_hal_cortex.o
                0x0800046c                HAL_NVIC_SetPriorityGrouping
 .text.HAL_NVIC_SetPriority
                0x080004a8       0x84 ./system/src/stm32f4-hal/stm32f4xx_hal_cortex.o
                0x080004a8                HAL_NVIC_SetPriority
 .text.HAL_NVIC_EnableIRQ
                0x0800052c       0x2c ./system/src/stm32f4-hal/stm32f4xx_hal_cortex.o
                0x0800052c                HAL_NVIC_EnableIRQ
 .text.HAL_SYSTICK_Config
                0x08000558       0x2c ./system/src/stm32f4-hal/stm32f4xx_hal_cortex.o
                0x08000558                HAL_SYSTICK_Config
 .text.HAL_SYSTICK_CLKSourceConfig
                0x08000584       0x38 ./system/src/stm32f4-hal/stm32f4xx_hal_cortex.o
                0x08000584                HAL_SYSTICK_CLKSourceConfig
 .text.HAL_GPIO_Init
                0x080005bc      0x324 ./system/src/stm32f4-hal/stm32f4xx_hal_gpio.o
                0x080005bc                HAL_GPIO_Init
 .text.HAL_GPIO_WritePin
                0x080008e0       0x34 ./system/src/stm32f4-hal/stm32f4xx_hal_gpio.o
                0x080008e0                HAL_GPIO_WritePin
 .text.HAL_GPIO_TogglePin
                0x08000914       0x20 ./system/src/stm32f4-hal/stm32f4xx_hal_gpio.o
                0x08000914                HAL_GPIO_TogglePin
 .text.HAL_GPIO_EXTI_IRQHandler
                0x08000934       0x18 ./system/src/stm32f4-hal/stm32f4xx_hal_gpio.o
                0x08000934                HAL_GPIO_EXTI_IRQHandler
 .text.HAL_RCC_OscConfig
                0x0800094c      0x448 ./system/src/stm32f4-hal/stm32f4xx_hal_rcc.o
                0x0800094c                HAL_RCC_OscConfig
 .text.HAL_RCC_GetSysClockFreq
                0x08000d94       0xa0 ./system/src/stm32f4-hal/stm32f4xx_hal_rcc.o
                0x08000d94                HAL_RCC_GetSysClockFreq
 .text.HAL_RCC_ClockConfig
                0x08000e34      0x264 ./system/src/stm32f4-hal/stm32f4xx_hal_rcc.o
                0x08000e34                HAL_RCC_ClockConfig
 .text.HAL_RCC_GetHCLKFreq
                0x08001098        0xc ./system/src/stm32f4-hal/stm32f4xx_hal_rcc.o
                0x08001098                HAL_RCC_GetHCLKFreq
 .text.HAL_TIM_Base_MspInit
                0x080010a4        0x4 ./system/src/stm32f4-hal/stm32f4xx_hal_tim.o
                0x080010a4                HAL_TIM_Base_MspInit
 .text.HAL_TIM_Base_Start_IT
                0x080010a8       0x9c ./system/src/stm32f4-hal/stm32f4xx_hal_tim.o
                0x080010a8                HAL_TIM_Base_Start_IT
 .text.HAL_TIM_OC_DelayElapsedCallback
                0x08001144        0x4 ./system/src/stm32f4-hal/stm32f4xx_hal_tim.o
                0x08001144                HAL_TIM_OC_DelayElapsedCallback
 .text.HAL_TIM_IC_CaptureCallback
                0x08001148        0x4 ./system/src/stm32f4-hal/stm32f4xx_hal_tim.o
                0x08001148                HAL_TIM_IC_CaptureCallback
 .text.HAL_TIM_PWM_PulseFinishedCallback
                0x0800114c        0x4 ./system/src/stm32f4-hal/stm32f4xx_hal_tim.o
                0x0800114c                HAL_TIM_PWM_PulseFinishedCallback
 .text.HAL_TIM_TriggerCallback
                0x08001150        0x4 ./system/src/stm32f4-hal/stm32f4xx_hal_tim.o
                0x08001150                HAL_TIM_TriggerCallback
 .text.HAL_TIM_IRQHandler
                0x08001154      0x174 ./system/src/stm32f4-hal/stm32f4xx_hal_tim.o
                0x08001154                HAL_TIM_IRQHandler
 .text.TIM_Base_SetConfig
                0x080012c8      0x11c ./system/src/stm32f4-hal/stm32f4xx_hal_tim.o
                0x080012c8                TIM_Base_SetConfig
 .text.HAL_TIM_Base_Init
                0x080013e4       0xec ./system/src/stm32f4-hal/stm32f4xx_hal_tim.o
                0x080013e4                HAL_TIM_Base_Init
 .text.HAL_TIMEx_CommutationCallback
                0x080014d0        0x4 ./system/src/stm32f4-hal/stm32f4xx_hal_tim_ex.o
                0x080014d0                HAL_TIMEx_CommutationCallback
 .text.HAL_TIMEx_BreakCallback
                0x080014d4        0x4 ./system/src/stm32f4-hal/stm32f4xx_hal_tim_ex.o
                0x080014d4                HAL_TIMEx_BreakCallback
 .text._exit    0x080014d8        0x4 ./system/src/newlib/_exit.o
                0x080014d8                _exit
 .text.abort    0x080014dc       0x14 ./system/src/newlib/_exit.o
                0x080014dc                abort
 .text._sbrk    0x080014f0       0x44 ./system/src/newlib/_sbrk.o
                0x080014f0                _sbrk
 .text.__initialize_args
                0x08001534       0x10 ./system/src/newlib/_syscalls.o
                0x08001534                __initialize_args
 .text.assert_failed
                0x08001544       0x14 ./system/src/newlib/assert.o
                0x08001544                assert_failed
 .text.trace_printf
                0x08001558       0x30 ./system/src/diag/Trace.o
                0x08001558                trace_printf
 .text.trace_puts
                0x08001588       0x20 ./system/src/diag/Trace.o
                0x08001588                trace_puts
 .text._trace_write_itm
                0x080015a8       0x48 ./system/src/diag/trace_impl.o
 .text.trace_write
                0x080015f0        0x8 ./system/src/diag/trace_impl.o
                0x080015f0                trace_write
 .text.__initialize_hardware_early
                0x080015f8       0x18 ./system/src/cortexm/_initialize_hardware.o
                0x080015f8                __initialize_hardware_early
 .text.dumpExceptionStack
                0x08001610       0xf0 ./system/src/cortexm/exception_handlers.o
                0x08001610                dumpExceptionStack
 .text.SystemInit
                0x08001700       0x40 ./system/src/cmsis/system_stm32f4xx.o
                0x08001700                SystemInit
 .text.SystemCoreClockUpdate
                0x08001740       0xa0 ./system/src/cmsis/system_stm32f4xx.o
                0x08001740                SystemCoreClockUpdate
 .text.SystemClock_Config
                0x080017e0       0x9c ./src/_initialize_hardware.o
                0x080017e0                SystemClock_Config
 .text.__initialize_hardware
                0x0800187c       0x10 ./src/_initialize_hardware.o
                0x0800187c                __initialize_hardware
 .text.open_led
                0x0800188c       0x44 ./src/main.o
                0x0800188c                open_led
 .text.open_dc_motor
                0x080018d0       0x88 ./src/main.o
                0x080018d0                open_dc_motor
 .text.dc_motor_cntl
                0x08001958       0x80 ./src/main.o
                0x08001958                dc_motor_cntl
 .text.open_jogsw
                0x080019d8       0x8c ./src/main.o
                0x080019d8                open_jogsw
 .text.open_ld  0x08001a64       0x50 ./src/main.o
                0x08001a64                open_ld
 .text.ld_cntl  0x08001ab4       0x10 ./src/main.o
                0x08001ab4                ld_cntl
 .text.open_tactsw
                0x08001ac4       0x6c ./src/main.o
                0x08001ac4                open_tactsw
 .text.board_initialize
                0x08001b30       0x28 ./src/main.o
                0x08001b30                board_initialize
 .text.timer_initialize
                0x08001b58       0xb0 ./src/main.o
                0x08001b58                timer_initialize
 .text.main     0x08001c08        0xc ./src/main.o
                0x08001c08                main
 .text.HAL_TIM_PeriodElapsedCallback
                0x08001c14       0x68 ./src/main.o
                0x08001c14                HAL_TIM_PeriodElapsedCallback
 .text.HAL_GPIO_EXTI_Callback
                0x08001c7c       0xd4 ./src/main.o
                0x08001c7c                HAL_GPIO_EXTI_Callback
 .text.HAL_MspInit
                0x08001d50        0x4 ./src/stm32f4xx_hal_msp.o
                0x08001d50                HAL_MspInit
 .text.TIM2_IRQHandler
                0x08001d54       0x10 ./src/stm32f4xx_it.o
                0x08001d54                TIM2_IRQHandler
 .text.TIM3_IRQHandler
                0x08001d64       0x10 ./src/stm32f4xx_it.o
                0x08001d64                TIM3_IRQHandler
 .text.EXTI0_IRQHandler
                0x08001d74        0xc ./src/stm32f4xx_it.o
                0x08001d74                EXTI0_IRQHandler
 .text.EXTI1_IRQHandler
                0x08001d80        0xc ./src/stm32f4xx_it.o
                0x08001d80                EXTI1_IRQHandler
 .text.EXTI2_IRQHandler
                0x08001d8c        0xc ./src/stm32f4xx_it.o
                0x08001d8c                EXTI2_IRQHandler
 .text.EXTI9_5_IRQHandler
                0x08001d98        0xc ./src/stm32f4xx_it.o
                0x08001d98                EXTI9_5_IRQHandler
 .text.EXTI15_10_IRQHandler
                0x08001da4       0x1c ./src/stm32f4xx_it.o
                0x08001da4                EXTI15_10_IRQHandler
 .text.NMI_Handler
                0x08001dc0        0x4 ./src/stm32f4xx_it.o
                0x08001dc0                NMI_Handler
 .text.HardFault_Handler
                0x08001dc4        0x4 ./src/stm32f4xx_it.o
                0x08001dc4                HardFault_Handler
 .text.MemManage_Handler
                0x08001dc8        0x4 ./src/stm32f4xx_it.o
                0x08001dc8                MemManage_Handler
 .text.BusFault_Handler
                0x08001dcc        0x4 ./src/stm32f4xx_it.o
                0x08001dcc                BusFault_Handler
 .text.UsageFault_Handler
                0x08001dd0        0x4 ./src/stm32f4xx_it.o
                0x08001dd0                UsageFault_Handler
 .text.SVC_Handler
                0x08001dd4        0x4 ./src/stm32f4xx_it.o
                0x08001dd4                SVC_Handler
 .text.DebugMon_Handler
                0x08001dd8        0x4 ./src/stm32f4xx_it.o
                0x08001dd8                DebugMon_Handler
 .text.PendSV_Handler
                0x08001ddc        0x4 ./src/stm32f4xx_it.o
                0x08001ddc                PendSV_Handler
 .text.SysTick_Handler
                0x08001de0        0x8 ./src/stm32f4xx_it.o
                0x08001de0                SysTick_Handler
 .text.__errno  0x08001de8        0xc c:/stm32_eclipse/stm32toolchain/gnu-arm/5.4 2016q3/bin/../lib/gcc/arm-none-eabi/5.4.1/../../../../arm-none-eabi/lib/armv7e-m\libg_nano.a(lib_a-errno.o)
                0x08001de8                __errno
 .text          0x08001df4       0x10 c:/stm32_eclipse/stm32toolchain/gnu-arm/5.4 2016q3/bin/../lib/gcc/arm-none-eabi/5.4.1/../../../../arm-none-eabi/lib/armv7e-m\libg_nano.a(lib_a-strlen.o)
                0x08001df4                strlen
 .text._vsnprintf_r
                0x08001e04       0x56 c:/stm32_eclipse/stm32toolchain/gnu-arm/5.4 2016q3/bin/../lib/gcc/arm-none-eabi/5.4.1/../../../../arm-none-eabi/lib/armv7e-m\libg_nano.a(lib_a-vsnprintf.o)
                0x08001e04                _vsniprintf_r
                0x08001e04                _vsnprintf_r
 *fill*         0x08001e5a        0x2 
 .text.vsnprintf
                0x08001e5c       0x1c c:/stm32_eclipse/stm32toolchain/gnu-arm/5.4 2016q3/bin/../lib/gcc/arm-none-eabi/5.4.1/../../../../arm-none-eabi/lib/armv7e-m\libg_nano.a(lib_a-vsnprintf.o)
                0x08001e5c                vsniprintf
                0x08001e5c                vsnprintf
 .text.__ssputs_r
                0x08001e78       0xb2 c:/stm32_eclipse/stm32toolchain/gnu-arm/5.4 2016q3/bin/../lib/gcc/arm-none-eabi/5.4.1/../../../../arm-none-eabi/lib/armv7e-m\libg_nano.a(lib_a-nano-svfprintf.o)
                0x08001e78                __ssputs_r
 *fill*         0x08001f2a        0x2 
 .text._svfprintf_r
                0x08001f2c      0x1e8 c:/stm32_eclipse/stm32toolchain/gnu-arm/5.4 2016q3/bin/../lib/gcc/arm-none-eabi/5.4.1/../../../../arm-none-eabi/lib/armv7e-m\libg_nano.a(lib_a-nano-svfprintf.o)
                0x08001f2c                _svfiprintf_r
                0x08001f2c                _svfprintf_r
 .text._printf_common
                0x08002114       0xec c:/stm32_eclipse/stm32toolchain/gnu-arm/5.4 2016q3/bin/../lib/gcc/arm-none-eabi/5.4.1/../../../../arm-none-eabi/lib/armv7e-m\libg_nano.a(lib_a-nano-vfprintf_i.o)
                0x08002114                _printf_common
 .text._printf_i
                0x08002200      0x24c c:/stm32_eclipse/stm32toolchain/gnu-arm/5.4 2016q3/bin/../lib/gcc/arm-none-eabi/5.4.1/../../../../arm-none-eabi/lib/armv7e-m\libg_nano.a(lib_a-nano-vfprintf_i.o)
                0x08002200                _printf_i
 *fill*         0x0800244c        0x4 
 .text          0x08002450       0xa0 c:/stm32_eclipse/stm32toolchain/gnu-arm/5.4 2016q3/bin/../lib/gcc/arm-none-eabi/5.4.1/../../../../arm-none-eabi/lib/armv7e-m\libg_nano.a(lib_a-memchr.o)
                0x08002450                memchr
 .text.memcpy   0x080024f0       0x16 c:/stm32_eclipse/stm32toolchain/gnu-arm/5.4 2016q3/bin/../lib/gcc/arm-none-eabi/5.4.1/../../../../arm-none-eabi/lib/armv7e-m\libg_nano.a(lib_a-memcpy-stub.o)
                0x080024f0                memcpy
 .text.memmove  0x08002506       0x36 c:/stm32_eclipse/stm32toolchain/gnu-arm/5.4 2016q3/bin/../lib/gcc/arm-none-eabi/5.4.1/../../../../arm-none-eabi/lib/armv7e-m\libg_nano.a(lib_a-memmove.o)
                0x08002506                memmove
 .text._free_r  0x0800253c       0x9c c:/stm32_eclipse/stm32toolchain/gnu-arm/5.4 2016q3/bin/../lib/gcc/arm-none-eabi/5.4.1/../../../../arm-none-eabi/lib/armv7e-m\libg_nano.a(lib_a-nano-freer.o)
                0x0800253c                _free_r
 .text._malloc_r
                0x080025d8       0xbc c:/stm32_eclipse/stm32toolchain/gnu-arm/5.4 2016q3/bin/../lib/gcc/arm-none-eabi/5.4.1/../../../../arm-none-eabi/lib/armv7e-m\libg_nano.a(lib_a-nano-mallocr.o)
                0x080025d8                _malloc_r
 .text._realloc_r
                0x08002694       0x4c c:/stm32_eclipse/stm32toolchain/gnu-arm/5.4 2016q3/bin/../lib/gcc/arm-none-eabi/5.4.1/../../../../arm-none-eabi/lib/armv7e-m\libg_nano.a(lib_a-nano-reallocr.o)
                0x08002694                _realloc_r
 .text._sbrk_r  0x080026e0       0x20 c:/stm32_eclipse/stm32toolchain/gnu-arm/5.4 2016q3/bin/../lib/gcc/arm-none-eabi/5.4.1/../../../../arm-none-eabi/lib/armv7e-m\libg_nano.a(lib_a-sbrkr.o)
                0x080026e0                _sbrk_r
 .text.__malloc_lock
                0x08002700        0x2 c:/stm32_eclipse/stm32toolchain/gnu-arm/5.4 2016q3/bin/../lib/gcc/arm-none-eabi/5.4.1/../../../../arm-none-eabi/lib/armv7e-m\libg_nano.a(lib_a-mlock.o)
                0x08002700                __malloc_lock
 .text.__malloc_unlock
                0x08002702        0x2 c:/stm32_eclipse/stm32toolchain/gnu-arm/5.4 2016q3/bin/../lib/gcc/arm-none-eabi/5.4.1/../../../../arm-none-eabi/lib/armv7e-m\libg_nano.a(lib_a-mlock.o)
                0x08002702                __malloc_unlock
 .text._malloc_usable_size_r
                0x08002704       0x14 c:/stm32_eclipse/stm32toolchain/gnu-arm/5.4 2016q3/bin/../lib/gcc/arm-none-eabi/5.4.1/../../../../arm-none-eabi/lib/armv7e-m\libg_nano.a(lib_a-nano-msizer.o)
                0x08002704                _malloc_usable_size_r
 *(.rodata .rodata.* .constdata .constdata.*)
 .rodata.str1.4
                0x08002718       0x31 ./system/src/stm32f4-hal/stm32f4xx_hal_cortex.o
 *fill*         0x08002749        0x3 
 .rodata.str1.4
                0x0800274c       0x2f ./system/src/stm32f4-hal/stm32f4xx_hal_gpio.o
 *fill*         0x0800277b        0x1 
 .rodata.APBAHBPrescTable
                0x0800277c       0x10 ./system/src/stm32f4-hal/stm32f4xx_hal_rcc.o
                0x0800277c                APBAHBPrescTable
 .rodata.str1.4
                0x0800278c       0x2e ./system/src/stm32f4-hal/stm32f4xx_hal_rcc.o
 *fill*         0x080027ba        0x2 
 .rodata.str1.4
                0x080027bc       0x2e ./system/src/stm32f4-hal/stm32f4xx_hal_tim.o
 *fill*         0x080027ea        0x2 
 .rodata.str1.4
                0x080027ec       0x14 ./system/src/newlib/_exit.o
 .rodata.str1.4
                0x08002800       0x6b ./system/src/newlib/assert.o
                                 0x6f (size before relaxing)
 *fill*         0x0800286b        0x1 
 .rodata.str1.4
                0x0800286c       0x29 ./system/src/diag/Trace.o
                                 0x2d (size before relaxing)
 *fill*         0x08002895        0x3 
 .rodata.str1.4
                0x08002898      0x148 ./system/src/cortexm/exception_handlers.o
                                0x146 (size before relaxing)
 .rodata.AHBPrescTable
                0x080029e0       0x10 ./system/src/cmsis/system_stm32f4xx.o
                0x080029e0                AHBPrescTable
 .rodata.str1.1
                0x080029f0       0x11 c:/stm32_eclipse/stm32toolchain/gnu-arm/5.4 2016q3/bin/../lib/gcc/arm-none-eabi/5.4.1/../../../../arm-none-eabi/lib/armv7e-m\libg_nano.a(lib_a-nano-svfprintf.o)
 .rodata.str1.1
                0x08002a01       0x22 c:/stm32_eclipse/stm32toolchain/gnu-arm/5.4 2016q3/bin/../lib/gcc/arm-none-eabi/5.4.1/../../../../arm-none-eabi/lib/armv7e-m\libg_nano.a(lib_a-nano-vfprintf_i.o)
 *(vtable)
 *(.eh_frame*)
 *(.glue_7)
 .glue_7        0x08002a23        0x0 linker stubs
 *(.glue_7t)
 .glue_7t       0x08002a23        0x0 linker stubs

.vfp11_veneer   0x08002a24        0x0
 .vfp11_veneer  0x08002a24        0x0 linker stubs

.v4_bx          0x08002a24        0x0
 .v4_bx         0x08002a24        0x0 linker stubs

.iplt           0x08002a24        0x0
 .iplt          0x08002a24        0x0 ./system/src/stm32f4-hal/stm32f4xx_hal.o

.rel.dyn        0x08002a24        0x0
 .rel.iplt      0x08002a24        0x0 ./system/src/stm32f4-hal/stm32f4xx_hal.o

.ARM.extab
 *(.ARM.extab* .gnu.linkonce.armextab.*)
                0x08002a24                . = ALIGN (0x4)
                0x08002a24                __exidx_start = .

.ARM.exidx
 *(.ARM.exidx* .gnu.linkonce.armexidx.*)
                0x08002a24                __exidx_end = .
                0x08002a24                . = ALIGN (0x4)
                0x08002a24                _etext = .
                0x08002a24                __etext = .

.data_CCMRAM    0x10000000        0x0 load address 0x08002a24
 FILL mask 0xff
 *(.data.CCMRAM .data.CCMRAM.*)
                0x10000000                . = ALIGN (0x4)
                0x08002a24                _sidata = LOADADDR (.data)

.data           0x20000000       0x7c load address 0x08002a24
 FILL mask 0xff
                0x20000000                _sdata = .
                0x20000000                __data_start__ = .
 *(.data_begin .data_begin.*)
 .data_begin    0x20000000        0x4 ./system/src/newlib/_startup.o
 *(.data .data.*)
 .data.argv.4290
                0x20000004        0x8 ./system/src/newlib/_syscalls.o
 .data.SystemCoreClock
                0x2000000c        0x4 ./system/src/cmsis/system_stm32f4xx.o
                0x2000000c                SystemCoreClock
 .data.LED1_st  0x20000010        0x1 ./src/main.o
                0x20000010                LED1_st
 .data.LED2_st  0x20000011        0x1 ./src/main.o
                0x20000011                LED2_st
 *fill*         0x20000012        0x2 ff
 .data.impure_data
                0x20000014       0x60 c:/stm32_eclipse/stm32toolchain/gnu-arm/5.4 2016q3/bin/../lib/gcc/arm-none-eabi/5.4.1/../../../../arm-none-eabi/lib/armv7e-m\libg_nano.a(lib_a-impure.o)
 .data._impure_ptr
                0x20000074        0x4 c:/stm32_eclipse/stm32toolchain/gnu-arm/5.4 2016q3/bin/../lib/gcc/arm-none-eabi/5.4.1/../../../../arm-none-eabi/lib/armv7e-m\libg_nano.a(lib_a-impure.o)
                0x20000074                _impure_ptr
 *(.data_end .data_end.*)
 .data_end      0x20000078        0x4 ./system/src/newlib/_startup.o
                0x2000007c                . = ALIGN (0x4)
                0x2000007c                _edata = .
                0x2000007c                __data_end__ = .

.igot.plt       0x2000007c        0x0 load address 0x08002aa0
 .igot.plt      0x2000007c        0x0 ./system/src/stm32f4-hal/stm32f4xx_hal.o

.bss_CCMRAM     0x10000000        0x0
 *(.bss.CCMRAM .bss.CCMRAM.*)

.bss            0x2000007c      0x1ac
                0x2000007c                __bss_start__ = .
                0x2000007c                _sbss = .
 *(.bss_begin .bss_begin.*)
 .bss_begin     0x2000007c        0x4 ./system/src/newlib/_startup.o
 *(.bss .bss.*)
 .bss.current_heap_end.3974
                0x20000080        0x4 ./system/src/newlib/_sbrk.o
 .bss.name.4289
                0x20000084        0x1 ./system/src/newlib/_syscalls.o
 *fill*         0x20000085        0x3 
 .bss.buf.5179  0x20000088       0x80 ./system/src/diag/Trace.o
 .bss.LD_value  0x20000108        0x1 ./src/main.o
                0x20000108                LD_value
 .bss.motor_st  0x20000109        0x1 ./src/main.o
                0x20000109                motor_st
 *fill*         0x2000010a        0x2 
 .bss.__malloc_sbrk_start
                0x2000010c        0x4 c:/stm32_eclipse/stm32toolchain/gnu-arm/5.4 2016q3/bin/../lib/gcc/arm-none-eabi/5.4.1/../../../../arm-none-eabi/lib/armv7e-m\libg_nano.a(lib_a-nano-mallocr.o)
                0x2000010c                __malloc_sbrk_start
 .bss.__malloc_free_list
                0x20000110        0x4 c:/stm32_eclipse/stm32toolchain/gnu-arm/5.4 2016q3/bin/../lib/gcc/arm-none-eabi/5.4.1/../../../../arm-none-eabi/lib/armv7e-m\libg_nano.a(lib_a-nano-mallocr.o)
                0x20000110                __malloc_free_list
 *(COMMON)
 COMMON         0x20000114        0x4 ./system/src/stm32f4-hal/stm32f4xx_hal.o
                0x20000114                uwTick
 COMMON         0x20000118        0x4 ./system/src/newlib/_syscalls.o
                0x20000118                errno
 COMMON         0x2000011c      0x108 ./src/main.o
                0x2000011c                LD
                0x20000130                TimHandle2
                0x2000016c                TACT_SW
                0x20000180                JOG_SW
                0x20000194                Motor_PWM
                0x200001a8                Motor_N
                0x200001bc                data
                0x200001c0                Motor_P
                0x200001d4                LED
                0x200001e8                TimHandle3
 *(.bss_end .bss_end.*)
 .bss_end       0x20000224        0x4 ./system/src/newlib/_startup.o
                0x20000228                . = ALIGN (0x4)
                0x20000228                __bss_end__ = .
                0x20000228                _ebss = .

.noinit_CCMRAM
 *(.noinit.CCMRAM .noinit.CCMRAM.*)

.noinit         0x20000228        0x0
                0x20000228                _noinit = .
 *(.noinit .noinit.*)
                0x20000228                . = ALIGN (0x4)
                0x20000228                _end_noinit = .
                [!provide]                PROVIDE (end, _end_noinit)
                [!provide]                PROVIDE (_end, _end_noinit)
                [!provide]                PROVIDE (__end, _end_noinit)
                [!provide]                PROVIDE (__end__, _end_noinit)

._check_stack   0x20000228      0x100
                0x20000328                . = (. + _Minimum_Stack_Size)
 *fill*         0x20000228      0x100 

.b1text
 *(.b1text)
 *(.b1rodata)
 *(.b1rodata.*)

.eb0text
 *(.eb0text)
 *(.eb0rodata)
 *(.eb0rodata.*)

.eb1text
 *(.eb1text)
 *(.eb1rodata)
 *(.eb1rodata.*)

.eb2text
 *(.eb2text)
 *(.eb2rodata)
 *(.eb2rodata.*)

.eb3text
 *(.eb3text)
 *(.eb3rodata)
 *(.eb3rodata.*)

.stab
 *(.stab)

.stabstr
 *(.stabstr)

.stab.excl
 *(.stab.excl)

.stab.exclstr
 *(.stab.exclstr)

.stab.index
 *(.stab.index)

.stab.indexstr
 *(.stab.indexstr)

.comment        0x00000000       0x6e
 *(.comment)
 .comment       0x00000000       0x6e ./system/src/stm32f4-hal/stm32f4xx_hal.o
                                 0x6f (size before relaxing)
 .comment       0x0000006e       0x6f ./system/src/stm32f4-hal/stm32f4xx_hal_cortex.o
 .comment       0x0000006e       0x6f ./system/src/stm32f4-hal/stm32f4xx_hal_gpio.o
 .comment       0x0000006e       0x6f ./system/src/stm32f4-hal/stm32f4xx_hal_rcc.o
 .comment       0x0000006e       0x6f ./system/src/stm32f4-hal/stm32f4xx_hal_tim.o
 .comment       0x0000006e       0x6f ./system/src/stm32f4-hal/stm32f4xx_hal_tim_ex.o
 .comment       0x0000006e       0x6f ./system/src/newlib/_exit.o
 .comment       0x0000006e       0x6f ./system/src/newlib/_sbrk.o
 .comment       0x0000006e       0x6f ./system/src/newlib/_startup.o
 .comment       0x0000006e       0x6f ./system/src/newlib/_syscalls.o
 .comment       0x0000006e       0x6f ./system/src/newlib/assert.o
 .comment       0x0000006e       0x6f ./system/src/diag/Trace.o
 .comment       0x0000006e       0x6f ./system/src/diag/trace_impl.o
 .comment       0x0000006e       0x6f ./system/src/cortexm/_initialize_hardware.o
 .comment       0x0000006e       0x6f ./system/src/cortexm/exception_handlers.o
 .comment       0x0000006e       0x6f ./system/src/cmsis/system_stm32f4xx.o
 .comment       0x0000006e       0x6f ./system/src/cmsis/vectors_stm32f405xx.o
 .comment       0x0000006e       0x6f ./src/_initialize_hardware.o
 .comment       0x0000006e       0x6f ./src/main.o
 .comment       0x0000006e       0x6f ./src/stm32f4xx_hal_msp.o
 .comment       0x0000006e       0x6f ./src/stm32f4xx_it.o

.ARM.attributes
                0x00000000       0x31
 .ARM.attributes
                0x00000000       0x33 ./system/src/stm32f4-hal/stm32f4xx_hal.o
 .ARM.attributes
                0x00000033       0x33 ./system/src/stm32f4-hal/stm32f4xx_hal_cortex.o
 .ARM.attributes
                0x00000066       0x33 ./system/src/stm32f4-hal/stm32f4xx_hal_gpio.o
 .ARM.attributes
                0x00000099       0x33 ./system/src/stm32f4-hal/stm32f4xx_hal_rcc.o
 .ARM.attributes
                0x000000cc       0x33 ./system/src/stm32f4-hal/stm32f4xx_hal_tim.o
 .ARM.attributes
                0x000000ff       0x33 ./system/src/stm32f4-hal/stm32f4xx_hal_tim_ex.o
 .ARM.attributes
                0x00000132       0x33 ./system/src/newlib/_exit.o
 .ARM.attributes
                0x00000165       0x33 ./system/src/newlib/_sbrk.o
 .ARM.attributes
                0x00000198       0x33 ./system/src/newlib/_startup.o
 .ARM.attributes
                0x000001cb       0x33 ./system/src/newlib/_syscalls.o
 .ARM.attributes
                0x000001fe       0x33 ./system/src/newlib/assert.o
 .ARM.attributes
                0x00000231       0x33 ./system/src/diag/Trace.o
 .ARM.attributes
                0x00000264       0x33 ./system/src/diag/trace_impl.o
 .ARM.attributes
                0x00000297       0x33 ./system/src/cortexm/_initialize_hardware.o
 .ARM.attributes
                0x000002ca       0x33 ./system/src/cortexm/exception_handlers.o
 .ARM.attributes
                0x000002fd       0x33 ./system/src/cmsis/system_stm32f4xx.o
 .ARM.attributes
                0x00000330       0x33 ./system/src/cmsis/vectors_stm32f405xx.o
 .ARM.attributes
                0x00000363       0x33 ./src/_initialize_hardware.o
 .ARM.attributes
                0x00000396       0x33 ./src/main.o
 .ARM.attributes
                0x000003c9       0x33 ./src/stm32f4xx_hal_msp.o
 .ARM.attributes
                0x000003fc       0x33 ./src/stm32f4xx_it.o
 .ARM.attributes
                0x0000042f       0x2e c:/stm32_eclipse/stm32toolchain/gnu-arm/5.4 2016q3/bin/../lib/gcc/arm-none-eabi/5.4.1/../../../../arm-none-eabi/lib/armv7e-m\libg_nano.a(lib_a-errno.o)
 .ARM.attributes
                0x0000045d       0x2e c:/stm32_eclipse/stm32toolchain/gnu-arm/5.4 2016q3/bin/../lib/gcc/arm-none-eabi/5.4.1/../../../../arm-none-eabi/lib/armv7e-m\libg_nano.a(lib_a-impure.o)
 .ARM.attributes
                0x0000048b       0x17 c:/stm32_eclipse/stm32toolchain/gnu-arm/5.4 2016q3/bin/../lib/gcc/arm-none-eabi/5.4.1/../../../../arm-none-eabi/lib/armv7e-m\libg_nano.a(lib_a-strlen.o)
 .ARM.attributes
                0x000004a2       0x2e c:/stm32_eclipse/stm32toolchain/gnu-arm/5.4 2016q3/bin/../lib/gcc/arm-none-eabi/5.4.1/../../../../arm-none-eabi/lib/armv7e-m\libg_nano.a(lib_a-vsnprintf.o)
 .ARM.attributes
                0x000004d0       0x2e c:/stm32_eclipse/stm32toolchain/gnu-arm/5.4 2016q3/bin/../lib/gcc/arm-none-eabi/5.4.1/../../../../arm-none-eabi/lib/armv7e-m\libg_nano.a(lib_a-nano-svfprintf.o)
 .ARM.attributes
                0x000004fe       0x2e c:/stm32_eclipse/stm32toolchain/gnu-arm/5.4 2016q3/bin/../lib/gcc/arm-none-eabi/5.4.1/../../../../arm-none-eabi/lib/armv7e-m\libg_nano.a(lib_a-nano-vfprintf_i.o)
 .ARM.attributes
                0x0000052c       0x1c c:/stm32_eclipse/stm32toolchain/gnu-arm/5.4 2016q3/bin/../lib/gcc/arm-none-eabi/5.4.1/../../../../arm-none-eabi/lib/armv7e-m\libg_nano.a(lib_a-memchr.o)
 .ARM.attributes
                0x00000548       0x2e c:/stm32_eclipse/stm32toolchain/gnu-arm/5.4 2016q3/bin/../lib/gcc/arm-none-eabi/5.4.1/../../../../arm-none-eabi/lib/armv7e-m\libg_nano.a(lib_a-memcpy-stub.o)
 .ARM.attributes
                0x00000576       0x2e c:/stm32_eclipse/stm32toolchain/gnu-arm/5.4 2016q3/bin/../lib/gcc/arm-none-eabi/5.4.1/../../../../arm-none-eabi/lib/armv7e-m\libg_nano.a(lib_a-memmove.o)
 .ARM.attributes
                0x000005a4       0x2e c:/stm32_eclipse/stm32toolchain/gnu-arm/5.4 2016q3/bin/../lib/gcc/arm-none-eabi/5.4.1/../../../../arm-none-eabi/lib/armv7e-m\libg_nano.a(lib_a-nano-freer.o)
 .ARM.attributes
                0x000005d2       0x2e c:/stm32_eclipse/stm32toolchain/gnu-arm/5.4 2016q3/bin/../lib/gcc/arm-none-eabi/5.4.1/../../../../arm-none-eabi/lib/armv7e-m\libg_nano.a(lib_a-nano-mallocr.o)
 .ARM.attributes
                0x00000600       0x2e c:/stm32_eclipse/stm32toolchain/gnu-arm/5.4 2016q3/bin/../lib/gcc/arm-none-eabi/5.4.1/../../../../arm-none-eabi/lib/armv7e-m\libg_nano.a(lib_a-nano-reallocr.o)
 .ARM.attributes
                0x0000062e       0x2e c:/stm32_eclipse/stm32toolchain/gnu-arm/5.4 2016q3/bin/../lib/gcc/arm-none-eabi/5.4.1/../../../../arm-none-eabi/lib/armv7e-m\libg_nano.a(lib_a-sbrkr.o)
 .ARM.attributes
                0x0000065c       0x2e c:/stm32_eclipse/stm32toolchain/gnu-arm/5.4 2016q3/bin/../lib/gcc/arm-none-eabi/5.4.1/../../../../arm-none-eabi/lib/armv7e-m\libg_nano.a(lib_a-mlock.o)
 .ARM.attributes
                0x0000068a       0x2e c:/stm32_eclipse/stm32toolchain/gnu-arm/5.4 2016q3/bin/../lib/gcc/arm-none-eabi/5.4.1/../../../../arm-none-eabi/lib/armv7e-m\libg_nano.a(lib_a-nano-msizer.o)

.debug
 *(.debug)

.line
 *(.line)

.debug_srcinfo
 *(.debug_srcinfo)

.debug_sfnames
 *(.debug_sfnames)

.debug_aranges  0x00000000      0xaa0
 *(.debug_aranges)
 .debug_aranges
                0x00000000       0xc0 ./system/src/stm32f4-hal/stm32f4xx_hal.o
 .debug_aranges
                0x000000c0       0x98 ./system/src/stm32f4-hal/stm32f4xx_hal_cortex.o
 .debug_aranges
                0x00000158       0x58 ./system/src/stm32f4-hal/stm32f4xx_hal_gpio.o
 .debug_aranges
                0x000001b0       0x88 ./system/src/stm32f4-hal/stm32f4xx_hal_rcc.o
 .debug_aranges
                0x00000238      0x368 ./system/src/stm32f4-hal/stm32f4xx_hal_tim.o
 .debug_aranges
                0x000005a0      0x140 ./system/src/stm32f4-hal/stm32f4xx_hal_tim_ex.o
 .debug_aranges
                0x000006e0       0x28 ./system/src/newlib/_exit.o
 .debug_aranges
                0x00000708       0x20 ./system/src/newlib/_sbrk.o
 .debug_aranges
                0x00000728       0x40 ./system/src/newlib/_startup.o
 .debug_aranges
                0x00000768       0x30 ./system/src/newlib/_syscalls.o
 .debug_aranges
                0x00000798       0x28 ./system/src/newlib/assert.o
 .debug_aranges
                0x000007c0       0x38 ./system/src/diag/Trace.o
 .debug_aranges
                0x000007f8       0x30 ./system/src/diag/trace_impl.o
 .debug_aranges
                0x00000828       0x28 ./system/src/cortexm/_initialize_hardware.o
 .debug_aranges
                0x00000850       0x88 ./system/src/cortexm/exception_handlers.o
 .debug_aranges
                0x000008d8       0x28 ./system/src/cmsis/system_stm32f4xx.o
 .debug_aranges
                0x00000900       0x20 ./system/src/cmsis/vectors_stm32f405xx.o
 .debug_aranges
                0x00000920       0x28 ./src/_initialize_hardware.o
 .debug_aranges
                0x00000948       0x88 ./src/main.o
 .debug_aranges
                0x000009d0       0x38 ./src/stm32f4xx_hal_msp.o
 .debug_aranges
                0x00000a08       0x98 ./src/stm32f4xx_it.o

.debug_pubnames
 *(.debug_pubnames)

.debug_info     0x00000000     0xcf12
 *(.debug_info .gnu.linkonce.wi.*)
 .debug_info    0x00000000      0x8c7 ./system/src/stm32f4-hal/stm32f4xx_hal.o
 .debug_info    0x000008c7     0x10e2 ./system/src/stm32f4-hal/stm32f4xx_hal_cortex.o
 .debug_info    0x000019a9      0x86a ./system/src/stm32f4-hal/stm32f4xx_hal_gpio.o
 .debug_info    0x00002213      0xf3d ./system/src/stm32f4-hal/stm32f4xx_hal_rcc.o
 .debug_info    0x00003150     0x4315 ./system/src/stm32f4-hal/stm32f4xx_hal_tim.o
 .debug_info    0x00007465     0x189a ./system/src/stm32f4-hal/stm32f4xx_hal_tim_ex.o
 .debug_info    0x00008cff       0xef ./system/src/newlib/_exit.o
 .debug_info    0x00008dee      0x11f ./system/src/newlib/_sbrk.o
 .debug_info    0x00008f0d      0x4f2 ./system/src/newlib/_startup.o
 .debug_info    0x000093ff      0x1c7 ./system/src/newlib/_syscalls.o
 .debug_info    0x000095c6      0x1a3 ./system/src/newlib/assert.o
 .debug_info    0x00009769      0x2e7 ./system/src/diag/Trace.o
 .debug_info    0x00009a50      0x3d7 ./system/src/diag/trace_impl.o
 .debug_info    0x00009e27      0x2bf ./system/src/cortexm/_initialize_hardware.o
 .debug_info    0x0000a0e6      0x7b7 ./system/src/cortexm/exception_handlers.o
 .debug_info    0x0000a89d      0x4b9 ./system/src/cmsis/system_stm32f4xx.o
 .debug_info    0x0000ad56       0xd1 ./system/src/cmsis/vectors_stm32f405xx.o
 .debug_info    0x0000ae27      0x4e9 ./src/_initialize_hardware.o
 .debug_info    0x0000b310     0x13a7 ./src/main.o
 .debug_info    0x0000c6b7       0xe5 ./src/stm32f4xx_hal_msp.o
 .debug_info    0x0000c79c      0x776 ./src/stm32f4xx_it.o

.debug_abbrev   0x00000000     0x2027
 *(.debug_abbrev)
 .debug_abbrev  0x00000000      0x235 ./system/src/stm32f4-hal/stm32f4xx_hal.o
 .debug_abbrev  0x00000235      0x324 ./system/src/stm32f4-hal/stm32f4xx_hal_cortex.o
 .debug_abbrev  0x00000559      0x204 ./system/src/stm32f4-hal/stm32f4xx_hal_gpio.o
 .debug_abbrev  0x0000075d      0x2d2 ./system/src/stm32f4-hal/stm32f4xx_hal_rcc.o
 .debug_abbrev  0x00000a2f      0x21b ./system/src/stm32f4-hal/stm32f4xx_hal_tim.o
 .debug_abbrev  0x00000c4a      0x21b ./system/src/stm32f4-hal/stm32f4xx_hal_tim_ex.o
 .debug_abbrev  0x00000e65       0x8e ./system/src/newlib/_exit.o
 .debug_abbrev  0x00000ef3       0xb9 ./system/src/newlib/_sbrk.o
 .debug_abbrev  0x00000fac      0x1b6 ./system/src/newlib/_startup.o
 .debug_abbrev  0x00001162       0xec ./system/src/newlib/_syscalls.o
 .debug_abbrev  0x0000124e       0xab ./system/src/newlib/assert.o
 .debug_abbrev  0x000012f9      0x156 ./system/src/diag/Trace.o
 .debug_abbrev  0x0000144f      0x188 ./system/src/diag/trace_impl.o
 .debug_abbrev  0x000015d7       0xea ./system/src/cortexm/_initialize_hardware.o
 .debug_abbrev  0x000016c1      0x1d4 ./system/src/cortexm/exception_handlers.o
 .debug_abbrev  0x00001895      0x104 ./system/src/cmsis/system_stm32f4xx.o
 .debug_abbrev  0x00001999       0x9d ./system/src/cmsis/vectors_stm32f405xx.o
 .debug_abbrev  0x00001a36      0x14c ./src/_initialize_hardware.o
 .debug_abbrev  0x00001b82      0x27e ./src/main.o
 .debug_abbrev  0x00001e00       0x6a ./src/stm32f4xx_hal_msp.o
 .debug_abbrev  0x00001e6a      0x1bd ./src/stm32f4xx_it.o

.debug_line     0x00000000     0xea22
 *(.debug_line)
 .debug_line    0x00000000      0xb87 ./system/src/stm32f4-hal/stm32f4xx_hal.o
 .debug_line    0x00000b87      0xc6a ./system/src/stm32f4-hal/stm32f4xx_hal_cortex.o
 .debug_line    0x000017f1      0xd11 ./system/src/stm32f4-hal/stm32f4xx_hal_gpio.o
 .debug_line    0x00002502      0xe39 ./system/src/stm32f4-hal/stm32f4xx_hal_rcc.o
 .debug_line    0x0000333b     0x3749 ./system/src/stm32f4-hal/stm32f4xx_hal_tim.o
 .debug_line    0x00006a84     0x14d2 ./system/src/stm32f4-hal/stm32f4xx_hal_tim_ex.o
 .debug_line    0x00007f56      0x325 ./system/src/newlib/_exit.o
 .debug_line    0x0000827b      0x2d6 ./system/src/newlib/_sbrk.o
 .debug_line    0x00008551      0x39e ./system/src/newlib/_startup.o
 .debug_line    0x000088ef      0x3eb ./system/src/newlib/_syscalls.o
 .debug_line    0x00008cda      0x360 ./system/src/newlib/assert.o
 .debug_line    0x0000903a      0x393 ./system/src/diag/Trace.o
 .debug_line    0x000093cd      0xa90 ./system/src/diag/trace_impl.o
 .debug_line    0x00009e5d      0xa2b ./system/src/cortexm/_initialize_hardware.o
 .debug_line    0x0000a888      0xb39 ./system/src/cortexm/exception_handlers.o
 .debug_line    0x0000b3c1      0xa2b ./system/src/cmsis/system_stm32f4xx.o
 .debug_line    0x0000bdec       0xff ./system/src/cmsis/vectors_stm32f405xx.o
 .debug_line    0x0000beeb      0xa25 ./src/_initialize_hardware.o
 .debug_line    0x0000c910      0xbf4 ./src/main.o
 .debug_line    0x0000d504      0xa25 ./src/stm32f4xx_hal_msp.o
 .debug_line    0x0000df29      0xaf9 ./src/stm32f4xx_it.o

.debug_frame    0x00000000     0x1e1c
 *(.debug_frame)
 .debug_frame   0x00000000      0x188 ./system/src/stm32f4-hal/stm32f4xx_hal.o
 .debug_frame   0x00000188      0x17c ./system/src/stm32f4-hal/stm32f4xx_hal_cortex.o
 .debug_frame   0x00000304       0xf8 ./system/src/stm32f4-hal/stm32f4xx_hal_gpio.o
 .debug_frame   0x000003fc      0x150 ./system/src/stm32f4-hal/stm32f4xx_hal_rcc.o
 .debug_frame   0x0000054c      0xa8c ./system/src/stm32f4-hal/stm32f4xx_hal_tim.o
 .debug_frame   0x00000fd8      0x3e4 ./system/src/stm32f4-hal/stm32f4xx_hal_tim_ex.o
 .debug_frame   0x000013bc       0x38 ./system/src/newlib/_exit.o
 .debug_frame   0x000013f4       0x28 ./system/src/newlib/_sbrk.o
 .debug_frame   0x0000141c       0x7c ./system/src/newlib/_startup.o
 .debug_frame   0x00001498       0x50 ./system/src/newlib/_syscalls.o
 .debug_frame   0x000014e8       0x40 ./system/src/newlib/assert.o
 .debug_frame   0x00001528       0x94 ./system/src/diag/Trace.o
 .debug_frame   0x000015bc       0x54 ./system/src/diag/trace_impl.o
 .debug_frame   0x00001610       0x40 ./system/src/cortexm/_initialize_hardware.o
 .debug_frame   0x00001650      0x144 ./system/src/cortexm/exception_handlers.o
 .debug_frame   0x00001794       0x30 ./system/src/cmsis/system_stm32f4xx.o
 .debug_frame   0x000017c4       0x20 ./system/src/cmsis/vectors_stm32f405xx.o
 .debug_frame   0x000017e4       0x48 ./src/_initialize_hardware.o
 .debug_frame   0x0000182c      0x18c ./src/main.o
 .debug_frame   0x000019b8       0x50 ./src/stm32f4xx_hal_msp.o
 .debug_frame   0x00001a08      0x150 ./src/stm32f4xx_it.o
 .debug_frame   0x00001b58       0x20 c:/stm32_eclipse/stm32toolchain/gnu-arm/5.4 2016q3/bin/../lib/gcc/arm-none-eabi/5.4.1/../../../../arm-none-eabi/lib/armv7e-m\libg_nano.a(lib_a-errno.o)
 .debug_frame   0x00001b78       0x48 c:/stm32_eclipse/stm32toolchain/gnu-arm/5.4 2016q3/bin/../lib/gcc/arm-none-eabi/5.4.1/../../../../arm-none-eabi/lib/armv7e-m\libg_nano.a(lib_a-vsnprintf.o)
 .debug_frame   0x00001bc0       0x90 c:/stm32_eclipse/stm32toolchain/gnu-arm/5.4 2016q3/bin/../lib/gcc/arm-none-eabi/5.4.1/../../../../arm-none-eabi/lib/armv7e-m\libg_nano.a(lib_a-nano-svfprintf.o)
 .debug_frame   0x00001c50       0x60 c:/stm32_eclipse/stm32toolchain/gnu-arm/5.4 2016q3/bin/../lib/gcc/arm-none-eabi/5.4.1/../../../../arm-none-eabi/lib/armv7e-m\libg_nano.a(lib_a-nano-vfprintf_i.o)
 .debug_frame   0x00001cb0       0x28 c:/stm32_eclipse/stm32toolchain/gnu-arm/5.4 2016q3/bin/../lib/gcc/arm-none-eabi/5.4.1/../../../../arm-none-eabi/lib/armv7e-m\libg_nano.a(lib_a-memcpy-stub.o)
 .debug_frame   0x00001cd8       0x28 c:/stm32_eclipse/stm32toolchain/gnu-arm/5.4 2016q3/bin/../lib/gcc/arm-none-eabi/5.4.1/../../../../arm-none-eabi/lib/armv7e-m\libg_nano.a(lib_a-memmove.o)
 .debug_frame   0x00001d00       0x38 c:/stm32_eclipse/stm32toolchain/gnu-arm/5.4 2016q3/bin/../lib/gcc/arm-none-eabi/5.4.1/../../../../arm-none-eabi/lib/armv7e-m\libg_nano.a(lib_a-nano-freer.o)
 .debug_frame   0x00001d38       0x2c c:/stm32_eclipse/stm32toolchain/gnu-arm/5.4 2016q3/bin/../lib/gcc/arm-none-eabi/5.4.1/../../../../arm-none-eabi/lib/armv7e-m\libg_nano.a(lib_a-nano-mallocr.o)
 .debug_frame   0x00001d64       0x3c c:/stm32_eclipse/stm32toolchain/gnu-arm/5.4 2016q3/bin/../lib/gcc/arm-none-eabi/5.4.1/../../../../arm-none-eabi/lib/armv7e-m\libg_nano.a(lib_a-nano-reallocr.o)
 .debug_frame   0x00001da0       0x2c c:/stm32_eclipse/stm32toolchain/gnu-arm/5.4 2016q3/bin/../lib/gcc/arm-none-eabi/5.4.1/../../../../arm-none-eabi/lib/armv7e-m\libg_nano.a(lib_a-sbrkr.o)
 .debug_frame   0x00001dcc       0x30 c:/stm32_eclipse/stm32toolchain/gnu-arm/5.4 2016q3/bin/../lib/gcc/arm-none-eabi/5.4.1/../../../../arm-none-eabi/lib/armv7e-m\libg_nano.a(lib_a-mlock.o)
 .debug_frame   0x00001dfc       0x20 c:/stm32_eclipse/stm32toolchain/gnu-arm/5.4 2016q3/bin/../lib/gcc/arm-none-eabi/5.4.1/../../../../arm-none-eabi/lib/armv7e-m\libg_nano.a(lib_a-nano-msizer.o)

.debug_str      0x00000000    0x8e4ee
 *(.debug_str)
 .debug_str     0x00000000    0x894da ./system/src/stm32f4-hal/stm32f4xx_hal.o
                              0x898b8 (size before relaxing)
 .debug_str     0x000894da      0x380 ./system/src/stm32f4-hal/stm32f4xx_hal_cortex.o
                              0x89724 (size before relaxing)
 .debug_str     0x0008985a      0x2dd ./system/src/stm32f4-hal/stm32f4xx_hal_gpio.o
                              0x89156 (size before relaxing)
 .debug_str     0x00089b37      0x393 ./system/src/stm32f4-hal/stm32f4xx_hal_rcc.o
                              0x892f4 (size before relaxing)
 .debug_str     0x00089eca     0x10b6 ./system/src/stm32f4-hal/stm32f4xx_hal_tim.o
                              0x89efe (size before relaxing)
 .debug_str     0x0008af80      0x4e2 ./system/src/stm32f4-hal/stm32f4xx_hal_tim_ex.o
                              0x897b6 (size before relaxing)
 .debug_str     0x0008b462     0x10b6 ./system/src/newlib/_exit.o
                               0x6ec4 (size before relaxing)
 .debug_str     0x0008c518      0x4de ./system/src/newlib/_sbrk.o
                               0x62af (size before relaxing)
 .debug_str     0x0008c9f6      0x2c6 ./system/src/newlib/_startup.o
                               0x5eca (size before relaxing)
 .debug_str     0x0008ccbc      0xe18 ./system/src/newlib/_syscalls.o
                               0x710f (size before relaxing)
 .debug_str     0x0008dad4       0xd5 ./system/src/newlib/assert.o
                               0x79c9 (size before relaxing)
 .debug_str     0x0008dba9      0x169 ./system/src/diag/Trace.o
                               0x76b4 (size before relaxing)
 .debug_str     0x0008dd12       0xe0 ./system/src/diag/trace_impl.o
                              0x89dd9 (size before relaxing)
 .debug_str     0x0008ddf2       0x5e ./system/src/cortexm/_initialize_hardware.o
                              0x88e05 (size before relaxing)
 .debug_str     0x0008de50      0x1e5 ./system/src/cortexm/exception_handlers.o
                              0x89f25 (size before relaxing)
 .debug_str     0x0008e035       0x46 ./system/src/cmsis/system_stm32f4xx.o
                              0x88ee4 (size before relaxing)
 .debug_str     0x0008e07b       0x59 ./system/src/cmsis/vectors_stm32f405xx.o
                               0x3081 (size before relaxing)
 .debug_str     0x0008e0d4       0x31 ./src/_initialize_hardware.o
                              0x88fea (size before relaxing)
 .debug_str     0x0008e105      0x31b ./src/main.o
                              0x8abe1 (size before relaxing)
 .debug_str     0x0008e420       0x3d ./src/stm32f4xx_hal_msp.o
                              0x88d44 (size before relaxing)
 .debug_str     0x0008e45d       0x91 ./src/stm32f4xx_it.o
                              0x8928d (size before relaxing)

.debug_loc      0x00000000     0x4ec7
 *(.debug_loc)
 .debug_loc     0x00000000       0x92 ./system/src/stm32f4-hal/stm32f4xx_hal.o
 .debug_loc     0x00000092      0x580 ./system/src/stm32f4-hal/stm32f4xx_hal_cortex.o
 .debug_loc     0x00000612      0x4b0 ./system/src/stm32f4-hal/stm32f4xx_hal_gpio.o
 .debug_loc     0x00000ac2      0x57a ./system/src/stm32f4-hal/stm32f4xx_hal_rcc.o
 .debug_loc     0x0000103c     0x2713 ./system/src/stm32f4-hal/stm32f4xx_hal_tim.o
 .debug_loc     0x0000374f      0xc57 ./system/src/stm32f4-hal/stm32f4xx_hal_tim_ex.o
 .debug_loc     0x000043a6       0x82 ./system/src/newlib/_sbrk.o
 .debug_loc     0x00004428      0x36e ./system/src/newlib/_startup.o
 .debug_loc     0x00004796       0x63 ./system/src/newlib/_syscalls.o
 .debug_loc     0x000047f9      0x110 ./system/src/newlib/assert.o
 .debug_loc     0x00004909      0x102 ./system/src/diag/Trace.o
 .debug_loc     0x00004a0b       0x97 ./system/src/diag/trace_impl.o
 .debug_loc     0x00004aa2      0x184 ./system/src/cortexm/exception_handlers.o
 .debug_loc     0x00004c26      0x132 ./system/src/cmsis/system_stm32f4xx.o
 .debug_loc     0x00004d58      0x16f ./src/main.o

.debug_macinfo
 *(.debug_macinfo)

.debug_weaknames
 *(.debug_weaknames)

.debug_funcnames
 *(.debug_funcnames)

.debug_typenames
 *(.debug_typenames)

.debug_varnames
 *(.debug_varnames)
OUTPUT(day03_work.elf elf32-littlearm)

.debug_ranges   0x00000000      0x950
 .debug_ranges  0x00000000       0xb0 ./system/src/stm32f4-hal/stm32f4xx_hal.o
 .debug_ranges  0x000000b0       0x88 ./system/src/stm32f4-hal/stm32f4xx_hal_cortex.o
 .debug_ranges  0x00000138       0x48 ./system/src/stm32f4-hal/stm32f4xx_hal_gpio.o
 .debug_ranges  0x00000180       0x78 ./system/src/stm32f4-hal/stm32f4xx_hal_rcc.o
 .debug_ranges  0x000001f8      0x358 ./system/src/stm32f4-hal/stm32f4xx_hal_tim.o
 .debug_ranges  0x00000550      0x130 ./system/src/stm32f4-hal/stm32f4xx_hal_tim_ex.o
 .debug_ranges  0x00000680       0x18 ./system/src/newlib/_exit.o
 .debug_ranges  0x00000698       0x10 ./system/src/newlib/_sbrk.o
 .debug_ranges  0x000006a8       0x30 ./system/src/newlib/_startup.o
 .debug_ranges  0x000006d8       0x20 ./system/src/newlib/_syscalls.o
 .debug_ranges  0x000006f8       0x18 ./system/src/newlib/assert.o
 .debug_ranges  0x00000710       0x28 ./system/src/diag/Trace.o
 .debug_ranges  0x00000738       0x20 ./system/src/diag/trace_impl.o
 .debug_ranges  0x00000758       0x18 ./system/src/cortexm/_initialize_hardware.o
 .debug_ranges  0x00000770       0x78 ./system/src/cortexm/exception_handlers.o
 .debug_ranges  0x000007e8       0x18 ./system/src/cmsis/system_stm32f4xx.o
 .debug_ranges  0x00000800       0x10 ./system/src/cmsis/vectors_stm32f405xx.o
 .debug_ranges  0x00000810       0x18 ./src/_initialize_hardware.o
 .debug_ranges  0x00000828       0x78 ./src/main.o
 .debug_ranges  0x000008a0       0x28 ./src/stm32f4xx_hal_msp.o
 .debug_ranges  0x000008c8       0x88 ./src/stm32f4xx_it.o

.debug_macro    0x00000000    0x1ae12
 .debug_macro   0x00000000      0x533 ./system/src/stm32f4-hal/stm32f4xx_hal.o
 .debug_macro   0x00000533      0x898 ./system/src/stm32f4-hal/stm32f4xx_hal.o
 .debug_macro   0x00000dcb      0x289 ./system/src/stm32f4-hal/stm32f4xx_hal.o
 .debug_macro   0x00001054       0x31 ./system/src/stm32f4-hal/stm32f4xx_hal.o
 .debug_macro   0x00001085       0x28 ./system/src/stm32f4-hal/stm32f4xx_hal.o
 .debug_macro   0x000010ad      0x34e ./system/src/stm32f4-hal/stm32f4xx_hal.o
 .debug_macro   0x000013fb       0x35 ./system/src/stm32f4-hal/stm32f4xx_hal.o
 .debug_macro   0x00001430       0x50 ./system/src/stm32f4-hal/stm32f4xx_hal.o
 .debug_macro   0x00001480      0xe66 ./system/src/stm32f4-hal/stm32f4xx_hal.o
 .debug_macro   0x000022e6     0x898e ./system/src/stm32f4-hal/stm32f4xx_hal.o
 .debug_macro   0x0000ac74       0x43 ./system/src/stm32f4-hal/stm32f4xx_hal.o
 .debug_macro   0x0000acb7     0x347f ./system/src/stm32f4-hal/stm32f4xx_hal.o
 .debug_macro   0x0000e136       0x22 ./system/src/stm32f4-hal/stm32f4xx_hal.o
 .debug_macro   0x0000e158       0x4c ./system/src/stm32f4-hal/stm32f4xx_hal.o
 .debug_macro   0x0000e1a4       0x8d ./system/src/stm32f4-hal/stm32f4xx_hal.o
 .debug_macro   0x0000e231       0x35 ./system/src/stm32f4-hal/stm32f4xx_hal.o
 .debug_macro   0x0000e266       0x9c ./system/src/stm32f4-hal/stm32f4xx_hal.o
 .debug_macro   0x0000e302       0x16 ./system/src/stm32f4-hal/stm32f4xx_hal.o
 .debug_macro   0x0000e318       0x4a ./system/src/stm32f4-hal/stm32f4xx_hal.o
 .debug_macro   0x0000e362       0x97 ./system/src/stm32f4-hal/stm32f4xx_hal.o
 .debug_macro   0x0000e3f9      0x30d ./system/src/stm32f4-hal/stm32f4xx_hal.o
 .debug_macro   0x0000e706       0xfd ./system/src/stm32f4-hal/stm32f4xx_hal.o
 .debug_macro   0x0000e803       0x10 ./system/src/stm32f4-hal/stm32f4xx_hal.o
 .debug_macro   0x0000e813       0x52 ./system/src/stm32f4-hal/stm32f4xx_hal.o
 .debug_macro   0x0000e865       0x1f ./system/src/stm32f4-hal/stm32f4xx_hal.o
 .debug_macro   0x0000e884       0x43 ./system/src/stm32f4-hal/stm32f4xx_hal.o
 .debug_macro   0x0000e8c7       0x20 ./system/src/stm32f4-hal/stm32f4xx_hal.o
 .debug_macro   0x0000e8e7      0x187 ./system/src/stm32f4-hal/stm32f4xx_hal.o
 .debug_macro   0x0000ea6e       0x10 ./system/src/stm32f4-hal/stm32f4xx_hal.o
 .debug_macro   0x0000ea7e       0x5e ./system/src/stm32f4-hal/stm32f4xx_hal.o
 .debug_macro   0x0000eadc       0x1c ./system/src/stm32f4-hal/stm32f4xx_hal.o
 .debug_macro   0x0000eaf8       0x52 ./system/src/stm32f4-hal/stm32f4xx_hal.o
 .debug_macro   0x0000eb4a       0x40 ./system/src/stm32f4-hal/stm32f4xx_hal.o
 .debug_macro   0x0000eb8a       0x10 ./system/src/stm32f4-hal/stm32f4xx_hal.o
 .debug_macro   0x0000eb9a       0x40 ./system/src/stm32f4-hal/stm32f4xx_hal.o
 .debug_macro   0x0000ebda       0xd7 ./system/src/stm32f4-hal/stm32f4xx_hal.o
 .debug_macro   0x0000ecb1       0x16 ./system/src/stm32f4-hal/stm32f4xx_hal.o
 .debug_macro   0x0000ecc7      0x18b ./system/src/stm32f4-hal/stm32f4xx_hal.o
 .debug_macro   0x0000ee52       0x57 ./system/src/stm32f4-hal/stm32f4xx_hal.o
 .debug_macro   0x0000eea9      0x8a0 ./system/src/stm32f4-hal/stm32f4xx_hal.o
 .debug_macro   0x0000f749      0x9e1 ./system/src/stm32f4-hal/stm32f4xx_hal.o
 .debug_macro   0x0001012a      0x11e ./system/src/stm32f4-hal/stm32f4xx_hal.o
 .debug_macro   0x00010248      0x130 ./system/src/stm32f4-hal/stm32f4xx_hal.o
 .debug_macro   0x00010378       0x27 ./system/src/stm32f4-hal/stm32f4xx_hal.o
 .debug_macro   0x0001039f      0x287 ./system/src/stm32f4-hal/stm32f4xx_hal.o
 .debug_macro   0x00010626       0x5f ./system/src/stm32f4-hal/stm32f4xx_hal.o
 .debug_macro   0x00010685      0x23a ./system/src/stm32f4-hal/stm32f4xx_hal.o
 .debug_macro   0x000108bf      0x391 ./system/src/stm32f4-hal/stm32f4xx_hal.o
 .debug_macro   0x00010c50      0x16f ./system/src/stm32f4-hal/stm32f4xx_hal.o
 .debug_macro   0x00010dbf       0xf9 ./system/src/stm32f4-hal/stm32f4xx_hal.o
 .debug_macro   0x00010eb8      0x36e ./system/src/stm32f4-hal/stm32f4xx_hal.o
 .debug_macro   0x00011226       0x23 ./system/src/stm32f4-hal/stm32f4xx_hal.o
 .debug_macro   0x00011249       0xe6 ./system/src/stm32f4-hal/stm32f4xx_hal.o
 .debug_macro   0x0001132f       0xa1 ./system/src/stm32f4-hal/stm32f4xx_hal.o
 .debug_macro   0x000113d0       0x3c ./system/src/stm32f4-hal/stm32f4xx_hal.o
 .debug_macro   0x0001140c      0x13a ./system/src/stm32f4-hal/stm32f4xx_hal.o
 .debug_macro   0x00011546      0x21e ./system/src/stm32f4-hal/stm32f4xx_hal.o
 .debug_macro   0x00011764       0x2e ./system/src/stm32f4-hal/stm32f4xx_hal.o
 .debug_macro   0x00011792      0x543 ./system/src/stm32f4-hal/stm32f4xx_hal.o
 .debug_macro   0x00011cd5       0x88 ./system/src/stm32f4-hal/stm32f4xx_hal.o
 .debug_macro   0x00011d5d       0xd5 ./system/src/stm32f4-hal/stm32f4xx_hal.o
 .debug_macro   0x00011e32      0x183 ./system/src/stm32f4-hal/stm32f4xx_hal.o
 .debug_macro   0x00011fb5      0x1a7 ./system/src/stm32f4-hal/stm32f4xx_hal.o
 .debug_macro   0x0001215c       0xa5 ./system/src/stm32f4-hal/stm32f4xx_hal.o
 .debug_macro   0x00012201      0x18b ./system/src/stm32f4-hal/stm32f4xx_hal.o
 .debug_macro   0x0001238c       0x24 ./system/src/stm32f4-hal/stm32f4xx_hal.o
 .debug_macro   0x000123b0       0x35 ./system/src/stm32f4-hal/stm32f4xx_hal.o
 .debug_macro   0x000123e5       0x79 ./system/src/stm32f4-hal/stm32f4xx_hal.o
 .debug_macro   0x0001245e      0x11e ./system/src/stm32f4-hal/stm32f4xx_hal.o
 .debug_macro   0x0001257c       0x7f ./system/src/stm32f4-hal/stm32f4xx_hal.o
 .debug_macro   0x000125fb       0x89 ./system/src/stm32f4-hal/stm32f4xx_hal.o
 .debug_macro   0x00012684       0x7e ./system/src/stm32f4-hal/stm32f4xx_hal.o
 .debug_macro   0x00012702      0x31a ./system/src/stm32f4-hal/stm32f4xx_hal.o
 .debug_macro   0x00012a1c      0x409 ./system/src/stm32f4-hal/stm32f4xx_hal.o
 .debug_macro   0x00012e25       0xe4 ./system/src/stm32f4-hal/stm32f4xx_hal.o
 .debug_macro   0x00012f09      0x48d ./system/src/stm32f4-hal/stm32f4xx_hal.o
 .debug_macro   0x00013396      0x22b ./system/src/stm32f4-hal/stm32f4xx_hal.o
 .debug_macro   0x000135c1      0x202 ./system/src/stm32f4-hal/stm32f4xx_hal.o
 .debug_macro   0x000137c3      0x6d9 ./system/src/stm32f4-hal/stm32f4xx_hal.o
 .debug_macro   0x00013e9c       0x5b ./system/src/stm32f4-hal/stm32f4xx_hal.o
 .debug_macro   0x00013ef7      0x14d ./system/src/stm32f4-hal/stm32f4xx_hal.o
 .debug_macro   0x00014044      0x287 ./system/src/stm32f4-hal/stm32f4xx_hal.o
 .debug_macro   0x000142cb      0x225 ./system/src/stm32f4-hal/stm32f4xx_hal.o
 .debug_macro   0x000144f0      0x1b5 ./system/src/stm32f4-hal/stm32f4xx_hal.o
 .debug_macro   0x000146a5      0x2db ./system/src/stm32f4-hal/stm32f4xx_hal.o
 .debug_macro   0x00014980       0x89 ./system/src/stm32f4-hal/stm32f4xx_hal.o
 .debug_macro   0x00014a09      0x1df ./system/src/stm32f4-hal/stm32f4xx_hal.o
 .debug_macro   0x00014be8      0x115 ./system/src/stm32f4-hal/stm32f4xx_hal.o
 .debug_macro   0x00014cfd       0x6e ./system/src/stm32f4-hal/stm32f4xx_hal.o
 .debug_macro   0x00014d6b      0x125 ./system/src/stm32f4-hal/stm32f4xx_hal.o
 .debug_macro   0x00014e90      0x4e5 ./system/src/stm32f4-hal/stm32f4xx_hal_cortex.o
 .debug_macro   0x00015375      0x51d ./system/src/stm32f4-hal/stm32f4xx_hal_gpio.o
 .debug_macro   0x00015892      0x50f ./system/src/stm32f4-hal/stm32f4xx_hal_rcc.o
 .debug_macro   0x00015da1      0x4e6 ./system/src/stm32f4-hal/stm32f4xx_hal_tim.o
 .debug_macro   0x00016287      0x4e5 ./system/src/stm32f4-hal/stm32f4xx_hal_tim_ex.o
 .debug_macro   0x0001676c      0x19c ./system/src/newlib/_exit.o
 .debug_macro   0x00016908      0x10e ./system/src/newlib/_exit.o
 .debug_macro   0x00016a16       0x8d ./system/src/newlib/_exit.o
 .debug_macro   0x00016aa3       0x35 ./system/src/newlib/_exit.o
 .debug_macro   0x00016ad8      0x151 ./system/src/newlib/_sbrk.o
 .debug_macro   0x00016c29      0x174 ./system/src/newlib/_sbrk.o
 .debug_macro   0x00016d9d       0x10 ./system/src/newlib/_sbrk.o
 .debug_macro   0x00016dad      0x23b ./system/src/newlib/_sbrk.o
 .debug_macro   0x00016fe8      0x15b ./system/src/newlib/_startup.o
 .debug_macro   0x00017143      0x89e ./system/src/newlib/_startup.o
 .debug_macro   0x000179e1      0x1ff ./system/src/newlib/_syscalls.o
 .debug_macro   0x00017be0       0x1c ./system/src/newlib/_syscalls.o
 .debug_macro   0x00017bfc       0x10 ./system/src/newlib/_syscalls.o
 .debug_macro   0x00017c0c       0x10 ./system/src/newlib/_syscalls.o
 .debug_macro   0x00017c1c       0x10 ./system/src/newlib/_syscalls.o
 .debug_macro   0x00017c2c       0x35 ./system/src/newlib/_syscalls.o
 .debug_macro   0x00017c61      0x122 ./system/src/newlib/_syscalls.o
 .debug_macro   0x00017d83       0x88 ./system/src/newlib/_syscalls.o
 .debug_macro   0x00017e0b       0x2b ./system/src/newlib/_syscalls.o
 .debug_macro   0x00017e36      0x118 ./system/src/newlib/_syscalls.o
 .debug_macro   0x00017f4e      0x159 ./system/src/newlib/_syscalls.o
 .debug_macro   0x000180a7       0x16 ./system/src/newlib/_syscalls.o
 .debug_macro   0x000180bd      0x1b8 ./system/src/newlib/assert.o
 .debug_macro   0x00018275       0x1c ./system/src/newlib/assert.o
 .debug_macro   0x00018291      0x1d9 ./system/src/diag/Trace.o
 .debug_macro   0x0001846a       0x4c ./system/src/diag/Trace.o
 .debug_macro   0x000184b6       0x16 ./system/src/diag/Trace.o
 .debug_macro   0x000184cc      0x520 ./system/src/diag/trace_impl.o
 .debug_macro   0x000189ec      0x4ef ./system/src/cortexm/_initialize_hardware.o
 .debug_macro   0x00018edb      0x54e ./system/src/cortexm/exception_handlers.o
 .debug_macro   0x00019429       0x3b ./system/src/cortexm/exception_handlers.o
 .debug_macro   0x00019464       0x22 ./system/src/cortexm/exception_handlers.o
 .debug_macro   0x00019486      0x4eb ./system/src/cmsis/system_stm32f4xx.o
 .debug_macro   0x00019971       0x34 ./system/src/cmsis/vectors_stm32f405xx.o
 .debug_macro   0x000199a5      0x4e5 ./src/_initialize_hardware.o
 .debug_macro   0x00019e8a      0x5b4 ./src/main.o
 .debug_macro   0x0001a43e      0x4e5 ./src/stm32f4xx_hal_msp.o
 .debug_macro   0x0001a923      0x4ef ./src/stm32f4xx_it.o
