Archive member included to satisfy reference by file (symbol)

c:/stm32_eclipse/stm32toolchain/gnu-arm/5.4 2016q3/bin/../lib/gcc/arm-none-eabi/5.4.1/../../../../arm-none-eabi/lib/armv7e-m\libg_nano.a(lib_a-errno.o)
                              ./system/src/newlib/_sbrk.o (__errno)
c:/stm32_eclipse/stm32toolchain/gnu-arm/5.4 2016q3/bin/../lib/gcc/arm-none-eabi/5.4.1/../../../../arm-none-eabi/lib/armv7e-m\libg_nano.a(lib_a-impure.o)
                              c:/stm32_eclipse/stm32toolchain/gnu-arm/5.4 2016q3/bin/../lib/gcc/arm-none-eabi/5.4.1/../../../../arm-none-eabi/lib/armv7e-m\libg_nano.a(lib_a-errno.o) (_impure_ptr)
c:/stm32_eclipse/stm32toolchain/gnu-arm/5.4 2016q3/bin/../lib/gcc/arm-none-eabi/5.4.1/../../../../arm-none-eabi/lib/armv7e-m\libg_nano.a(lib_a-sprintf.o)
                              ./src/Final_main.o (sprintf)
c:/stm32_eclipse/stm32toolchain/gnu-arm/5.4 2016q3/bin/../lib/gcc/arm-none-eabi/5.4.1/../../../../arm-none-eabi/lib/armv7e-m\libg_nano.a(lib_a-strlen.o)
                              ./system/src/diag/Trace.o (strlen)
c:/stm32_eclipse/stm32toolchain/gnu-arm/5.4 2016q3/bin/../lib/gcc/arm-none-eabi/5.4.1/../../../../arm-none-eabi/lib/armv7e-m\libg_nano.a(lib_a-vsnprintf.o)
                              ./system/src/diag/Trace.o (vsnprintf)
c:/stm32_eclipse/stm32toolchain/gnu-arm/5.4 2016q3/bin/../lib/gcc/arm-none-eabi/5.4.1/../../../../arm-none-eabi/lib/armv7e-m\libg_nano.a(lib_a-nano-svfprintf.o)
                              c:/stm32_eclipse/stm32toolchain/gnu-arm/5.4 2016q3/bin/../lib/gcc/arm-none-eabi/5.4.1/../../../../arm-none-eabi/lib/armv7e-m\libg_nano.a(lib_a-sprintf.o) (_svfprintf_r)
c:/stm32_eclipse/stm32toolchain/gnu-arm/5.4 2016q3/bin/../lib/gcc/arm-none-eabi/5.4.1/../../../../arm-none-eabi/lib/armv7e-m\libg_nano.a(lib_a-nano-vfprintf_i.o)
                              c:/stm32_eclipse/stm32toolchain/gnu-arm/5.4 2016q3/bin/../lib/gcc/arm-none-eabi/5.4.1/../../../../arm-none-eabi/lib/armv7e-m\libg_nano.a(lib_a-nano-svfprintf.o) (_printf_i)
c:/stm32_eclipse/stm32toolchain/gnu-arm/5.4 2016q3/bin/../lib/gcc/arm-none-eabi/5.4.1/../../../../arm-none-eabi/lib/armv7e-m\libg_nano.a(lib_a-memchr.o)
                              c:/stm32_eclipse/stm32toolchain/gnu-arm/5.4 2016q3/bin/../lib/gcc/arm-none-eabi/5.4.1/../../../../arm-none-eabi/lib/armv7e-m\libg_nano.a(lib_a-nano-svfprintf.o) (memchr)
c:/stm32_eclipse/stm32toolchain/gnu-arm/5.4 2016q3/bin/../lib/gcc/arm-none-eabi/5.4.1/../../../../arm-none-eabi/lib/armv7e-m\libg_nano.a(lib_a-memcpy-stub.o)
                              c:/stm32_eclipse/stm32toolchain/gnu-arm/5.4 2016q3/bin/../lib/gcc/arm-none-eabi/5.4.1/../../../../arm-none-eabi/lib/armv7e-m\libg_nano.a(lib_a-nano-svfprintf.o) (memcpy)
c:/stm32_eclipse/stm32toolchain/gnu-arm/5.4 2016q3/bin/../lib/gcc/arm-none-eabi/5.4.1/../../../../arm-none-eabi/lib/armv7e-m\libg_nano.a(lib_a-memmove.o)
                              c:/stm32_eclipse/stm32toolchain/gnu-arm/5.4 2016q3/bin/../lib/gcc/arm-none-eabi/5.4.1/../../../../arm-none-eabi/lib/armv7e-m\libg_nano.a(lib_a-nano-svfprintf.o) (memmove)
c:/stm32_eclipse/stm32toolchain/gnu-arm/5.4 2016q3/bin/../lib/gcc/arm-none-eabi/5.4.1/../../../../arm-none-eabi/lib/armv7e-m\libg_nano.a(lib_a-nano-freer.o)
                              c:/stm32_eclipse/stm32toolchain/gnu-arm/5.4 2016q3/bin/../lib/gcc/arm-none-eabi/5.4.1/../../../../arm-none-eabi/lib/armv7e-m\libg_nano.a(lib_a-nano-svfprintf.o) (_free_r)
c:/stm32_eclipse/stm32toolchain/gnu-arm/5.4 2016q3/bin/../lib/gcc/arm-none-eabi/5.4.1/../../../../arm-none-eabi/lib/armv7e-m\libg_nano.a(lib_a-nano-mallocr.o)
                              c:/stm32_eclipse/stm32toolchain/gnu-arm/5.4 2016q3/bin/../lib/gcc/arm-none-eabi/5.4.1/../../../../arm-none-eabi/lib/armv7e-m\libg_nano.a(lib_a-nano-svfprintf.o) (_malloc_r)
c:/stm32_eclipse/stm32toolchain/gnu-arm/5.4 2016q3/bin/../lib/gcc/arm-none-eabi/5.4.1/../../../../arm-none-eabi/lib/armv7e-m\libg_nano.a(lib_a-nano-reallocr.o)
                              c:/stm32_eclipse/stm32toolchain/gnu-arm/5.4 2016q3/bin/../lib/gcc/arm-none-eabi/5.4.1/../../../../arm-none-eabi/lib/armv7e-m\libg_nano.a(lib_a-nano-svfprintf.o) (_realloc_r)
c:/stm32_eclipse/stm32toolchain/gnu-arm/5.4 2016q3/bin/../lib/gcc/arm-none-eabi/5.4.1/../../../../arm-none-eabi/lib/armv7e-m\libg_nano.a(lib_a-sbrkr.o)
                              c:/stm32_eclipse/stm32toolchain/gnu-arm/5.4 2016q3/bin/../lib/gcc/arm-none-eabi/5.4.1/../../../../arm-none-eabi/lib/armv7e-m\libg_nano.a(lib_a-nano-mallocr.o) (_sbrk_r)
c:/stm32_eclipse/stm32toolchain/gnu-arm/5.4 2016q3/bin/../lib/gcc/arm-none-eabi/5.4.1/../../../../arm-none-eabi/lib/armv7e-m\libg_nano.a(lib_a-mlock.o)
                              c:/stm32_eclipse/stm32toolchain/gnu-arm/5.4 2016q3/bin/../lib/gcc/arm-none-eabi/5.4.1/../../../../arm-none-eabi/lib/armv7e-m\libg_nano.a(lib_a-nano-freer.o) (__malloc_lock)
[...]
Memory Configuration

Name             Origin             Length             Attributes
RAM              0x20000000         0x00020000         xrw
CCMRAM           0x10000000         0x00010000         xrw
FLASH            0x08000000         0x00100000         xr
FLASHB1          0x00000000         0x00000000         xr
EXTMEMB0         0x00000000         0x00000000         xr
EXTMEMB1         0x00000000         0x00000000         xr
EXTMEMB2         0x00000000         0x00000000         xr
EXTMEMB3         0x00000000         0x00000000         xr
MEMORY_ARRAY     0x20002000         0x00000020         xrw
*default*        0x00000000         0xffffffff

Linker script and memory map

LOAD ./system/src/stm32f4-hal/stm32f4xx_hal.o
LOAD ./system/src/stm32f4-hal/stm32f4xx_hal_adc.o
LOAD ./system/src/stm32f4-hal/stm32f4xx_hal_adc_ex.o
LOAD ./system/src/stm32f4-hal/stm32f4xx_hal_cortex.o
LOAD ./system/src/stm32f4-hal/stm32f4xx_hal_dac.o
LOAD ./system/src/stm32f4-hal/stm32f4xx_hal_dac_ex.o
LOAD ./system/src/stm32f4-hal/stm32f4xx_hal_dfsdm.o
LOAD ./system/src/stm32f4-hal/stm32f4xx_hal_flash.o
LOAD ./system/src/stm32f4-hal/stm32f4xx_hal_gpio.o
LOAD ./system/src/stm32f4-hal/stm32f4xx_hal_i2c.o
LOAD ./system/src/stm32f4-hal/stm32f4xx_hal_i2c_ex.o
LOAD ./system/src/stm32f4-hal/stm32f4xx_hal_iwdg.o
LOAD ./system/src/stm32f4-hal/stm32f4xx_hal_pwr.o
LOAD ./system/src/stm32f4-hal/stm32f4xx_hal_rcc.o
LOAD ./system/src/stm32f4-hal/stm32f4xx_hal_tim.o
LOAD ./system/src/stm32f4-hal/stm32f4xx_hal_tim_ex.o
LOAD ./system/src/stm32f4-hal/stm32f4xx_hal_uart.o
LOAD ./system/src/newlib/_cxx.o
LOAD ./system/src/newlib/_exit.o
LOAD ./system/src/newlib/_sbrk.o
LOAD ./system/src/newlib/_startup.o
LOAD ./system/src/newlib/_syscalls.o
LOAD ./system/src/newlib/assert.o
LOAD ./system/src/diag/Trace.o
LOAD ./system/src/diag/trace_impl.o
LOAD ./system/src/cortexm/_initialize_hardware.o
LOAD ./system/src/cortexm/_reset_hardware.o
LOAD ./system/src/cortexm/exception_handlers.o
LOAD ./system/src/cmsis/system_stm32f4xx.o
LOAD ./system/src/cmsis/vectors_stm32f405xx.o
LOAD ./src/Final_main.o
LOAD ./src/_initialize_hardware.o
LOAD ./src/_write.o
LOAD ./src/stm32f4xx_hal_msp.o
LOAD ./src/stm32f4xx_it.o
LOAD c:/stm32_eclipse/stm32toolchain/gnu-arm/5.4 2016q3/bin/../lib/gcc/arm-none-eabi/5.4.1/../../../../arm-none-eabi/lib/armv7e-m\libstdc++_nano.a
LOAD c:/stm32_eclipse/stm32toolchain/gnu-arm/5.4 2016q3/bin/../lib/gcc/arm-none-eabi/5.4.1/../../../../arm-none-eabi/lib/armv7e-m\libm.a
START GROUP
LOAD c:/stm32_eclipse/stm32toolchain/gnu-arm/5.4 2016q3/bin/../lib/gcc/arm-none-eabi/5.4.1/armv7e-m\libgcc.a
LOAD c:/stm32_eclipse/stm32toolchain/gnu-arm/5.4 2016q3/bin/../lib/gcc/arm-none-eabi/5.4.1/../../../../arm-none-eabi/lib/armv7e-m\libg_nano.a
LOAD c:/stm32_eclipse/stm32toolchain/gnu-arm/5.4 2016q3/bin/../lib/gcc/arm-none-eabi/5.4.1/../../../../arm-none-eabi/lib/armv7e-m\libc_nano.a
END GROUP
START GROUP
LOAD c:/stm32_eclipse/stm32toolchain/gnu-arm/5.4 2016q3/bin/../lib/gcc/arm-none-eabi/5.4.1/armv7e-m\libgcc.a
LOAD c:/stm32_eclipse/stm32toolchain/gnu-arm/5.4 2016q3/bin/../lib/gcc/arm-none-eabi/5.4.1/../../../../arm-none-eabi/lib/armv7e-m\libc_nano.a
END GROUP
                0x20020000                __stack = (ORIGIN (RAM) + LENGTH (RAM))
                0x20020000                _estack = __stack
                0x00000400                __Main_Stack_Size = 0x400
                [!provide]                PROVIDE (_Main_Stack_Size, __Main_Stack_Size)
                0x2001fc00                __Main_Stack_Limit = (__stack - __Main_Stack_Size)
                [!provide]                PROVIDE (_Main_Stack_Limit, __Main_Stack_Limit)
                0x00000100                _Minimum_Stack_Size = 0x100
                0x200005e4                PROVIDE (_Heap_Begin, _end_noinit)
                0x2001fc00                PROVIDE (_Heap_Limit, (__stack - __Main_Stack_Size))

.isr_vector     0x08000000      0x3c0
 FILL mask 0xff
                0x08000000                __vectors_start = ABSOLUTE (.)
                0x08000000                __vectors_start__ = ABSOLUTE (.)
 *(.isr_vector)
 .isr_vector    0x08000000      0x188 ./system/src/cmsis/vectors_stm32f405xx.o
                0x08000000                __isr_vectors
 *(.cfmconfig)
 *(.after_vectors .after_vectors.*)
 .after_vectors
                0x08000188      0x130 ./system/src/newlib/_startup.o
                0x08000188                _start
 .after_vectors
                0x080002b8      0x104 ./system/src/cortexm/exception_handlers.o
                0x080002b8                Reset_Handler
                0x080002d8                HardFault_Handler_C
                0x08000324                BusFault_Handler_C
                0x0800036c                UsageFault_Handler_C
 .after_vectors
                0x080003bc        0x4 ./system/src/cmsis/vectors_stm32f405xx.o
                0x080003bc                RTC_Alarm_IRQHandler
                0x080003bc                HASH_RNG_IRQHandler
                0x080003bc                TIM8_CC_IRQHandler
                0x080003bc                TIM1_CC_IRQHandler
                0x080003bc                DMA2_Stream5_IRQHandler
                0x080003bc                DMA1_Stream5_IRQHandler
                0x080003bc                PVD_IRQHandler
                0x080003bc                SDIO_IRQHandler
                0x080003bc                TAMP_STAMP_IRQHandler
                0x080003bc                CAN2_RX1_IRQHandler
                0x080003bc                EXTI3_IRQHandler
                0x080003bc                TIM8_TRG_COM_TIM14_IRQHandler
                0x080003bc                TIM1_UP_TIM10_IRQHandler
                0x080003bc                TIM8_UP_TIM13_IRQHandler
                0x080003bc                I2C3_ER_IRQHandler
                0x080003bc                I2C2_EV_IRQHandler
                0x080003bc                DMA1_Stream2_IRQHandler
                0x080003bc                CAN1_RX0_IRQHandler
                0x080003bc                FPU_IRQHandler
                0x080003bc                OTG_HS_WKUP_IRQHandler
                0x080003bc                CAN2_SCE_IRQHandler
                0x080003bc                DMA2_Stream2_IRQHandler
                0x080003bc                SPI1_IRQHandler
                0x080003bc                TIM6_DAC_IRQHandler
                0x080003bc                TIM1_BRK_TIM9_IRQHandler
                0x080003bc                CAN2_RX0_IRQHandler
                0x080003bc                DMA2_Stream3_IRQHandler
                0x080003bc                USART6_IRQHandler
                0x080003bc                USART3_IRQHandler
                0x080003bc                CAN1_RX1_IRQHandler
                0x080003bc                UART5_IRQHandler
                0x080003bc                DMA2_Stream0_IRQHandler
                0x080003bc                I2C1_EV_IRQHandler
                0x080003bc                DMA1_Stream6_IRQHandler
                0x080003bc                DMA1_Stream1_IRQHandler
                0x080003bc                UART4_IRQHandler
                0x080003bc                RCC_IRQHandler
                0x080003bc                TIM8_BRK_TIM12_IRQHandler
                0x080003bc                Default_Handler
                0x080003bc                DMA1_Stream7_IRQHandler
                0x080003bc                TIM7_IRQHandler
                0x080003bc                CAN2_TX_IRQHandler
                0x080003bc                DMA2_Stream7_IRQHandler
                0x080003bc                I2C3_EV_IRQHandler
                0x080003bc                RTC_WKUP_IRQHandler
                0x080003bc                SPI2_IRQHandler
                0x080003bc                OTG_HS_EP1_IN_IRQHandler
                0x080003bc                DMA1_Stream0_IRQHandler
                0x080003bc                CAN1_TX_IRQHandler
                0x080003bc                EXTI4_IRQHandler
                0x080003bc                OTG_HS_EP1_OUT_IRQHandler
                0x080003bc                WWDG_IRQHandler
                0x080003bc                OTG_FS_WKUP_IRQHandler
                0x080003bc                TIM1_TRG_COM_TIM11_IRQHandler
                0x080003bc                OTG_HS_IRQHandler
                0x080003bc                USART2_IRQHandler
                0x080003bc                I2C2_ER_IRQHandler
                0x080003bc                DMA2_Stream1_IRQHandler
                0x080003bc                CAN1_SCE_IRQHandler
                0x080003bc                FLASH_IRQHandler
                0x080003bc                DMA2_Stream4_IRQHandler
                0x080003bc                USART1_IRQHandler
                0x080003bc                OTG_FS_IRQHandler
                0x080003bc                SPI3_IRQHandler
                0x080003bc                DMA1_Stream4_IRQHandler
                0x080003bc                I2C1_ER_IRQHandler
                0x080003bc                FMC_IRQHandler
                0x080003bc                DMA2_Stream6_IRQHandler
                0x080003bc                DMA1_Stream3_IRQHandler

.inits          0x080003c0       0x28
                0x080003c0                __data_regions_array_start = .
                0x080003c0        0x4 LONG 0x8004be8 LOADADDR (.data)
                0x080003c4        0x4 LONG 0x20000000 ADDR (.data)
                0x080003c8        0x4 LONG 0x200000fc (ADDR (.data) + SIZEOF (.data))
                0x080003cc        0x4 LONG 0x8004be8 LOADADDR (.data_CCMRAM)
                0x080003d0        0x4 LONG 0x10000000 ADDR (.data_CCMRAM)
                0x080003d4        0x4 LONG 0x10000000 (ADDR (.data_CCMRAM) + SIZEOF (.data_CCMRAM))
                0x080003d8                __data_regions_array_end = .
                0x080003d8                __bss_regions_array_start = .
                0x080003d8        0x4 LONG 0x200000fc ADDR (.bss)
                0x080003dc        0x4 LONG 0x200005e4 (ADDR (.bss) + SIZEOF (.bss))
                0x080003e0        0x4 LONG 0x10000000 ADDR (.bss_CCMRAM)
                0x080003e4        0x4 LONG 0x10000000 (ADDR (.bss_CCMRAM) + SIZEOF (.bss_CCMRAM))
                0x080003e8                __bss_regions_array_end = .
 *(.init)
 *(.fini)
                0x080003e8                . = ALIGN (0x4)
                0x080003e8                PROVIDE (__preinit_array_start, .)
 *(.preinit_array_sysinit .preinit_array_sysinit.*)
 *(.preinit_array_platform .preinit_array_platform.*)
 *(.preinit_array .preinit_array.*)
                0x080003e8                PROVIDE (__preinit_array_end, .)
                0x080003e8                . = ALIGN (0x4)
                0x080003e8                PROVIDE (__init_array_start, .)
 *(SORT(.init_array.*))
 *(.init_array)
                0x080003e8                PROVIDE (__init_array_end, .)
                0x080003e8                . = ALIGN (0x4)
                0x080003e8                PROVIDE (__fini_array_start, .)
 *(SORT(.fini_array.*))
 *(.fini_array)
                0x080003e8                PROVIDE (__fini_array_end, .)

.flashtext
 *(.flashtext .flashtext.*)

.text           0x080003f0     0x47f7
 *(.text .text.*)
 .text.HAL_InitTick
                0x080003f0       0x2c ./system/src/stm32f4-hal/stm32f4xx_hal.o
                0x080003f0                HAL_InitTick
 .text.HAL_Init
                0x0800041c       0x34 ./system/src/stm32f4-hal/stm32f4xx_hal.o
                0x0800041c                HAL_Init
 .text.HAL_IncTick
                0x08000450       0x10 ./system/src/stm32f4-hal/stm32f4xx_hal.o
                0x08000450                HAL_IncTick
 .text.HAL_GetTick
                0x08000460        0xc ./system/src/stm32f4-hal/stm32f4xx_hal.o
                0x08000460                HAL_GetTick
 .text.ADC_Init
                0x0800046c      0x154 ./system/src/stm32f4-hal/stm32f4xx_hal_adc.o
 .text.HAL_ADC_MspInit
                0x080005c0        0x4 ./system/src/stm32f4-hal/stm32f4xx_hal_adc.o
                0x080005c0                HAL_ADC_MspInit
 .text.HAL_ADC_Init
                0x080005c4      0x1d4 ./system/src/stm32f4-hal/stm32f4xx_hal_adc.o
                0x080005c4                HAL_ADC_Init
 .text.HAL_ADC_Start_IT
                0x08000798      0x140 ./system/src/stm32f4-hal/stm32f4xx_hal_adc.o
                0x08000798                HAL_ADC_Start_IT
 .text.HAL_ADC_GetValue
                0x080008d8        0x8 ./system/src/stm32f4-hal/stm32f4xx_hal_adc.o
                0x080008d8                HAL_ADC_GetValue
 .text.HAL_ADC_LevelOutOfWindowCallback
                0x080008e0        0x4 ./system/src/stm32f4-hal/stm32f4xx_hal_adc.o
                0x080008e0                HAL_ADC_LevelOutOfWindowCallback
 .text.HAL_ADC_ErrorCallback
                0x080008e4        0x4 ./system/src/stm32f4-hal/stm32f4xx_hal_adc.o
                0x080008e4                HAL_ADC_ErrorCallback
 .text.HAL_ADC_IRQHandler
                0x080008e8      0x180 ./system/src/stm32f4-hal/stm32f4xx_hal_adc.o
                0x080008e8                HAL_ADC_IRQHandler
 .text.HAL_ADC_ConfigChannel
                0x08000a68      0x1c0 ./system/src/stm32f4-hal/stm32f4xx_hal_adc.o
                0x08000a68                HAL_ADC_ConfigChannel
 .text.HAL_ADCEx_InjectedConvCpltCallback
                0x08000c28        0x4 ./system/src/stm32f4-hal/stm32f4xx_hal_adc_ex.o
                0x08000c28                HAL_ADCEx_InjectedConvCpltCallback
 .text.HAL_NVIC_SetPriorityGrouping
                0x08000c2c       0x3c ./system/src/stm32f4-hal/stm32f4xx_hal_cortex.o
                0x08000c2c                HAL_NVIC_SetPriorityGrouping
 .text.HAL_NVIC_SetPriority
                0x08000c68       0x84 ./system/src/stm32f4-hal/stm32f4xx_hal_cortex.o
                0x08000c68                HAL_NVIC_SetPriority
 .text.HAL_NVIC_EnableIRQ
                0x08000cec       0x2c ./system/src/stm32f4-hal/stm32f4xx_hal_cortex.o
                0x08000cec                HAL_NVIC_EnableIRQ
 .text.HAL_SYSTICK_Config
                0x08000d18       0x2c ./system/src/stm32f4-hal/stm32f4xx_hal_cortex.o
                0x08000d18                HAL_SYSTICK_Config
 .text.HAL_SYSTICK_CLKSourceConfig
                0x08000d44       0x38 ./system/src/stm32f4-hal/stm32f4xx_hal_cortex.o
                0x08000d44                HAL_SYSTICK_CLKSourceConfig
 .text.HAL_GPIO_Init
                0x08000d7c      0x324 ./system/src/stm32f4-hal/stm32f4xx_hal_gpio.o
                0x08000d7c                HAL_GPIO_Init
 .text.HAL_GPIO_WritePin
                0x080010a0       0x34 ./system/src/stm32f4-hal/stm32f4xx_hal_gpio.o
                0x080010a0                HAL_GPIO_WritePin
 .text.HAL_GPIO_EXTI_IRQHandler
                0x080010d4       0x18 ./system/src/stm32f4-hal/stm32f4xx_hal_gpio.o
                0x080010d4                HAL_GPIO_EXTI_IRQHandler
 .text.HAL_I2C_MspInit
                0x080010ec        0x4 ./system/src/stm32f4-hal/stm32f4xx_hal_i2c.o
                0x080010ec                HAL_I2C_MspInit
 .text.HAL_I2C_Init
                0x080010f0      0x1e8 ./system/src/stm32f4-hal/stm32f4xx_hal_i2c.o
                0x080010f0                HAL_I2C_Init
 .text.HAL_RCC_OscConfig
                0x080012d8      0x448 ./system/src/stm32f4-hal/stm32f4xx_hal_rcc.o
                0x080012d8                HAL_RCC_OscConfig
 .text.HAL_RCC_GetSysClockFreq
                0x08001720       0xa0 ./system/src/stm32f4-hal/stm32f4xx_hal_rcc.o
                0x08001720                HAL_RCC_GetSysClockFreq
 .text.HAL_RCC_ClockConfig
                0x080017c0      0x264 ./system/src/stm32f4-hal/stm32f4xx_hal_rcc.o
                0x080017c0                HAL_RCC_ClockConfig
 .text.HAL_RCC_GetHCLKFreq
                0x08001a24        0xc ./system/src/stm32f4-hal/stm32f4xx_hal_rcc.o
                0x08001a24                HAL_RCC_GetHCLKFreq
 .text.HAL_RCC_GetPCLK1Freq
                0x08001a30       0x30 ./system/src/stm32f4-hal/stm32f4xx_hal_rcc.o
                0x08001a30                HAL_RCC_GetPCLK1Freq
 .text.HAL_RCC_GetPCLK2Freq
                0x08001a60       0x30 ./system/src/stm32f4-hal/stm32f4xx_hal_rcc.o
                0x08001a60                HAL_RCC_GetPCLK2Freq
 .text.TIM_OC1_SetConfig
                0x08001a90       0x68 ./system/src/stm32f4-hal/stm32f4xx_hal_tim.o
 .text.TIM_OC3_SetConfig
                0x08001af8       0xb4 ./system/src/stm32f4-hal/stm32f4xx_hal_tim.o
 .text.TIM_OC4_SetConfig
                0x08001bac       0x7c ./system/src/stm32f4-hal/stm32f4xx_hal_tim.o
 .text.HAL_TIM_Base_MspInit
                0x08001c28        0x4 ./system/src/stm32f4-hal/stm32f4xx_hal_tim.o
                0x08001c28                HAL_TIM_Base_MspInit
 .text.HAL_TIM_Base_Start_IT
                0x08001c2c       0x9c ./system/src/stm32f4-hal/stm32f4xx_hal_tim.o
                0x08001c2c                HAL_TIM_Base_Start_IT
 .text.HAL_TIM_PWM_MspInit
                0x08001cc8        0x4 ./system/src/stm32f4-hal/stm32f4xx_hal_tim.o
                0x08001cc8                HAL_TIM_PWM_MspInit
 .text.HAL_TIM_OC_DelayElapsedCallback
                0x08001ccc        0x4 ./system/src/stm32f4-hal/stm32f4xx_hal_tim.o
                0x08001ccc                HAL_TIM_OC_DelayElapsedCallback
 .text.HAL_TIM_IC_CaptureCallback
                0x08001cd0        0x4 ./system/src/stm32f4-hal/stm32f4xx_hal_tim.o
                0x08001cd0                HAL_TIM_IC_CaptureCallback
 .text.HAL_TIM_PWM_PulseFinishedCallback
                0x08001cd4        0x4 ./system/src/stm32f4-hal/stm32f4xx_hal_tim.o
                0x08001cd4                HAL_TIM_PWM_PulseFinishedCallback
 .text.HAL_TIM_TriggerCallback
                0x08001cd8        0x4 ./system/src/stm32f4-hal/stm32f4xx_hal_tim.o
                0x08001cd8                HAL_TIM_TriggerCallback
 .text.HAL_TIM_IRQHandler
                0x08001cdc      0x174 ./system/src/stm32f4-hal/stm32f4xx_hal_tim.o
                0x08001cdc                HAL_TIM_IRQHandler
 .text.TIM_Base_SetConfig
                0x08001e50      0x11c ./system/src/stm32f4-hal/stm32f4xx_hal_tim.o
                0x08001e50                TIM_Base_SetConfig
 .text.HAL_TIM_Base_Init
                0x08001f6c       0xec ./system/src/stm32f4-hal/stm32f4xx_hal_tim.o
                0x08001f6c                HAL_TIM_Base_Init
 .text.HAL_TIM_PWM_Init
                0x08002058       0xf4 ./system/src/stm32f4-hal/stm32f4xx_hal_tim.o
                0x08002058                HAL_TIM_PWM_Init
 .text.TIM_OC2_SetConfig
                0x0800214c       0x90 ./system/src/stm32f4-hal/stm32f4xx_hal_tim.o
                0x0800214c                TIM_OC2_SetConfig
 .text.HAL_TIM_PWM_ConfigChannel
                0x080021dc      0x274 ./system/src/stm32f4-hal/stm32f4xx_hal_tim.o
                0x080021dc                HAL_TIM_PWM_ConfigChannel
 .text.TIM_CCxChannelCmd
                0x08002450       0xac ./system/src/stm32f4-hal/stm32f4xx_hal_tim.o
                0x08002450                TIM_CCxChannelCmd
 .text.HAL_TIM_PWM_Start
                0x080024fc       0xe0 ./system/src/stm32f4-hal/stm32f4xx_hal_tim.o
                0x080024fc                HAL_TIM_PWM_Start
 .text.HAL_TIM_PWM_Stop
                0x080025dc      0x110 ./system/src/stm32f4-hal/stm32f4xx_hal_tim.o
                0x080025dc                HAL_TIM_PWM_Stop
 .text.HAL_TIMEx_CommutationCallback
                0x080026ec        0x4 ./system/src/stm32f4-hal/stm32f4xx_hal_tim_ex.o
                0x080026ec                HAL_TIMEx_CommutationCallback
 .text.HAL_TIMEx_BreakCallback
                0x080026f0        0x4 ./system/src/stm32f4-hal/stm32f4xx_hal_tim_ex.o
                0x080026f0                HAL_TIMEx_BreakCallback
 .text.UART_SetConfig
                0x080026f4      0x390 ./system/src/stm32f4-hal/stm32f4xx_hal_uart.o
 .text.UART_WaitOnFlagUntilTimeout
                0x08002a84       0x68 ./system/src/stm32f4-hal/stm32f4xx_hal_uart.o
 .text.HAL_UART_MspInit
                0x08002aec        0x4 ./system/src/stm32f4-hal/stm32f4xx_hal_uart.o
                0x08002aec                HAL_UART_MspInit
 .text.HAL_UART_Init
                0x08002af0      0x120 ./system/src/stm32f4-hal/stm32f4xx_hal_uart.o
                0x08002af0                HAL_UART_Init
 .text.HAL_UART_Transmit
                0x08002c10       0xd8 ./system/src/stm32f4-hal/stm32f4xx_hal_uart.o
                0x08002c10                HAL_UART_Transmit
 .text._exit    0x08002ce8        0x4 ./system/src/newlib/_exit.o
                0x08002ce8                _exit
 .text.abort    0x08002cec       0x14 ./system/src/newlib/_exit.o
                0x08002cec                abort
 .text._sbrk    0x08002d00       0x44 ./system/src/newlib/_sbrk.o
                0x08002d00                _sbrk
 .text.__initialize_args
                0x08002d44       0x10 ./system/src/newlib/_syscalls.o
                0x08002d44                __initialize_args
 .text.assert_failed
                0x08002d54       0x14 ./system/src/newlib/assert.o
                0x08002d54                assert_failed
 .text.trace_printf
                0x08002d68       0x30 ./system/src/diag/Trace.o
                0x08002d68                trace_printf
 .text.trace_puts
                0x08002d98       0x20 ./system/src/diag/Trace.o
                0x08002d98                trace_puts
 .text._trace_write_itm
                0x08002db8       0x48 ./system/src/diag/trace_impl.o
 .text.trace_write
                0x08002e00        0x8 ./system/src/diag/trace_impl.o
                0x08002e00                trace_write
 .text.__initialize_hardware_early
                0x08002e08       0x18 ./system/src/cortexm/_initialize_hardware.o
                0x08002e08                __initialize_hardware_early
 .text.dumpExceptionStack
                0x08002e20       0xf0 ./system/src/cortexm/exception_handlers.o
                0x08002e20                dumpExceptionStack
 .text.SystemInit
                0x08002f10       0x40 ./system/src/cmsis/system_stm32f4xx.o
                0x08002f10                SystemInit
 .text.SystemCoreClockUpdate
                0x08002f50       0xa0 ./system/src/cmsis/system_stm32f4xx.o
                0x08002f50                SystemCoreClockUpdate
 .text.ms_delay_int_count
                0x08002ff0       0x24 ./src/Final_main.o
                0x08002ff0                ms_delay_int_count
 .text.us_delay_int_count
                0x08003014       0x20 ./src/Final_main.o
                0x08003014                us_delay_int_count
 .text.open_led
                0x08003034       0x48 ./src/Final_main.o
                0x08003034                open_led
 .text.open_dc_motor
                0x0800307c       0x70 ./src/Final_main.o
                0x0800307c                open_dc_motor
 .text.dc_motor_cntl
                0x080030ec       0x78 ./src/Final_main.o
                0x080030ec                dc_motor_cntl
 .text.open_piezo
                0x08003164       0x4c ./src/Final_main.o
                0x08003164                open_piezo
 .text.open_jogsw
                0x080031b0       0x8c ./src/Final_main.o
                0x080031b0                open_jogsw
 .text.CLCD_write
                0x0800323c       0xe4 ./src/Final_main.o
                0x0800323c                CLCD_write
 .text.clcd_put_string
                0x08003320       0x1c ./src/Final_main.o
                0x08003320                clcd_put_string
 .text.CLCD_init
                0x0800333c       0x50 ./src/Final_main.o
                0x0800333c                CLCD_init
 .text.CLCD_config
                0x0800338c       0x60 ./src/Final_main.o
                0x0800338c                CLCD_config
 .text.open_clcd
                0x080033ec       0x10 ./src/Final_main.o
                0x080033ec                open_clcd
 .text.timer2_config
                0x080033fc       0x5c ./src/Final_main.o
                0x080033fc                timer2_config
 .text.timer3_config
                0x08003458       0x64 ./src/Final_main.o
                0x08003458                timer3_config
 .text.timer5_config
                0x080034bc       0x6c ./src/Final_main.o
                0x080034bc                timer5_config
 .text.timer4_config
                0x08003528       0x60 ./src/Final_main.o
                0x08003528                timer4_config
 .text.timer12_config
                0x08003588       0x74 ./src/Final_main.o
                0x08003588                timer12_config
 .text.timer_initialize
                0x080035fc       0x1c ./src/Final_main.o
                0x080035fc                timer_initialize
 .text.adc1_config
                0x08003618       0x8c ./src/Final_main.o
                0x08003618                adc1_config
 .text.adc2_config
                0x080036a4       0x7c ./src/Final_main.o
                0x080036a4                adc2_config
 .text.adc_initialize
                0x08003720       0x20 ./src/Final_main.o
                0x08003720                adc_initialize
 .text.I2C_config
                0x08003740       0x8c ./src/Final_main.o
                0x08003740                I2C_config
 .text.USART1_config
                0x080037cc       0xa0 ./src/Final_main.o
                0x080037cc                USART1_config
 .text.board_initialize
                0x0800386c       0x20 ./src/Final_main.o
                0x0800386c                board_initialize
 .text.main     0x0800388c      0x244 ./src/Final_main.o
                0x0800388c                main
 .text.HAL_GPIO_EXTI_Callback
                0x08003ad0      0x160 ./src/Final_main.o
                0x08003ad0                HAL_GPIO_EXTI_Callback
 .text.HAL_ADC_ConvCpltCallback
                0x08003c30       0x5c ./src/Final_main.o
                0x08003c30                HAL_ADC_ConvCpltCallback
 .text.HAL_TIM_PeriodElapsedCallback
                0x08003c8c       0x54 ./src/Final_main.o
                0x08003c8c                HAL_TIM_PeriodElapsedCallback
 .text.SystemClock_Config
                0x08003ce0       0x9c ./src/_initialize_hardware.o
                0x08003ce0                SystemClock_Config
 .text.__initialize_hardware
                0x08003d7c       0x10 ./src/_initialize_hardware.o
                0x08003d7c                __initialize_hardware
 .text.HAL_MspInit
                0x08003d8c        0x4 ./src/stm32f4xx_hal_msp.o
                0x08003d8c                HAL_MspInit
 .text.ADC_IRQHandler
                0x08003d90       0x18 ./src/stm32f4xx_it.o
                0x08003d90                ADC_IRQHandler
 .text.TIM2_IRQHandler
                0x08003da8       0x10 ./src/stm32f4xx_it.o
                0x08003da8                TIM2_IRQHandler
 .text.TIM3_IRQHandler
                0x08003db8       0x10 ./src/stm32f4xx_it.o
                0x08003db8                TIM3_IRQHandler
 .text.TIM5_IRQHandler
                0x08003dc8       0x10 ./src/stm32f4xx_it.o
                0x08003dc8                TIM5_IRQHandler
 .text.TIM4_IRQHandler
                0x08003dd8       0x10 ./src/stm32f4xx_it.o
                0x08003dd8                TIM4_IRQHandler
 .text.EXTI0_IRQHandler
                0x08003de8        0xc ./src/stm32f4xx_it.o
                0x08003de8                EXTI0_IRQHandler
 .text.EXTI1_IRQHandler
                0x08003df4        0xc ./src/stm32f4xx_it.o
                0x08003df4                EXTI1_IRQHandler
 .text.EXTI2_IRQHandler
                0x08003e00        0xc ./src/stm32f4xx_it.o
                0x08003e00                EXTI2_IRQHandler
 .text.EXTI9_5_IRQHandler
                0x08003e0c        0xc ./src/stm32f4xx_it.o
                0x08003e0c                EXTI9_5_IRQHandler
 .text.EXTI15_10_IRQHandler
                0x08003e18       0x1c ./src/stm32f4xx_it.o
                0x08003e18                EXTI15_10_IRQHandler
 .text.NMI_Handler
                0x08003e34        0x4 ./src/stm32f4xx_it.o
                0x08003e34                NMI_Handler
 .text.HardFault_Handler
                0x08003e38        0x4 ./src/stm32f4xx_it.o
                0x08003e38                HardFault_Handler
 .text.MemManage_Handler
                0x08003e3c        0x4 ./src/stm32f4xx_it.o
                0x08003e3c                MemManage_Handler
 .text.BusFault_Handler
                0x08003e40        0x4 ./src/stm32f4xx_it.o
                0x08003e40                BusFault_Handler
 .text.UsageFault_Handler
                0x08003e44        0x4 ./src/stm32f4xx_it.o
                0x08003e44                UsageFault_Handler
 .text.SVC_Handler
                0x08003e48        0x4 ./src/stm32f4xx_it.o
                0x08003e48                SVC_Handler
 .text.DebugMon_Handler
                0x08003e4c        0x4 ./src/stm32f4xx_it.o
                0x08003e4c                DebugMon_Handler
 .text.PendSV_Handler
                0x08003e50        0x4 ./src/stm32f4xx_it.o
                0x08003e50                PendSV_Handler
 .text.SysTick_Handler
                0x08003e54        0x8 ./src/stm32f4xx_it.o
                0x08003e54                SysTick_Handler
 .text.__errno  0x08003e5c        0xc c:/stm32_eclipse/stm32toolchain/gnu-arm/5.4 2016q3/bin/../lib/gcc/arm-none-eabi/5.4.1/../../../../arm-none-eabi/lib/armv7e-m\libg_nano.a(lib_a-errno.o)
                0x08003e5c                __errno
 .text.sprintf  0x08003e68       0x48 c:/stm32_eclipse/stm32toolchain/gnu-arm/5.4 2016q3/bin/../lib/gcc/arm-none-eabi/5.4.1/../../../../arm-none-eabi/lib/armv7e-m\libg_nano.a(lib_a-sprintf.o)
                0x08003e68                siprintf
                0x08003e68                sprintf
 .text          0x08003eb0       0x10 c:/stm32_eclipse/stm32toolchain/gnu-arm/5.4 2016q3/bin/../lib/gcc/arm-none-eabi/5.4.1/../../../../arm-none-eabi/lib/armv7e-m\libg_nano.a(lib_a-strlen.o)
                0x08003eb0                strlen
 .text._vsnprintf_r
                0x08003ec0       0x56 c:/stm32_eclipse/stm32toolchain/gnu-arm/5.4 2016q3/bin/../lib/gcc/arm-none-eabi/5.4.1/../../../../arm-none-eabi/lib/armv7e-m\libg_nano.a(lib_a-vsnprintf.o)
                0x08003ec0                _vsniprintf_r
                0x08003ec0                _vsnprintf_r
 *fill*         0x08003f16        0x2 
 .text.vsnprintf
                0x08003f18       0x1c c:/stm32_eclipse/stm32toolchain/gnu-arm/5.4 2016q3/bin/../lib/gcc/arm-none-eabi/5.4.1/../../../../arm-none-eabi/lib/armv7e-m\libg_nano.a(lib_a-vsnprintf.o)
                0x08003f18                vsniprintf
                0x08003f18                vsnprintf
 .text.__ssputs_r
                0x08003f34       0xb2 c:/stm32_eclipse/stm32toolchain/gnu-arm/5.4 2016q3/bin/../lib/gcc/arm-none-eabi/5.4.1/../../../../arm-none-eabi/lib/armv7e-m\libg_nano.a(lib_a-nano-svfprintf.o)
                0x08003f34                __ssputs_r
 *fill*         0x08003fe6        0x2 
 .text._svfprintf_r
                0x08003fe8      0x1e8 c:/stm32_eclipse/stm32toolchain/gnu-arm/5.4 2016q3/bin/../lib/gcc/arm-none-eabi/5.4.1/../../../../arm-none-eabi/lib/armv7e-m\libg_nano.a(lib_a-nano-svfprintf.o)
                0x08003fe8                _svfiprintf_r
                0x08003fe8                _svfprintf_r
 .text._printf_common
                0x080041d0       0xec c:/stm32_eclipse/stm32toolchain/gnu-arm/5.4 2016q3/bin/../lib/gcc/arm-none-eabi/5.4.1/../../../../arm-none-eabi/lib/armv7e-m\libg_nano.a(lib_a-nano-vfprintf_i.o)
                0x080041d0                _printf_common
 .text._printf_i
                0x080042bc      0x24c c:/stm32_eclipse/stm32toolchain/gnu-arm/5.4 2016q3/bin/../lib/gcc/arm-none-eabi/5.4.1/../../../../arm-none-eabi/lib/armv7e-m\libg_nano.a(lib_a-nano-vfprintf_i.o)
                0x080042bc                _printf_i
 *fill*         0x08004508        0x8 
 .text          0x08004510       0xa0 c:/stm32_eclipse/stm32toolchain/gnu-arm/5.4 2016q3/bin/../lib/gcc/arm-none-eabi/5.4.1/../../../../arm-none-eabi/lib/armv7e-m\libg_nano.a(lib_a-memchr.o)
                0x08004510                memchr
 .text.memcpy   0x080045b0       0x16 c:/stm32_eclipse/stm32toolchain/gnu-arm/5.4 2016q3/bin/../lib/gcc/arm-none-eabi/5.4.1/../../../../arm-none-eabi/lib/armv7e-m\libg_nano.a(lib_a-memcpy-stub.o)
                0x080045b0                memcpy
 .text.memmove  0x080045c6       0x36 c:/stm32_eclipse/stm32toolchain/gnu-arm/5.4 2016q3/bin/../lib/gcc/arm-none-eabi/5.4.1/../../../../arm-none-eabi/lib/armv7e-m\libg_nano.a(lib_a-memmove.o)
                0x080045c6                memmove
 .text._free_r  0x080045fc       0x9c c:/stm32_eclipse/stm32toolchain/gnu-arm/5.4 2016q3/bin/../lib/gcc/arm-none-eabi/5.4.1/../../../../arm-none-eabi/lib/armv7e-m\libg_nano.a(lib_a-nano-freer.o)
                0x080045fc                _free_r
 .text._malloc_r
                0x08004698       0xbc c:/stm32_eclipse/stm32toolchain/gnu-arm/5.4 2016q3/bin/../lib/gcc/arm-none-eabi/5.4.1/../../../../arm-none-eabi/lib/armv7e-m\libg_nano.a(lib_a-nano-mallocr.o)
                0x08004698                _malloc_r
 .text._realloc_r
                0x08004754       0x4c c:/stm32_eclipse/stm32toolchain/gnu-arm/5.4 2016q3/bin/../lib/gcc/arm-none-eabi/5.4.1/../../../../arm-none-eabi/lib/armv7e-m\libg_nano.a(lib_a-nano-reallocr.o)
                0x08004754                _realloc_r
 .text._sbrk_r  0x080047a0       0x20 c:/stm32_eclipse/stm32toolchain/gnu-arm/5.4 2016q3/bin/../lib/gcc/arm-none-eabi/5.4.1/../../../../arm-none-eabi/lib/armv7e-m\libg_nano.a(lib_a-sbrkr.o)
                0x080047a0                _sbrk_r
 .text.__malloc_lock
                0x080047c0        0x2 c:/stm32_eclipse/stm32toolchain/gnu-arm/5.4 2016q3/bin/../lib/gcc/arm-none-eabi/5.4.1/../../../../arm-none-eabi/lib/armv7e-m\libg_nano.a(lib_a-mlock.o)
                0x080047c0                __malloc_lock
 .text.__malloc_unlock
                0x080047c2        0x2 c:/stm32_eclipse/stm32toolchain/gnu-arm/5.4 2016q3/bin/../lib/gcc/arm-none-eabi/5.4.1/../../../../arm-none-eabi/lib/armv7e-m\libg_nano.a(lib_a-mlock.o)
                0x080047c2                __malloc_unlock
 .text._malloc_usable_size_r
                0x080047c4       0x14 c:/stm32_eclipse/stm32toolchain/gnu-arm/5.4 2016q3/bin/../lib/gcc/arm-none-eabi/5.4.1/../../../../arm-none-eabi/lib/armv7e-m\libg_nano.a(lib_a-nano-msizer.o)
                0x080047c4                _malloc_usable_size_r
 *(.rodata .rodata.* .constdata .constdata.*)
 .rodata.str1.4
                0x080047d8       0x2e ./system/src/stm32f4-hal/stm32f4xx_hal_adc.o
 *fill*         0x08004806        0x2 
 .rodata.str1.4
                0x08004808       0x31 ./system/src/stm32f4-hal/stm32f4xx_hal_cortex.o
 *fill*         0x08004839        0x3 
 .rodata.str1.4
                0x0800483c       0x2f ./system/src/stm32f4-hal/stm32f4xx_hal_gpio.o
 *fill*         0x0800486b        0x1 
 .rodata.str1.4
                0x0800486c       0x2e ./system/src/stm32f4-hal/stm32f4xx_hal_i2c.o
 *fill*         0x0800489a        0x2 
 .rodata.APBAHBPrescTable
                0x0800489c       0x10 ./system/src/stm32f4-hal/stm32f4xx_hal_rcc.o
                0x0800489c                APBAHBPrescTable
 .rodata.str1.4
                0x080048ac       0x2e ./system/src/stm32f4-hal/stm32f4xx_hal_rcc.o
 *fill*         0x080048da        0x2 
 .rodata.str1.4
                0x080048dc       0x2e ./system/src/stm32f4-hal/stm32f4xx_hal_tim.o
 *fill*         0x0800490a        0x2 
 .rodata.str1.4
                0x0800490c       0x2f ./system/src/stm32f4-hal/stm32f4xx_hal_uart.o
 *fill*         0x0800493b        0x1 
 .rodata.str1.4
                0x0800493c       0x14 ./system/src/newlib/_exit.o
 .rodata.str1.4
                0x08004950       0x6b ./system/src/newlib/assert.o
                                 0x6f (size before relaxing)
 *fill*         0x080049bb        0x1 
 .rodata.str1.4
                0x080049bc       0x29 ./system/src/diag/Trace.o
                                 0x2d (size before relaxing)
 *fill*         0x080049e5        0x3 
 .rodata.str1.4
                0x080049e8      0x146 ./system/src/cortexm/exception_handlers.o
 *fill*         0x08004b2e        0x2 
 .rodata.AHBPrescTable
                0x08004b30       0x10 ./system/src/cmsis/system_stm32f4xx.o
                0x08004b30                AHBPrescTable
 .rodata.str1.4
                0x08004b40       0x74 ./src/Final_main.o
                                 0x71 (size before relaxing)
 .rodata.str1.1
                0x08004bb4       0x11 c:/stm32_eclipse/stm32toolchain/gnu-arm/5.4 2016q3/bin/../lib/gcc/arm-none-eabi/5.4.1/../../../../arm-none-eabi/lib/armv7e-m\libg_nano.a(lib_a-nano-svfprintf.o)
 .rodata.str1.1
                0x08004bc5       0x22 c:/stm32_eclipse/stm32toolchain/gnu-arm/5.4 2016q3/bin/../lib/gcc/arm-none-eabi/5.4.1/../../../../arm-none-eabi/lib/armv7e-m\libg_nano.a(lib_a-nano-vfprintf_i.o)
 *(vtable)
 *(.eh_frame*)
 *(.glue_7)
 .glue_7        0x08004be7        0x0 linker stubs
 *(.glue_7t)
 .glue_7t       0x08004be7        0x0 linker stubs

.vfp11_veneer   0x08004be8        0x0
 .vfp11_veneer  0x08004be8        0x0 linker stubs

.v4_bx          0x08004be8        0x0
 .v4_bx         0x08004be8        0x0 linker stubs

.iplt           0x08004be8        0x0
 .iplt          0x08004be8        0x0 ./system/src/stm32f4-hal/stm32f4xx_hal.o

.rel.dyn        0x08004be8        0x0
 .rel.iplt      0x08004be8        0x0 ./system/src/stm32f4-hal/stm32f4xx_hal.o

.ARM.extab
 *(.ARM.extab* .gnu.linkonce.armextab.*)
                0x08004be8                . = ALIGN (0x4)
                0x08004be8                __exidx_start = .

.ARM.exidx
 *(.ARM.exidx* .gnu.linkonce.armexidx.*)
                0x08004be8                __exidx_end = .
                0x08004be8                . = ALIGN (0x4)
                0x08004be8                _etext = .
                0x08004be8                __etext = .

.data_CCMRAM    0x10000000        0x0 load address 0x08004be8
 FILL mask 0xff
 *(.data.CCMRAM .data.CCMRAM.*)
                0x10000000                . = ALIGN (0x4)
                0x08004be8                _sidata = LOADADDR (.data)

.data           0x20000000       0xfc load address 0x08004be8
 FILL mask 0xff
                0x20000000                _sdata = .
                0x20000000                __data_start__ = .
 *(.data_begin .data_begin.*)
 .data_begin    0x20000000        0x4 ./system/src/newlib/_startup.o
 *(.data .data.*)
 .data.argv.4290
                0x20000004        0x8 ./system/src/newlib/_syscalls.o
 .data.SystemCoreClock
                0x2000000c        0x4 ./system/src/cmsis/system_stm32f4xx.o
                0x2000000c                SystemCoreClock
 .data.state    0x20000010        0x4 ./src/Final_main.o
                0x20000010                state
 .data.LED_Pulse
                0x20000014        0x4 ./src/Final_main.o
                0x20000014                LED_Pulse
 .data.UART_TxBuffer
                0x20000018       0x29 ./src/Final_main.o
                0x20000018                UART_TxBuffer
 *fill*         0x20000041        0x3 ff
 .data.PIEZO_clcd
                0x20000044       0x24 ./src/Final_main.o
                0x20000044                PIEZO_clcd
 .data.PIEZO_Pulse
                0x20000068       0x24 ./src/Final_main.o
                0x20000068                PIEZO_Pulse
 .data.MOTOR_Pulse
                0x2000008c        0x4 ./src/Final_main.o
                0x2000008c                MOTOR_Pulse
 .data.cnt_state
                0x20000090        0x4 ./src/Final_main.o
                0x20000090                cnt_state
 .data.impure_data
                0x20000094       0x60 c:/stm32_eclipse/stm32toolchain/gnu-arm/5.4 2016q3/bin/../lib/gcc/arm-none-eabi/5.4.1/../../../../arm-none-eabi/lib/armv7e-m\libg_nano.a(lib_a-impure.o)
 .data._impure_ptr
                0x200000f4        0x4 c:/stm32_eclipse/stm32toolchain/gnu-arm/5.4 2016q3/bin/../lib/gcc/arm-none-eabi/5.4.1/../../../../arm-none-eabi/lib/armv7e-m\libg_nano.a(lib_a-impure.o)
                0x200000f4                _impure_ptr
 *(.data_end .data_end.*)
 .data_end      0x200000f8        0x4 ./system/src/newlib/_startup.o
                0x200000fc                . = ALIGN (0x4)
                0x200000fc                _edata = .
                0x200000fc                __data_end__ = .

.igot.plt       0x200000fc        0x0 load address 0x08004ce4
 .igot.plt      0x200000fc        0x0 ./system/src/stm32f4-hal/stm32f4xx_hal.o

.bss_CCMRAM     0x10000000        0x0
 *(.bss.CCMRAM .bss.CCMRAM.*)

.bss            0x200000fc      0x4e8
                0x200000fc                __bss_start__ = .
                0x200000fc                _sbss = .
 *(.bss_begin .bss_begin.*)
 .bss_begin     0x200000fc        0x4 ./system/src/newlib/_startup.o
 *(.bss .bss.*)
 .bss.current_heap_end.3974
                0x20000100        0x4 ./system/src/newlib/_sbrk.o
 .bss.name.4289
                0x20000104        0x1 ./system/src/newlib/_syscalls.o
 *fill*         0x20000105        0x3 
 .bss.buf.5179  0x20000108       0x80 ./system/src/diag/Trace.o
 .bss.last_scale_val
                0x20000188        0x4 ./src/Final_main.o
                0x20000188                last_scale_val
 .bss.vr_val    0x2000018c        0x4 ./src/Final_main.o
                0x2000018c                vr_val
 .bss.sound_val
                0x20000190        0x4 ./src/Final_main.o
                0x20000190                sound_val
 .bss.motor_st  0x20000194        0x4 ./src/Final_main.o
                0x20000194                motor_st
 .bss.cds_val   0x20000198        0x4 ./src/Final_main.o
                0x20000198                cds_val
 .bss.last_cds_val
                0x2000019c        0x4 ./src/Final_main.o
                0x2000019c                last_cds_val
 .bss.scale_val
                0x200001a0        0x4 ./src/Final_main.o
                0x200001a0                scale_val
 .bss.last_vr_val
                0x200001a4        0x4 ./src/Final_main.o
                0x200001a4                last_vr_val
 .bss.__malloc_sbrk_start
                0x200001a8        0x4 c:/stm32_eclipse/stm32toolchain/gnu-arm/5.4 2016q3/bin/../lib/gcc/arm-none-eabi/5.4.1/../../../../arm-none-eabi/lib/armv7e-m\libg_nano.a(lib_a-nano-mallocr.o)
                0x200001a8                __malloc_sbrk_start
 .bss.__malloc_free_list
                0x200001ac        0x4 c:/stm32_eclipse/stm32toolchain/gnu-arm/5.4 2016q3/bin/../lib/gcc/arm-none-eabi/5.4.1/../../../../arm-none-eabi/lib/armv7e-m\libg_nano.a(lib_a-nano-mallocr.o)
                0x200001ac                __malloc_free_list
 *(COMMON)
 COMMON         0x200001b0        0x4 ./system/src/stm32f4-hal/stm32f4xx_hal.o
                0x200001b0                uwTick
 COMMON         0x200001b4        0x4 ./system/src/newlib/_syscalls.o
                0x200001b4                errno
 COMMON         0x200001b8      0x428 ./src/Final_main.o
                0x200001b8                AdcHandler2
                0x20000200                timer_ms
                0x20000204                AdcHandler1
                0x2000024c                TIM_OCInit3
                0x20000268                TimHandle5
                0x200002a4                TimHandle4
                0x200002e0                TimHandle2
                0x2000031c                TimHandle12
                0x20000358                timer_m
                0x2000035c                TIM_OCInit5
                0x20000378                data
                0x2000037c                TxBuffer
                0x20000384                AdcHandler3
                0x200003cc                sConfig
                0x200003dc                GPIO_Init_Struct
                0x200003f0                UART_RxBuffer
                0x200004f0                UartHandle1
                0x20000530                timer_s
                0x20000534                TIM_OCInit12
                0x20000550                TimHandle3
                0x2000058c                I2C2Handle
 *(.bss_end .bss_end.*)
 .bss_end       0x200005e0        0x4 ./system/src/newlib/_startup.o
                0x200005e4                . = ALIGN (0x4)
                0x200005e4                __bss_end__ = .
                0x200005e4                _ebss = .

.noinit_CCMRAM
 *(.noinit.CCMRAM .noinit.CCMRAM.*)

.noinit         0x200005e4        0x0
                0x200005e4                _noinit = .
 *(.noinit .noinit.*)
                0x200005e4                . = ALIGN (0x4)
                0x200005e4                _end_noinit = .
                [!provide]                PROVIDE (end, _end_noinit)
                [!provide]                PROVIDE (_end, _end_noinit)
                [!provide]                PROVIDE (__end, _end_noinit)
                [!provide]                PROVIDE (__end__, _end_noinit)

._check_stack   0x200005e4      0x100
                0x200006e4                . = (. + _Minimum_Stack_Size)
 *fill*         0x200005e4      0x100 

.b1text
 *(.b1text)
 *(.b1rodata)
 *(.b1rodata.*)

.eb0text
 *(.eb0text)
 *(.eb0rodata)
 *(.eb0rodata.*)

.eb1text
 *(.eb1text)
 *(.eb1rodata)
 *(.eb1rodata.*)

.eb2text
 *(.eb2text)
 *(.eb2rodata)
 *(.eb2rodata.*)

.eb3text
 *(.eb3text)
 *(.eb3rodata)
 *(.eb3rodata.*)

.stab
 *(.stab)

.stabstr
 *(.stabstr)

.stab.excl
 *(.stab.excl)

.stab.exclstr
 *(.stab.exclstr)

.stab.index
 *(.stab.index)

.stab.indexstr
 *(.stab.indexstr)

.comment        0x00000000       0x6e
 *(.comment)
 .comment       0x00000000       0x6e ./system/src/stm32f4-hal/stm32f4xx_hal.o
                                 0x6f (size before relaxing)
 .comment       0x0000006e       0x6f ./system/src/stm32f4-hal/stm32f4xx_hal_adc.o
 .comment       0x0000006e       0x6f ./system/src/stm32f4-hal/stm32f4xx_hal_adc_ex.o
 .comment       0x0000006e       0x6f ./system/src/stm32f4-hal/stm32f4xx_hal_cortex.o
 .comment       0x0000006e       0x6f ./system/src/stm32f4-hal/stm32f4xx_hal_gpio.o
 .comment       0x0000006e       0x6f ./system/src/stm32f4-hal/stm32f4xx_hal_i2c.o
 .comment       0x0000006e       0x6f ./system/src/stm32f4-hal/stm32f4xx_hal_rcc.o
 .comment       0x0000006e       0x6f ./system/src/stm32f4-hal/stm32f4xx_hal_tim.o
 .comment       0x0000006e       0x6f ./system/src/stm32f4-hal/stm32f4xx_hal_tim_ex.o
 .comment       0x0000006e       0x6f ./system/src/stm32f4-hal/stm32f4xx_hal_uart.o
 .comment       0x0000006e       0x6f ./system/src/newlib/_exit.o
 .comment       0x0000006e       0x6f ./system/src/newlib/_sbrk.o
 .comment       0x0000006e       0x6f ./system/src/newlib/_startup.o
 .comment       0x0000006e       0x6f ./system/src/newlib/_syscalls.o
 .comment       0x0000006e       0x6f ./system/src/newlib/assert.o
 .comment       0x0000006e       0x6f ./system/src/diag/Trace.o
 .comment       0x0000006e       0x6f ./system/src/diag/trace_impl.o
 .comment       0x0000006e       0x6f ./system/src/cortexm/_initialize_hardware.o
 .comment       0x0000006e       0x6f ./system/src/cortexm/exception_handlers.o
 .comment       0x0000006e       0x6f ./system/src/cmsis/system_stm32f4xx.o
 .comment       0x0000006e       0x6f ./system/src/cmsis/vectors_stm32f405xx.o
 .comment       0x0000006e       0x6f ./src/Final_main.o
 .comment       0x0000006e       0x6f ./src/_initialize_hardware.o
 .comment       0x0000006e       0x6f ./src/stm32f4xx_hal_msp.o
 .comment       0x0000006e       0x6f ./src/stm32f4xx_it.o

.ARM.attributes
                0x00000000       0x31
 .ARM.attributes
                0x00000000       0x33 ./system/src/stm32f4-hal/stm32f4xx_hal.o
 .ARM.attributes
                0x00000033       0x33 ./system/src/stm32f4-hal/stm32f4xx_hal_adc.o
 .ARM.attributes
                0x00000066       0x33 ./system/src/stm32f4-hal/stm32f4xx_hal_adc_ex.o
 .ARM.attributes
                0x00000099       0x33 ./system/src/stm32f4-hal/stm32f4xx_hal_cortex.o
 .ARM.attributes
                0x000000cc       0x33 ./system/src/stm32f4-hal/stm32f4xx_hal_gpio.o
 .ARM.attributes
                0x000000ff       0x33 ./system/src/stm32f4-hal/stm32f4xx_hal_i2c.o
 .ARM.attributes
                0x00000132       0x33 ./system/src/stm32f4-hal/stm32f4xx_hal_rcc.o
 .ARM.attributes
                0x00000165       0x33 ./system/src/stm32f4-hal/stm32f4xx_hal_tim.o
 .ARM.attributes
                0x00000198       0x33 ./system/src/stm32f4-hal/stm32f4xx_hal_tim_ex.o
 .ARM.attributes
                0x000001cb       0x33 ./system/src/stm32f4-hal/stm32f4xx_hal_uart.o
 .ARM.attributes
                0x000001fe       0x33 ./system/src/newlib/_exit.o
 .ARM.attributes
                0x00000231       0x33 ./system/src/newlib/_sbrk.o
 .ARM.attributes
                0x00000264       0x33 ./system/src/newlib/_startup.o
 .ARM.attributes
                0x00000297       0x33 ./system/src/newlib/_syscalls.o
 .ARM.attributes
                0x000002ca       0x33 ./system/src/newlib/assert.o
 .ARM.attributes
                0x000002fd       0x33 ./system/src/diag/Trace.o
 .ARM.attributes
                0x00000330       0x33 ./system/src/diag/trace_impl.o
 .ARM.attributes
                0x00000363       0x33 ./system/src/cortexm/_initialize_hardware.o
 .ARM.attributes
                0x00000396       0x33 ./system/src/cortexm/exception_handlers.o
 .ARM.attributes
                0x000003c9       0x33 ./system/src/cmsis/system_stm32f4xx.o
 .ARM.attributes
                0x000003fc       0x33 ./system/src/cmsis/vectors_stm32f405xx.o
 .ARM.attributes
                0x0000042f       0x33 ./src/Final_main.o
 .ARM.attributes
                0x00000462       0x33 ./src/_initialize_hardware.o
 .ARM.attributes
                0x00000495       0x33 ./src/stm32f4xx_hal_msp.o
 .ARM.attributes
                0x000004c8       0x33 ./src/stm32f4xx_it.o
 .ARM.attributes
                0x000004fb       0x2e c:/stm32_eclipse/stm32toolchain/gnu-arm/5.4 2016q3/bin/../lib/gcc/arm-none-eabi/5.4.1/../../../../arm-none-eabi/lib/armv7e-m\libg_nano.a(lib_a-errno.o)
 .ARM.attributes
                0x00000529       0x2e c:/stm32_eclipse/stm32toolchain/gnu-arm/5.4 2016q3/bin/../lib/gcc/arm-none-eabi/5.4.1/../../../../arm-none-eabi/lib/armv7e-m\libg_nano.a(lib_a-impure.o)
 .ARM.attributes
                0x00000557       0x2e c:/stm32_eclipse/stm32toolchain/gnu-arm/5.4 2016q3/bin/../lib/gcc/arm-none-eabi/5.4.1/../../../../arm-none-eabi/lib/armv7e-m\libg_nano.a(lib_a-sprintf.o)
 .ARM.attributes
                0x00000585       0x17 c:/stm32_eclipse/stm32toolchain/gnu-arm/5.4 2016q3/bin/../lib/gcc/arm-none-eabi/5.4.1/../../../../arm-none-eabi/lib/armv7e-m\libg_nano.a(lib_a-strlen.o)
 .ARM.attributes
                0x0000059c       0x2e c:/stm32_eclipse/stm32toolchain/gnu-arm/5.4 2016q3/bin/../lib/gcc/arm-none-eabi/5.4.1/../../../../arm-none-eabi/lib/armv7e-m\libg_nano.a(lib_a-vsnprintf.o)
 .ARM.attributes
                0x000005ca       0x2e c:/stm32_eclipse/stm32toolchain/gnu-arm/5.4 2016q3/bin/../lib/gcc/arm-none-eabi/5.4.1/../../../../arm-none-eabi/lib/armv7e-m\libg_nano.a(lib_a-nano-svfprintf.o)
 .ARM.attributes
                0x000005f8       0x2e c:/stm32_eclipse/stm32toolchain/gnu-arm/5.4 2016q3/bin/../lib/gcc/arm-none-eabi/5.4.1/../../../../arm-none-eabi/lib/armv7e-m\libg_nano.a(lib_a-nano-vfprintf_i.o)
 .ARM.attributes
                0x00000626       0x1c c:/stm32_eclipse/stm32toolchain/gnu-arm/5.4 2016q3/bin/../lib/gcc/arm-none-eabi/5.4.1/../../../../arm-none-eabi/lib/armv7e-m\libg_nano.a(lib_a-memchr.o)
 .ARM.attributes
                0x00000642       0x2e c:/stm32_eclipse/stm32toolchain/gnu-arm/5.4 2016q3/bin/../lib/gcc/arm-none-eabi/5.4.1/../../../../arm-none-eabi/lib/armv7e-m\libg_nano.a(lib_a-memcpy-stub.o)
 .ARM.attributes
                0x00000670       0x2e c:/stm32_eclipse/stm32toolchain/gnu-arm/5.4 2016q3/bin/../lib/gcc/arm-none-eabi/5.4.1/../../../../arm-none-eabi/lib/armv7e-m\libg_nano.a(lib_a-memmove.o)
 .ARM.attributes
                0x0000069e       0x2e c:/stm32_eclipse/stm32toolchain/gnu-arm/5.4 2016q3/bin/../lib/gcc/arm-none-eabi/5.4.1/../../../../arm-none-eabi/lib/armv7e-m\libg_nano.a(lib_a-nano-freer.o)
 .ARM.attributes
                0x000006cc       0x2e c:/stm32_eclipse/stm32toolchain/gnu-arm/5.4 2016q3/bin/../lib/gcc/arm-none-eabi/5.4.1/../../../../arm-none-eabi/lib/armv7e-m\libg_nano.a(lib_a-nano-mallocr.o)
 .ARM.attributes
                0x000006fa       0x2e c:/stm32_eclipse/stm32toolchain/gnu-arm/5.4 2016q3/bin/../lib/gcc/arm-none-eabi/5.4.1/../../../../arm-none-eabi/lib/armv7e-m\libg_nano.a(lib_a-nano-reallocr.o)
 .ARM.attributes
                0x00000728       0x2e c:/stm32_eclipse/stm32toolchain/gnu-arm/5.4 2016q3/bin/../lib/gcc/arm-none-eabi/5.4.1/../../../../arm-none-eabi/lib/armv7e-m\libg_nano.a(lib_a-sbrkr.o)
 .ARM.attributes
                0x00000756       0x2e c:/stm32_eclipse/stm32toolchain/gnu-arm/5.4 2016q3/bin/../lib/gcc/arm-none-eabi/5.4.1/../../../../arm-none-eabi/lib/armv7e-m\libg_nano.a(lib_a-mlock.o)
 .ARM.attributes
                0x00000784       0x2e c:/stm32_eclipse/stm32toolchain/gnu-arm/5.4 2016q3/bin/../lib/gcc/arm-none-eabi/5.4.1/../../../../arm-none-eabi/lib/armv7e-m\libg_nano.a(lib_a-nano-msizer.o)

.debug
 *(.debug)

.line
 *(.line)

.debug_srcinfo
 *(.debug_srcinfo)

.debug_sfnames
 *(.debug_sfnames)

.debug_aranges  0x00000000     0x1098
 *(.debug_aranges)
 .debug_aranges
                0x00000000       0xc0 ./system/src/stm32f4-hal/stm32f4xx_hal.o
 .debug_aranges
                0x000000c0       0xe8 ./system/src/stm32f4-hal/stm32f4xx_hal_adc.o
 .debug_aranges
                0x000001a8       0x90 ./system/src/stm32f4-hal/stm32f4xx_hal_adc_ex.o
 .debug_aranges
                0x00000238       0x98 ./system/src/stm32f4-hal/stm32f4xx_hal_cortex.o
 .debug_aranges
                0x000002d0       0x58 ./system/src/stm32f4-hal/stm32f4xx_hal_gpio.o
 .debug_aranges
                0x00000328      0x268 ./system/src/stm32f4-hal/stm32f4xx_hal_i2c.o
 .debug_aranges
                0x00000590       0x88 ./system/src/stm32f4-hal/stm32f4xx_hal_rcc.o
 .debug_aranges
                0x00000618      0x368 ./system/src/stm32f4-hal/stm32f4xx_hal_tim.o
 .debug_aranges
                0x00000980      0x140 ./system/src/stm32f4-hal/stm32f4xx_hal_tim_ex.o
 .debug_aranges
                0x00000ac0      0x168 ./system/src/stm32f4-hal/stm32f4xx_hal_uart.o
 .debug_aranges
                0x00000c28       0x28 ./system/src/newlib/_exit.o
 .debug_aranges
                0x00000c50       0x20 ./system/src/newlib/_sbrk.o
 .debug_aranges
                0x00000c70       0x40 ./system/src/newlib/_startup.o
 .debug_aranges
                0x00000cb0       0x30 ./system/src/newlib/_syscalls.o
 .debug_aranges
                0x00000ce0       0x28 ./system/src/newlib/assert.o
 .debug_aranges
                0x00000d08       0x38 ./system/src/diag/Trace.o
 .debug_aranges
                0x00000d40       0x30 ./system/src/diag/trace_impl.o
 .debug_aranges
                0x00000d70       0x28 ./system/src/cortexm/_initialize_hardware.o
 .debug_aranges
                0x00000d98       0x88 ./system/src/cortexm/exception_handlers.o
 .debug_aranges
                0x00000e20       0x28 ./system/src/cmsis/system_stm32f4xx.o
 .debug_aranges
                0x00000e48       0x20 ./system/src/cmsis/vectors_stm32f405xx.o
 .debug_aranges
                0x00000e68      0x118 ./src/Final_main.o
 .debug_aranges
                0x00000f80       0x28 ./src/_initialize_hardware.o
 .debug_aranges
                0x00000fa8       0x38 ./src/stm32f4xx_hal_msp.o
 .debug_aranges
                0x00000fe0       0xb8 ./src/stm32f4xx_it.o

.debug_pubnames
 *(.debug_pubnames)

.debug_info     0x00000000    0x151a8
 *(.debug_info .gnu.linkonce.wi.*)
 .debug_info    0x00000000      0x8c7 ./system/src/stm32f4-hal/stm32f4xx_hal.o
 .debug_info    0x000008c7     0x1194 ./system/src/stm32f4-hal/stm32f4xx_hal_adc.o
 .debug_info    0x00001a5b      0xd39 ./system/src/stm32f4-hal/stm32f4xx_hal_adc_ex.o
 .debug_info    0x00002794     0x10e2 ./system/src/stm32f4-hal/stm32f4xx_hal_cortex.o
 .debug_info    0x00003876      0x86a ./system/src/stm32f4-hal/stm32f4xx_hal_gpio.o
 .debug_info    0x000040e0     0x3344 ./system/src/stm32f4-hal/stm32f4xx_hal_i2c.o
 .debug_info    0x00007424      0xf3d ./system/src/stm32f4-hal/stm32f4xx_hal_rcc.o
 .debug_info    0x00008361     0x4315 ./system/src/stm32f4-hal/stm32f4xx_hal_tim.o
 .debug_info    0x0000c676     0x189a ./system/src/stm32f4-hal/stm32f4xx_hal_tim_ex.o
 .debug_info    0x0000df10     0x1631 ./system/src/stm32f4-hal/stm32f4xx_hal_uart.o
 .debug_info    0x0000f541       0xef ./system/src/newlib/_exit.o
 .debug_info    0x0000f630      0x11f ./system/src/newlib/_sbrk.o
 .debug_info    0x0000f74f      0x4f2 ./system/src/newlib/_startup.o
 .debug_info    0x0000fc41      0x1c7 ./system/src/newlib/_syscalls.o
 .debug_info    0x0000fe08      0x1a3 ./system/src/newlib/assert.o
 .debug_info    0x0000ffab      0x2e7 ./system/src/diag/Trace.o
 .debug_info    0x00010292      0x3d7 ./system/src/diag/trace_impl.o
 .debug_info    0x00010669      0x2bf ./system/src/cortexm/_initialize_hardware.o
 .debug_info    0x00010928      0x7b7 ./system/src/cortexm/exception_handlers.o
 .debug_info    0x000110df      0x4b9 ./system/src/cmsis/system_stm32f4xx.o
 .debug_info    0x00011598       0xd1 ./system/src/cmsis/vectors_stm32f405xx.o
 .debug_info    0x00011669     0x2b1f ./src/Final_main.o
 .debug_info    0x00014188      0x4e9 ./src/_initialize_hardware.o
 .debug_info    0x00014671       0xe5 ./src/stm32f4xx_hal_msp.o
 .debug_info    0x00014756      0xa52 ./src/stm32f4xx_it.o

.debug_abbrev   0x00000000     0x2a0b
 *(.debug_abbrev)
 .debug_abbrev  0x00000000      0x235 ./system/src/stm32f4-hal/stm32f4xx_hal.o
 .debug_abbrev  0x00000235      0x27e ./system/src/stm32f4-hal/stm32f4xx_hal_adc.o
 .debug_abbrev  0x000004b3      0x270 ./system/src/stm32f4-hal/stm32f4xx_hal_adc_ex.o
 .debug_abbrev  0x00000723      0x324 ./system/src/stm32f4-hal/stm32f4xx_hal_cortex.o
 .debug_abbrev  0x00000a47      0x204 ./system/src/stm32f4-hal/stm32f4xx_hal_gpio.o
 .debug_abbrev  0x00000c4b      0x237 ./system/src/stm32f4-hal/stm32f4xx_hal_i2c.o
 .debug_abbrev  0x00000e82      0x2d2 ./system/src/stm32f4-hal/stm32f4xx_hal_rcc.o
 .debug_abbrev  0x00001154      0x21b ./system/src/stm32f4-hal/stm32f4xx_hal_tim.o
 .debug_abbrev  0x0000136f      0x21b ./system/src/stm32f4-hal/stm32f4xx_hal_tim_ex.o
 .debug_abbrev  0x0000158a      0x248 ./system/src/stm32f4-hal/stm32f4xx_hal_uart.o
 .debug_abbrev  0x000017d2       0x8e ./system/src/newlib/_exit.o
 .debug_abbrev  0x00001860       0xb9 ./system/src/newlib/_sbrk.o
 .debug_abbrev  0x00001919      0x1b6 ./system/src/newlib/_startup.o
 .debug_abbrev  0x00001acf       0xec ./system/src/newlib/_syscalls.o
 .debug_abbrev  0x00001bbb       0xab ./system/src/newlib/assert.o
 .debug_abbrev  0x00001c66      0x156 ./system/src/diag/Trace.o
 .debug_abbrev  0x00001dbc      0x188 ./system/src/diag/trace_impl.o
 .debug_abbrev  0x00001f44       0xea ./system/src/cortexm/_initialize_hardware.o
 .debug_abbrev  0x0000202e      0x1d4 ./system/src/cortexm/exception_handlers.o
 .debug_abbrev  0x00002202      0x104 ./system/src/cmsis/system_stm32f4xx.o
 .debug_abbrev  0x00002306       0x9d ./system/src/cmsis/vectors_stm32f405xx.o
 .debug_abbrev  0x000023a3      0x2e6 ./src/Final_main.o
 .debug_abbrev  0x00002689      0x14c ./src/_initialize_hardware.o
 .debug_abbrev  0x000027d5       0x6a ./src/stm32f4xx_hal_msp.o
 .debug_abbrev  0x0000283f      0x1cc ./src/stm32f4xx_it.o

.debug_line     0x00000000    0x13d96
 *(.debug_line)
 .debug_line    0x00000000      0xb87 ./system/src/stm32f4-hal/stm32f4xx_hal.o
 .debug_line    0x00000b87     0x1099 ./system/src/stm32f4-hal/stm32f4xx_hal_adc.o
 .debug_line    0x00001c20      0xed2 ./system/src/stm32f4-hal/stm32f4xx_hal_adc_ex.o
 .debug_line    0x00002af2      0xc6a ./system/src/stm32f4-hal/stm32f4xx_hal_cortex.o
 .debug_line    0x0000375c      0xd11 ./system/src/stm32f4-hal/stm32f4xx_hal_gpio.o
 .debug_line    0x0000446d     0x1e7d ./system/src/stm32f4-hal/stm32f4xx_hal_i2c.o
 .debug_line    0x000062ea      0xe39 ./system/src/stm32f4-hal/stm32f4xx_hal_rcc.o
 .debug_line    0x00007123     0x3749 ./system/src/stm32f4-hal/stm32f4xx_hal_tim.o
 .debug_line    0x0000a86c     0x14d2 ./system/src/stm32f4-hal/stm32f4xx_hal_tim_ex.o
 .debug_line    0x0000bd3e     0x1317 ./system/src/stm32f4-hal/stm32f4xx_hal_uart.o
 .debug_line    0x0000d055      0x325 ./system/src/newlib/_exit.o
 .debug_line    0x0000d37a      0x2d6 ./system/src/newlib/_sbrk.o
 .debug_line    0x0000d650      0x39e ./system/src/newlib/_startup.o
 .debug_line    0x0000d9ee      0x3eb ./system/src/newlib/_syscalls.o
 .debug_line    0x0000ddd9      0x360 ./system/src/newlib/assert.o
 .debug_line    0x0000e139      0x393 ./system/src/diag/Trace.o
 .debug_line    0x0000e4cc      0xa90 ./system/src/diag/trace_impl.o
 .debug_line    0x0000ef5c      0xa2b ./system/src/cortexm/_initialize_hardware.o
 .debug_line    0x0000f987      0xb39 ./system/src/cortexm/exception_handlers.o
 .debug_line    0x000104c0      0xa2b ./system/src/cmsis/system_stm32f4xx.o
 .debug_line    0x00010eeb       0xff ./system/src/cmsis/vectors_stm32f405xx.o
 .debug_line    0x00010fea      0xe29 ./src/Final_main.o
 .debug_line    0x00011e13      0xa25 ./src/_initialize_hardware.o
 .debug_line    0x00012838      0xa25 ./src/stm32f4xx_hal_msp.o
 .debug_line    0x0001325d      0xb39 ./src/stm32f4xx_it.o

.debug_frame    0x00000000     0x3120
 *(.debug_frame)
 .debug_frame   0x00000000      0x188 ./system/src/stm32f4-hal/stm32f4xx_hal.o
 .debug_frame   0x00000188      0x27c ./system/src/stm32f4-hal/stm32f4xx_hal_adc.o
 .debug_frame   0x00000404      0x188 ./system/src/stm32f4-hal/stm32f4xx_hal_adc_ex.o
 .debug_frame   0x0000058c      0x17c ./system/src/stm32f4-hal/stm32f4xx_hal_cortex.o
 .debug_frame   0x00000708       0xf8 ./system/src/stm32f4-hal/stm32f4xx_hal_gpio.o
 .debug_frame   0x00000800      0x81c ./system/src/stm32f4-hal/stm32f4xx_hal_i2c.o
 .debug_frame   0x0000101c      0x150 ./system/src/stm32f4-hal/stm32f4xx_hal_rcc.o
 .debug_frame   0x0000116c      0xa8c ./system/src/stm32f4-hal/stm32f4xx_hal_tim.o
 .debug_frame   0x00001bf8      0x3e4 ./system/src/stm32f4-hal/stm32f4xx_hal_tim_ex.o
 .debug_frame   0x00001fdc      0x3e4 ./system/src/stm32f4-hal/stm32f4xx_hal_uart.o
 .debug_frame   0x000023c0       0x38 ./system/src/newlib/_exit.o
 .debug_frame   0x000023f8       0x28 ./system/src/newlib/_sbrk.o
 .debug_frame   0x00002420       0x7c ./system/src/newlib/_startup.o
 .debug_frame   0x0000249c       0x50 ./system/src/newlib/_syscalls.o
 .debug_frame   0x000024ec       0x40 ./system/src/newlib/assert.o
 .debug_frame   0x0000252c       0x94 ./system/src/diag/Trace.o
 .debug_frame   0x000025c0       0x54 ./system/src/diag/trace_impl.o
 .debug_frame   0x00002614       0x40 ./system/src/cortexm/_initialize_hardware.o
 .debug_frame   0x00002654      0x144 ./system/src/cortexm/exception_handlers.o
 .debug_frame   0x00002798       0x30 ./system/src/cmsis/system_stm32f4xx.o
 .debug_frame   0x000027c8       0x20 ./system/src/cmsis/vectors_stm32f405xx.o
 .debug_frame   0x000027e8      0x3bc ./src/Final_main.o
 .debug_frame   0x00002ba4       0x48 ./src/_initialize_hardware.o
 .debug_frame   0x00002bec       0x50 ./src/stm32f4xx_hal_msp.o
 .debug_frame   0x00002c3c      0x1b0 ./src/stm32f4xx_it.o
 .debug_frame   0x00002dec       0x20 c:/stm32_eclipse/stm32toolchain/gnu-arm/5.4 2016q3/bin/../lib/gcc/arm-none-eabi/5.4.1/../../../../arm-none-eabi/lib/armv7e-m\libg_nano.a(lib_a-errno.o)
 .debug_frame   0x00002e0c       0x70 c:/stm32_eclipse/stm32toolchain/gnu-arm/5.4 2016q3/bin/../lib/gcc/arm-none-eabi/5.4.1/../../../../arm-none-eabi/lib/armv7e-m\libg_nano.a(lib_a-sprintf.o)
 .debug_frame   0x00002e7c       0x48 c:/stm32_eclipse/stm32toolchain/gnu-arm/5.4 2016q3/bin/../lib/gcc/arm-none-eabi/5.4.1/../../../../arm-none-eabi/lib/armv7e-m\libg_nano.a(lib_a-vsnprintf.o)
 .debug_frame   0x00002ec4       0x90 c:/stm32_eclipse/stm32toolchain/gnu-arm/5.4 2016q3/bin/../lib/gcc/arm-none-eabi/5.4.1/../../../../arm-none-eabi/lib/armv7e-m\libg_nano.a(lib_a-nano-svfprintf.o)
 .debug_frame   0x00002f54       0x60 c:/stm32_eclipse/stm32toolchain/gnu-arm/5.4 2016q3/bin/../lib/gcc/arm-none-eabi/5.4.1/../../../../arm-none-eabi/lib/armv7e-m\libg_nano.a(lib_a-nano-vfprintf_i.o)
 .debug_frame   0x00002fb4       0x28 c:/stm32_eclipse/stm32toolchain/gnu-arm/5.4 2016q3/bin/../lib/gcc/arm-none-eabi/5.4.1/../../../../arm-none-eabi/lib/armv7e-m\libg_nano.a(lib_a-memcpy-stub.o)
 .debug_frame   0x00002fdc       0x28 c:/stm32_eclipse/stm32toolchain/gnu-arm/5.4 2016q3/bin/../lib/gcc/arm-none-eabi/5.4.1/../../../../arm-none-eabi/lib/armv7e-m\libg_nano.a(lib_a-memmove.o)
 .debug_frame   0x00003004       0x38 c:/stm32_eclipse/stm32toolchain/gnu-arm/5.4 2016q3/bin/../lib/gcc/arm-none-eabi/5.4.1/../../../../arm-none-eabi/lib/armv7e-m\libg_nano.a(lib_a-nano-freer.o)
 .debug_frame   0x0000303c       0x2c c:/stm32_eclipse/stm32toolchain/gnu-arm/5.4 2016q3/bin/../lib/gcc/arm-none-eabi/5.4.1/../../../../arm-none-eabi/lib/armv7e-m\libg_nano.a(lib_a-nano-mallocr.o)
 .debug_frame   0x00003068       0x3c c:/stm32_eclipse/stm32toolchain/gnu-arm/5.4 2016q3/bin/../lib/gcc/arm-none-eabi/5.4.1/../../../../arm-none-eabi/lib/armv7e-m\libg_nano.a(lib_a-nano-reallocr.o)
 .debug_frame   0x000030a4       0x2c c:/stm32_eclipse/stm32toolchain/gnu-arm/5.4 2016q3/bin/../lib/gcc/arm-none-eabi/5.4.1/../../../../arm-none-eabi/lib/armv7e-m\libg_nano.a(lib_a-sbrkr.o)
 .debug_frame   0x000030d0       0x30 c:/stm32_eclipse/stm32toolchain/gnu-arm/5.4 2016q3/bin/../lib/gcc/arm-none-eabi/5.4.1/../../../../arm-none-eabi/lib/armv7e-m\libg_nano.a(lib_a-mlock.o)
 .debug_frame   0x00003100       0x20 c:/stm32_eclipse/stm32toolchain/gnu-arm/5.4 2016q3/bin/../lib/gcc/arm-none-eabi/5.4.1/../../../../arm-none-eabi/lib/armv7e-m\libg_nano.a(lib_a-nano-msizer.o)

.debug_str      0x00000000    0x901bf
 *(.debug_str)
 .debug_str     0x00000000    0x894e0 ./system/src/stm32f4-hal/stm32f4xx_hal.o
                              0x898be (size before relaxing)
 .debug_str     0x000894e0      0x648 ./system/src/stm32f4-hal/stm32f4xx_hal_adc.o
                              0x894a8 (size before relaxing)
 .debug_str     0x00089b28      0x2d5 ./system/src/stm32f4-hal/stm32f4xx_hal_adc_ex.o
                              0x894f7 (size before relaxing)
 .debug_str     0x00089dfd      0x366 ./system/src/stm32f4-hal/stm32f4xx_hal_cortex.o
                              0x8972a (size before relaxing)
 .debug_str     0x0008a163      0x2d7 ./system/src/stm32f4-hal/stm32f4xx_hal_gpio.o
                              0x8915c (size before relaxing)
 .debug_str     0x0008a43a      0xd1c ./system/src/stm32f4-hal/stm32f4xx_hal_i2c.o
                              0x89d54 (size before relaxing)
 .debug_str     0x0008b156      0x37e ./system/src/stm32f4-hal/stm32f4xx_hal_rcc.o
                              0x892fa (size before relaxing)
 .debug_str     0x0008b4d4      0xe5b ./system/src/stm32f4-hal/stm32f4xx_hal_tim.o
                              0x89f04 (size before relaxing)
 .debug_str     0x0008c32f      0x4e2 ./system/src/stm32f4-hal/stm32f4xx_hal_tim_ex.o
                              0x897bc (size before relaxing)
 .debug_str     0x0008c811      0x55c ./system/src/stm32f4-hal/stm32f4xx_hal_uart.o
                              0x895ee (size before relaxing)
 .debug_str     0x0008cd6d     0x10b6 ./system/src/newlib/_exit.o
                               0x6eca (size before relaxing)
 .debug_str     0x0008de23      0x4de ./system/src/newlib/_sbrk.o
                               0x62b5 (size before relaxing)
 .debug_str     0x0008e301      0x2c6 ./system/src/newlib/_startup.o
                               0x5ed0 (size before relaxing)
 .debug_str     0x0008e5c7      0xe18 ./system/src/newlib/_syscalls.o
                               0x7115 (size before relaxing)
 .debug_str     0x0008f3df       0xd5 ./system/src/newlib/assert.o
                               0x79cf (size before relaxing)
 .debug_str     0x0008f4b4      0x169 ./system/src/diag/Trace.o
                               0x76ba (size before relaxing)
 .debug_str     0x0008f61d       0xe0 ./system/src/diag/trace_impl.o
                              0x89ddf (size before relaxing)
 .debug_str     0x0008f6fd       0x5e ./system/src/cortexm/_initialize_hardware.o
                              0x88e0b (size before relaxing)
 .debug_str     0x0008f75b      0x1e5 ./system/src/cortexm/exception_handlers.o
                              0x89f2b (size before relaxing)
 .debug_str     0x0008f940       0x46 ./system/src/cmsis/system_stm32f4xx.o
                              0x88eea (size before relaxing)
 .debug_str     0x0008f986       0x59 ./system/src/cmsis/vectors_stm32f405xx.o
                               0x3087 (size before relaxing)
 .debug_str     0x0008f9df      0x6b0 ./src/Final_main.o
                              0x8b6d0 (size before relaxing)
 .debug_str     0x0009008f       0x31 ./src/_initialize_hardware.o
                              0x88ff0 (size before relaxing)
 .debug_str     0x000900c0       0x3d ./src/stm32f4xx_hal_msp.o
                              0x88d4a (size before relaxing)
 .debug_str     0x000900fd       0xc2 ./src/stm32f4xx_it.o
                              0x89487 (size before relaxing)

.debug_loc      0x00000000     0x9f29
 *(.debug_loc)
 .debug_loc     0x00000000       0x92 ./system/src/stm32f4-hal/stm32f4xx_hal.o
 .debug_loc     0x00000092      0x6c3 ./system/src/stm32f4-hal/stm32f4xx_hal_adc.o
 .debug_loc     0x00000755      0x790 ./system/src/stm32f4-hal/stm32f4xx_hal_adc_ex.o
 .debug_loc     0x00000ee5      0x580 ./system/src/stm32f4-hal/stm32f4xx_hal_cortex.o
 .debug_loc     0x00001465      0x4b0 ./system/src/stm32f4-hal/stm32f4xx_hal_gpio.o
 .debug_loc     0x00001915     0x2fe2 ./system/src/stm32f4-hal/stm32f4xx_hal_i2c.o
 .debug_loc     0x000048f7      0x57a ./system/src/stm32f4-hal/stm32f4xx_hal_rcc.o
 .debug_loc     0x00004e71     0x2713 ./system/src/stm32f4-hal/stm32f4xx_hal_tim.o
 .debug_loc     0x00007584      0xc57 ./system/src/stm32f4-hal/stm32f4xx_hal_tim_ex.o
 .debug_loc     0x000081db     0x1102 ./system/src/stm32f4-hal/stm32f4xx_hal_uart.o
 .debug_loc     0x000092dd       0x82 ./system/src/newlib/_sbrk.o
 .debug_loc     0x0000935f      0x36e ./system/src/newlib/_startup.o
 .debug_loc     0x000096cd       0x63 ./system/src/newlib/_syscalls.o
 .debug_loc     0x00009730      0x110 ./system/src/newlib/assert.o
 .debug_loc     0x00009840      0x102 ./system/src/diag/Trace.o
 .debug_loc     0x00009942       0x97 ./system/src/diag/trace_impl.o
 .debug_loc     0x000099d9      0x184 ./system/src/cortexm/exception_handlers.o
 .debug_loc     0x00009b5d      0x132 ./system/src/cmsis/system_stm32f4xx.o
 .debug_loc     0x00009c8f      0x29a ./src/Final_main.o

.debug_macinfo
 *(.debug_macinfo)

.debug_weaknames
 *(.debug_weaknames)

.debug_funcnames
 *(.debug_funcnames)

.debug_typenames
 *(.debug_typenames)

.debug_varnames
 *(.debug_varnames)
OUTPUT(EP_Final_SW32A21.elf elf32-littlearm)

.debug_ranges   0x00000000      0xf08
 .debug_ranges  0x00000000       0xb0 ./system/src/stm32f4-hal/stm32f4xx_hal.o
 .debug_ranges  0x000000b0       0xd8 ./system/src/stm32f4-hal/stm32f4xx_hal_adc.o
 .debug_ranges  0x00000188       0x80 ./system/src/stm32f4-hal/stm32f4xx_hal_adc_ex.o
 .debug_ranges  0x00000208       0x88 ./system/src/stm32f4-hal/stm32f4xx_hal_cortex.o
 .debug_ranges  0x00000290       0x48 ./system/src/stm32f4-hal/stm32f4xx_hal_gpio.o
 .debug_ranges  0x000002d8      0x258 ./system/src/stm32f4-hal/stm32f4xx_hal_i2c.o
 .debug_ranges  0x00000530       0x78 ./system/src/stm32f4-hal/stm32f4xx_hal_rcc.o
 .debug_ranges  0x000005a8      0x358 ./system/src/stm32f4-hal/stm32f4xx_hal_tim.o
 .debug_ranges  0x00000900      0x130 ./system/src/stm32f4-hal/stm32f4xx_hal_tim_ex.o
 .debug_ranges  0x00000a30      0x158 ./system/src/stm32f4-hal/stm32f4xx_hal_uart.o
 .debug_ranges  0x00000b88       0x18 ./system/src/newlib/_exit.o
 .debug_ranges  0x00000ba0       0x10 ./system/src/newlib/_sbrk.o
 .debug_ranges  0x00000bb0       0x30 ./system/src/newlib/_startup.o
 .debug_ranges  0x00000be0       0x20 ./system/src/newlib/_syscalls.o
 .debug_ranges  0x00000c00       0x18 ./system/src/newlib/assert.o
 .debug_ranges  0x00000c18       0x28 ./system/src/diag/Trace.o
 .debug_ranges  0x00000c40       0x20 ./system/src/diag/trace_impl.o
 .debug_ranges  0x00000c60       0x18 ./system/src/cortexm/_initialize_hardware.o
 .debug_ranges  0x00000c78       0x78 ./system/src/cortexm/exception_handlers.o
 .debug_ranges  0x00000cf0       0x18 ./system/src/cmsis/system_stm32f4xx.o
 .debug_ranges  0x00000d08       0x10 ./system/src/cmsis/vectors_stm32f405xx.o
 .debug_ranges  0x00000d18      0x108 ./src/Final_main.o
 .debug_ranges  0x00000e20       0x18 ./src/_initialize_hardware.o
 .debug_ranges  0x00000e38       0x28 ./src/stm32f4xx_hal_msp.o
 .debug_ranges  0x00000e60       0xa8 ./src/stm32f4xx_it.o

.debug_macro    0x00000000    0x1c26a
 .debug_macro   0x00000000      0x533 ./system/src/stm32f4-hal/stm32f4xx_hal.o
 .debug_macro   0x00000533      0x898 ./system/src/stm32f4-hal/stm32f4xx_hal.o
 .debug_macro   0x00000dcb      0x289 ./system/src/stm32f4-hal/stm32f4xx_hal.o
 .debug_macro   0x00001054       0x31 ./system/src/stm32f4-hal/stm32f4xx_hal.o
 .debug_macro   0x00001085       0x28 ./system/src/stm32f4-hal/stm32f4xx_hal.o
 .debug_macro   0x000010ad      0x34e ./system/src/stm32f4-hal/stm32f4xx_hal.o
 .debug_macro   0x000013fb       0x35 ./system/src/stm32f4-hal/stm32f4xx_hal.o
 .debug_macro   0x00001430       0x50 ./system/src/stm32f4-hal/stm32f4xx_hal.o
 .debug_macro   0x00001480      0xe66 ./system/src/stm32f4-hal/stm32f4xx_hal.o
 .debug_macro   0x000022e6     0x898e ./system/src/stm32f4-hal/stm32f4xx_hal.o
 .debug_macro   0x0000ac74       0x43 ./system/src/stm32f4-hal/stm32f4xx_hal.o
 .debug_macro   0x0000acb7     0x347f ./system/src/stm32f4-hal/stm32f4xx_hal.o
 .debug_macro   0x0000e136       0x22 ./system/src/stm32f4-hal/stm32f4xx_hal.o
 .debug_macro   0x0000e158       0x4c ./system/src/stm32f4-hal/stm32f4xx_hal.o
 .debug_macro   0x0000e1a4       0x8d ./system/src/stm32f4-hal/stm32f4xx_hal.o
 .debug_macro   0x0000e231       0x35 ./system/src/stm32f4-hal/stm32f4xx_hal.o
 .debug_macro   0x0000e266       0x9c ./system/src/stm32f4-hal/stm32f4xx_hal.o
 .debug_macro   0x0000e302       0x16 ./system/src/stm32f4-hal/stm32f4xx_hal.o
 .debug_macro   0x0000e318       0x4a ./system/src/stm32f4-hal/stm32f4xx_hal.o
 .debug_macro   0x0000e362       0x97 ./system/src/stm32f4-hal/stm32f4xx_hal.o
 .debug_macro   0x0000e3f9      0x30d ./system/src/stm32f4-hal/stm32f4xx_hal.o
 .debug_macro   0x0000e706       0xfd ./system/src/stm32f4-hal/stm32f4xx_hal.o
 .debug_macro   0x0000e803       0x10 ./system/src/stm32f4-hal/stm32f4xx_hal.o
 .debug_macro   0x0000e813       0x52 ./system/src/stm32f4-hal/stm32f4xx_hal.o
 .debug_macro   0x0000e865       0x1f ./system/src/stm32f4-hal/stm32f4xx_hal.o
 .debug_macro   0x0000e884       0x43 ./system/src/stm32f4-hal/stm32f4xx_hal.o
 .debug_macro   0x0000e8c7       0x20 ./system/src/stm32f4-hal/stm32f4xx_hal.o
 .debug_macro   0x0000e8e7      0x187 ./system/src/stm32f4-hal/stm32f4xx_hal.o
 .debug_macro   0x0000ea6e       0x10 ./system/src/stm32f4-hal/stm32f4xx_hal.o
 .debug_macro   0x0000ea7e       0x5e ./system/src/stm32f4-hal/stm32f4xx_hal.o
 .debug_macro   0x0000eadc       0x1c ./system/src/stm32f4-hal/stm32f4xx_hal.o
 .debug_macro   0x0000eaf8       0x52 ./system/src/stm32f4-hal/stm32f4xx_hal.o
 .debug_macro   0x0000eb4a       0x40 ./system/src/stm32f4-hal/stm32f4xx_hal.o
 .debug_macro   0x0000eb8a       0x10 ./system/src/stm32f4-hal/stm32f4xx_hal.o
 .debug_macro   0x0000eb9a       0x40 ./system/src/stm32f4-hal/stm32f4xx_hal.o
 .debug_macro   0x0000ebda       0xd7 ./system/src/stm32f4-hal/stm32f4xx_hal.o
 .debug_macro   0x0000ecb1       0x16 ./system/src/stm32f4-hal/stm32f4xx_hal.o
 .debug_macro   0x0000ecc7      0x18b ./system/src/stm32f4-hal/stm32f4xx_hal.o
 .debug_macro   0x0000ee52       0x57 ./system/src/stm32f4-hal/stm32f4xx_hal.o
 .debug_macro   0x0000eea9      0x8a0 ./system/src/stm32f4-hal/stm32f4xx_hal.o
 .debug_macro   0x0000f749      0x9e1 ./system/src/stm32f4-hal/stm32f4xx_hal.o
 .debug_macro   0x0001012a      0x11e ./system/src/stm32f4-hal/stm32f4xx_hal.o
 .debug_macro   0x00010248      0x130 ./system/src/stm32f4-hal/stm32f4xx_hal.o
 .debug_macro   0x00010378       0x27 ./system/src/stm32f4-hal/stm32f4xx_hal.o
 .debug_macro   0x0001039f      0x287 ./system/src/stm32f4-hal/stm32f4xx_hal.o
 .debug_macro   0x00010626       0x5f ./system/src/stm32f4-hal/stm32f4xx_hal.o
 .debug_macro   0x00010685      0x23a ./system/src/stm32f4-hal/stm32f4xx_hal.o
 .debug_macro   0x000108bf      0x391 ./system/src/stm32f4-hal/stm32f4xx_hal.o
 .debug_macro   0x00010c50      0x16f ./system/src/stm32f4-hal/stm32f4xx_hal.o
 .debug_macro   0x00010dbf       0xf9 ./system/src/stm32f4-hal/stm32f4xx_hal.o
 .debug_macro   0x00010eb8      0x36e ./system/src/stm32f4-hal/stm32f4xx_hal.o
 .debug_macro   0x00011226       0x23 ./system/src/stm32f4-hal/stm32f4xx_hal.o
 .debug_macro   0x00011249       0xe6 ./system/src/stm32f4-hal/stm32f4xx_hal.o
 .debug_macro   0x0001132f       0xa1 ./system/src/stm32f4-hal/stm32f4xx_hal.o
 .debug_macro   0x000113d0       0x3c ./system/src/stm32f4-hal/stm32f4xx_hal.o
 .debug_macro   0x0001140c      0x13a ./system/src/stm32f4-hal/stm32f4xx_hal.o
 .debug_macro   0x00011546      0x21e ./system/src/stm32f4-hal/stm32f4xx_hal.o
 .debug_macro   0x00011764       0x2e ./system/src/stm32f4-hal/stm32f4xx_hal.o
 .debug_macro   0x00011792      0x543 ./system/src/stm32f4-hal/stm32f4xx_hal.o
 .debug_macro   0x00011cd5       0x88 ./system/src/stm32f4-hal/stm32f4xx_hal.o
 .debug_macro   0x00011d5d       0xd5 ./system/src/stm32f4-hal/stm32f4xx_hal.o
 .debug_macro   0x00011e32      0x183 ./system/src/stm32f4-hal/stm32f4xx_hal.o
 .debug_macro   0x00011fb5      0x1a7 ./system/src/stm32f4-hal/stm32f4xx_hal.o
 .debug_macro   0x0001215c       0xa5 ./system/src/stm32f4-hal/stm32f4xx_hal.o
 .debug_macro   0x00012201      0x18b ./system/src/stm32f4-hal/stm32f4xx_hal.o
 .debug_macro   0x0001238c       0x24 ./system/src/stm32f4-hal/stm32f4xx_hal.o
 .debug_macro   0x000123b0       0x35 ./system/src/stm32f4-hal/stm32f4xx_hal.o
 .debug_macro   0x000123e5       0x79 ./system/src/stm32f4-hal/stm32f4xx_hal.o
 .debug_macro   0x0001245e      0x11e ./system/src/stm32f4-hal/stm32f4xx_hal.o
 .debug_macro   0x0001257c       0x7f ./system/src/stm32f4-hal/stm32f4xx_hal.o
 .debug_macro   0x000125fb       0x89 ./system/src/stm32f4-hal/stm32f4xx_hal.o
 .debug_macro   0x00012684       0x7e ./system/src/stm32f4-hal/stm32f4xx_hal.o
 .debug_macro   0x00012702      0x31a ./system/src/stm32f4-hal/stm32f4xx_hal.o
 .debug_macro   0x00012a1c      0x409 ./system/src/stm32f4-hal/stm32f4xx_hal.o
 .debug_macro   0x00012e25       0xe4 ./system/src/stm32f4-hal/stm32f4xx_hal.o
 .debug_macro   0x00012f09      0x48d ./system/src/stm32f4-hal/stm32f4xx_hal.o
 .debug_macro   0x00013396      0x22b ./system/src/stm32f4-hal/stm32f4xx_hal.o
 .debug_macro   0x000135c1      0x202 ./system/src/stm32f4-hal/stm32f4xx_hal.o
 .debug_macro   0x000137c3      0x6d9 ./system/src/stm32f4-hal/stm32f4xx_hal.o
 .debug_macro   0x00013e9c       0x5b ./system/src/stm32f4-hal/stm32f4xx_hal.o
 .debug_macro   0x00013ef7      0x14d ./system/src/stm32f4-hal/stm32f4xx_hal.o
 .debug_macro   0x00014044      0x287 ./system/src/stm32f4-hal/stm32f4xx_hal.o
 .debug_macro   0x000142cb      0x225 ./system/src/stm32f4-hal/stm32f4xx_hal.o
 .debug_macro   0x000144f0      0x1b5 ./system/src/stm32f4-hal/stm32f4xx_hal.o
 .debug_macro   0x000146a5      0x2db ./system/src/stm32f4-hal/stm32f4xx_hal.o
 .debug_macro   0x00014980       0x89 ./system/src/stm32f4-hal/stm32f4xx_hal.o
 .debug_macro   0x00014a09      0x1df ./system/src/stm32f4-hal/stm32f4xx_hal.o
 .debug_macro   0x00014be8      0x115 ./system/src/stm32f4-hal/stm32f4xx_hal.o
 .debug_macro   0x00014cfd       0x6e ./system/src/stm32f4-hal/stm32f4xx_hal.o
 .debug_macro   0x00014d6b      0x125 ./system/src/stm32f4-hal/stm32f4xx_hal.o
 .debug_macro   0x00014e90      0x4e6 ./system/src/stm32f4-hal/stm32f4xx_hal_adc.o
 .debug_macro   0x00015376      0x4e5 ./system/src/stm32f4-hal/stm32f4xx_hal_adc_ex.o
 .debug_macro   0x0001585b      0x4e5 ./system/src/stm32f4-hal/stm32f4xx_hal_cortex.o
 .debug_macro   0x00015d40      0x51d ./system/src/stm32f4-hal/stm32f4xx_hal_gpio.o
 .debug_macro   0x0001625d      0x52c ./system/src/stm32f4-hal/stm32f4xx_hal_i2c.o
 .debug_macro   0x00016789      0x50f ./system/src/stm32f4-hal/stm32f4xx_hal_rcc.o
 .debug_macro   0x00016c98      0x4e6 ./system/src/stm32f4-hal/stm32f4xx_hal_tim.o
 .debug_macro   0x0001717e      0x4e5 ./system/src/stm32f4-hal/stm32f4xx_hal_tim_ex.o
 .debug_macro   0x00017663      0x4e6 ./system/src/stm32f4-hal/stm32f4xx_hal_uart.o
 .debug_macro   0x00017b49      0x19c ./system/src/newlib/_exit.o
 .debug_macro   0x00017ce5      0x10e ./system/src/newlib/_exit.o
 .debug_macro   0x00017df3       0x8d ./system/src/newlib/_exit.o
 .debug_macro   0x00017e80       0x35 ./system/src/newlib/_exit.o
 .debug_macro   0x00017eb5      0x151 ./system/src/newlib/_sbrk.o
 .debug_macro   0x00018006      0x174 ./system/src/newlib/_sbrk.o
 .debug_macro   0x0001817a       0x10 ./system/src/newlib/_sbrk.o
 .debug_macro   0x0001818a      0x23b ./system/src/newlib/_sbrk.o
 .debug_macro   0x000183c5      0x15b ./system/src/newlib/_startup.o
 .debug_macro   0x00018520      0x89e ./system/src/newlib/_startup.o
 .debug_macro   0x00018dbe      0x1ff ./system/src/newlib/_syscalls.o
 .debug_macro   0x00018fbd       0x1c ./system/src/newlib/_syscalls.o
 .debug_macro   0x00018fd9       0x10 ./system/src/newlib/_syscalls.o
 .debug_macro   0x00018fe9       0x10 ./system/src/newlib/_syscalls.o
 .debug_macro   0x00018ff9       0x10 ./system/src/newlib/_syscalls.o
 .debug_macro   0x00019009       0x35 ./system/src/newlib/_syscalls.o
 .debug_macro   0x0001903e      0x122 ./system/src/newlib/_syscalls.o
 .debug_macro   0x00019160       0x88 ./system/src/newlib/_syscalls.o
 .debug_macro   0x000191e8       0x2b ./system/src/newlib/_syscalls.o
 .debug_macro   0x00019213      0x118 ./system/src/newlib/_syscalls.o
 .debug_macro   0x0001932b      0x159 ./system/src/newlib/_syscalls.o
 .debug_macro   0x00019484       0x16 ./system/src/newlib/_syscalls.o
 .debug_macro   0x0001949a      0x1b8 ./system/src/newlib/assert.o
 .debug_macro   0x00019652       0x1c ./system/src/newlib/assert.o
 .debug_macro   0x0001966e      0x1d9 ./system/src/diag/Trace.o
 .debug_macro   0x00019847       0x4c ./system/src/diag/Trace.o
 .debug_macro   0x00019893       0x16 ./system/src/diag/Trace.o
 .debug_macro   0x000198a9      0x520 ./system/src/diag/trace_impl.o
 .debug_macro   0x00019dc9      0x4ef ./system/src/cortexm/_initialize_hardware.o
 .debug_macro   0x0001a2b8      0x54e ./system/src/cortexm/exception_handlers.o
 .debug_macro   0x0001a806       0x3b ./system/src/cortexm/exception_handlers.o
 .debug_macro   0x0001a841       0x22 ./system/src/cortexm/exception_handlers.o
 .debug_macro   0x0001a863      0x4eb ./system/src/cmsis/system_stm32f4xx.o
 .debug_macro   0x0001ad4e       0x34 ./system/src/cmsis/vectors_stm32f405xx.o
 .debug_macro   0x0001ad82      0x62f ./src/Final_main.o
 .debug_macro   0x0001b3b1      0x4e5 ./src/_initialize_hardware.o
 .debug_macro   0x0001b896      0x4e5 ./src/stm32f4xx_hal_msp.o
 .debug_macro   0x0001bd7b      0x4ef ./src/stm32f4xx_it.o
